Component: Arm Compiler for Embedded 6.21 Tool: armlink [5ec1fa00]

==============================================================================

Section Cross References

    startup_stm32c031xx.o(RESET) refers to startup_stm32c031xx.o(STACK) for __initial_sp
    startup_stm32c031xx.o(RESET) refers to startup_stm32c031xx.o(.text) for Reset_Handler
    startup_stm32c031xx.o(RESET) refers to stm32c0xx_it.o(.text.NMI_Handler) for NMI_Handler
    startup_stm32c031xx.o(RESET) refers to stm32c0xx_it.o(.text.HardFault_Handler) for HardFault_Handler
    startup_stm32c031xx.o(RESET) refers to stm32c0xx_it.o(.text.SVC_Handler) for SVC_Handler
    startup_stm32c031xx.o(RESET) refers to stm32c0xx_it.o(.text.PendSV_Handler) for PendSV_Handler
    startup_stm32c031xx.o(RESET) refers to stm32c0xx_it.o(.text.SysTick_Handler) for SysTick_Handler
    startup_stm32c031xx.o(RESET) refers to stm32c0xx_it.o(.text.EXTI4_15_IRQHandler) for EXTI4_15_IRQHandler
    startup_stm32c031xx.o(.text) refers to system_stm32c0xx.o(.text.SystemInit) for SystemInit
    startup_stm32c031xx.o(.text) refers to entry.o(.ARM.Collect$$$$00000000) for __main
    main.o(.text.main) refers to printfb.o(i.__0printf$bare) for __2printf
    main.o(.ARM.exidx.text.main) refers to main.o(.text.main) for [Anonymous Symbol]
    stm32c0xx_it.o(.ARM.exidx.text.NMI_Handler) refers to stm32c0xx_it.o(.text.NMI_Handler) for [Anonymous Symbol]
    stm32c0xx_it.o(.ARM.exidx.text.HardFault_Handler) refers to stm32c0xx_it.o(.text.HardFault_Handler) for [Anonymous Symbol]
    stm32c0xx_it.o(.ARM.exidx.text.SVC_Handler) refers to stm32c0xx_it.o(.text.SVC_Handler) for [Anonymous Symbol]
    stm32c0xx_it.o(.ARM.exidx.text.PendSV_Handler) refers to stm32c0xx_it.o(.text.PendSV_Handler) for [Anonymous Symbol]
    stm32c0xx_it.o(.text.SysTick_Handler) refers to stm32c0xx_hal.o(.text.HAL_IncTick) for HAL_IncTick
    stm32c0xx_it.o(.ARM.exidx.text.SysTick_Handler) refers to stm32c0xx_it.o(.text.SysTick_Handler) for [Anonymous Symbol]
    stm32c0xx_it.o(.text.EXTI4_15_IRQHandler) refers to stm32c0xx_nucleo.o(.text.BSP_PB_IRQHandler) for BSP_PB_IRQHandler
    stm32c0xx_it.o(.ARM.exidx.text.EXTI4_15_IRQHandler) refers to stm32c0xx_it.o(.text.EXTI4_15_IRQHandler) for [Anonymous Symbol]
    stm32c0xx_hal_msp.o(.ARM.exidx.text.HAL_MspInit) refers to stm32c0xx_hal_msp.o(.text.HAL_MspInit) for [Anonymous Symbol]
    stm32c0xx_nucleo.o(.ARM.exidx.text.BSP_GetVersion) refers to stm32c0xx_nucleo.o(.text.BSP_GetVersion) for [Anonymous Symbol]
    stm32c0xx_nucleo.o(.ARM.exidx.text.BSP_GetBoardName) refers to stm32c0xx_nucleo.o(.text.BSP_GetBoardName) for [Anonymous Symbol]
    stm32c0xx_nucleo.o(.ARM.exidx.text.BSP_GetBoardID) refers to stm32c0xx_nucleo.o(.text.BSP_GetBoardID) for [Anonymous Symbol]
    stm32c0xx_nucleo.o(.text.BSP_LED_Init) refers to stm32c0xx_hal_gpio.o(.text.HAL_GPIO_Init) for HAL_GPIO_Init
    stm32c0xx_nucleo.o(.text.BSP_LED_Init) refers to stm32c0xx_hal_gpio.o(.text.HAL_GPIO_WritePin) for HAL_GPIO_WritePin
    stm32c0xx_nucleo.o(.text.BSP_LED_Init) refers to stm32c0xx_nucleo.o(.rodata.cst4) for [Anonymous Symbol]
    stm32c0xx_nucleo.o(.text.BSP_LED_Init) refers to stm32c0xx_nucleo.o(.rodata.cst8) for [Anonymous Symbol]
    stm32c0xx_nucleo.o(.ARM.exidx.text.BSP_LED_Init) refers to stm32c0xx_nucleo.o(.text.BSP_LED_Init) for [Anonymous Symbol]
    stm32c0xx_nucleo.o(.text.BSP_LED_DeInit) refers to stm32c0xx_hal_gpio.o(.text.HAL_GPIO_WritePin) for HAL_GPIO_WritePin
    stm32c0xx_nucleo.o(.text.BSP_LED_DeInit) refers to stm32c0xx_hal_gpio.o(.text.HAL_GPIO_DeInit) for HAL_GPIO_DeInit
    stm32c0xx_nucleo.o(.text.BSP_LED_DeInit) refers to stm32c0xx_nucleo.o(.rodata.cst8) for [Anonymous Symbol]
    stm32c0xx_nucleo.o(.text.BSP_LED_DeInit) refers to stm32c0xx_nucleo.o(.rodata.cst4) for [Anonymous Symbol]
    stm32c0xx_nucleo.o(.ARM.exidx.text.BSP_LED_DeInit) refers to stm32c0xx_nucleo.o(.text.BSP_LED_DeInit) for [Anonymous Symbol]
    stm32c0xx_nucleo.o(.text.BSP_LED_On) refers to stm32c0xx_hal_gpio.o(.text.HAL_GPIO_WritePin) for HAL_GPIO_WritePin
    stm32c0xx_nucleo.o(.text.BSP_LED_On) refers to stm32c0xx_nucleo.o(.rodata.cst8) for [Anonymous Symbol]
    stm32c0xx_nucleo.o(.text.BSP_LED_On) refers to stm32c0xx_nucleo.o(.rodata.cst4) for [Anonymous Symbol]
    stm32c0xx_nucleo.o(.ARM.exidx.text.BSP_LED_On) refers to stm32c0xx_nucleo.o(.text.BSP_LED_On) for [Anonymous Symbol]
    stm32c0xx_nucleo.o(.text.BSP_LED_Off) refers to stm32c0xx_hal_gpio.o(.text.HAL_GPIO_WritePin) for HAL_GPIO_WritePin
    stm32c0xx_nucleo.o(.text.BSP_LED_Off) refers to stm32c0xx_nucleo.o(.rodata.cst8) for [Anonymous Symbol]
    stm32c0xx_nucleo.o(.text.BSP_LED_Off) refers to stm32c0xx_nucleo.o(.rodata.cst4) for [Anonymous Symbol]
    stm32c0xx_nucleo.o(.ARM.exidx.text.BSP_LED_Off) refers to stm32c0xx_nucleo.o(.text.BSP_LED_Off) for [Anonymous Symbol]
    stm32c0xx_nucleo.o(.text.BSP_LED_Toggle) refers to stm32c0xx_hal_gpio.o(.text.HAL_GPIO_TogglePin) for HAL_GPIO_TogglePin
[...]
    stm32c0xx_hal_uart.o(.ARM.exidx.text.UART_RxISR_16BIT) refers to stm32c0xx_hal_uart.o(.text.UART_RxISR_16BIT) for [Anonymous Symbol]
    stm32c0xx_hal_uart.o(.text.UART_RxISR_8BIT) refers to stm32c0xx_hal_uart.o(.text.HAL_UARTEx_RxEventCallback) for HAL_UARTEx_RxEventCallback
    stm32c0xx_hal_uart.o(.text.UART_RxISR_8BIT) refers to stm32c0xx_hal_uart.o(.text.HAL_UART_RxCpltCallback) for HAL_UART_RxCpltCallback
    stm32c0xx_hal_uart.o(.ARM.exidx.text.UART_RxISR_8BIT) refers to stm32c0xx_hal_uart.o(.text.UART_RxISR_8BIT) for [Anonymous Symbol]
    stm32c0xx_hal_uart.o(.text.UART_DMAReceiveCplt) refers to stm32c0xx_hal_uart.o(.text.HAL_UARTEx_RxEventCallback) for HAL_UARTEx_RxEventCallback
    stm32c0xx_hal_uart.o(.text.UART_DMAReceiveCplt) refers to stm32c0xx_hal_uart.o(.text.HAL_UART_RxCpltCallback) for HAL_UART_RxCpltCallback
    stm32c0xx_hal_uart.o(.ARM.exidx.text.UART_DMAReceiveCplt) refers to stm32c0xx_hal_uart.o(.text.UART_DMAReceiveCplt) for [Anonymous Symbol]
    stm32c0xx_hal_uart.o(.text.UART_DMARxHalfCplt) refers to stm32c0xx_hal_uart.o(.text.HAL_UARTEx_RxEventCallback) for HAL_UARTEx_RxEventCallback
    stm32c0xx_hal_uart.o(.text.UART_DMARxHalfCplt) refers to stm32c0xx_hal_uart.o(.text.HAL_UART_RxHalfCpltCallback) for HAL_UART_RxHalfCpltCallback
    stm32c0xx_hal_uart.o(.ARM.exidx.text.UART_DMARxHalfCplt) refers to stm32c0xx_hal_uart.o(.text.UART_DMARxHalfCplt) for [Anonymous Symbol]
    system_stm32c0xx.o(.ARM.exidx.text.SystemInit) refers to system_stm32c0xx.o(.text.SystemInit) for [Anonymous Symbol]
    system_stm32c0xx.o(.text.SystemCoreClockUpdate) refers to system_stm32c0xx.o(.data.SystemCoreClock) for SystemCoreClock
    system_stm32c0xx.o(.text.SystemCoreClockUpdate) refers to system_stm32c0xx.o(.rodata.AHBPrescTable) for AHBPrescTable
    system_stm32c0xx.o(.ARM.exidx.text.SystemCoreClockUpdate) refers to system_stm32c0xx.o(.text.SystemCoreClockUpdate) for [Anonymous Symbol]
    entry.o(.ARM.Collect$$$$00000000) refers (Special) to entry10a.o(.ARM.Collect$$$$0000000D) for __rt_final_cpp
    entry.o(.ARM.Collect$$$$00000000) refers (Special) to entry11a.o(.ARM.Collect$$$$0000000F) for __rt_final_exit
    entry.o(.ARM.Collect$$$$00000000) refers (Special) to entry7b.o(.ARM.Collect$$$$00000008) for _main_clock
    entry.o(.ARM.Collect$$$$00000000) refers (Special) to entry8b.o(.ARM.Collect$$$$0000000A) for _main_cpp_init
    entry.o(.ARM.Collect$$$$00000000) refers (Special) to entry9a.o(.ARM.Collect$$$$0000000B) for _main_init
    entry.o(.ARM.Collect$$$$00000000) refers (Special) to entry5.o(.ARM.Collect$$$$00000004) for _main_scatterload
    entry.o(.ARM.Collect$$$$00000000) refers (Special) to entry2.o(.ARM.Collect$$$$00000001) for _main_stk
    printfb.o(i.__0fprintf$bare) refers to printfb.o(i._printf_core) for _printf_core
    printfb.o(i.__0fprintf$bare) refers to stm32c0xx_nucleo.o(.text.fputc) for fputc
    printfb.o(i.__0printf$bare) refers to printfb.o(i._printf_core) for _printf_core
    printfb.o(i.__0printf$bare) refers to stm32c0xx_nucleo.o(.text.fputc) for fputc
    printfb.o(i.__0printf$bare) refers to stdout.o(.data) for __stdout
    printfb.o(i.__0snprintf$bare) refers to printfb.o(i._printf_core) for _printf_core
    printfb.o(i.__0snprintf$bare) refers to printfb.o(i._snputc) for _snputc
    printfb.o(i.__0sprintf$bare) refers to printfb.o(i._printf_core) for _printf_core
    printfb.o(i.__0sprintf$bare) refers to printfb.o(i._sputc) for _sputc
    printfb.o(i.__0vfprintf$bare) refers to printfb.o(i._printf_core) for _printf_core
    printfb.o(i.__0vfprintf$bare) refers to stm32c0xx_nucleo.o(.text.fputc) for fputc
    printfb.o(i.__0vprintf$bare) refers to printfb.o(i._printf_core) for _printf_core
    printfb.o(i.__0vprintf$bare) refers to stm32c0xx_nucleo.o(.text.fputc) for fputc
    printfb.o(i.__0vprintf$bare) refers to stdout.o(.data) for __stdout
    printfb.o(i.__0vsnprintf$bare) refers to printfb.o(i._printf_core) for _printf_core
    printfb.o(i.__0vsnprintf$bare) refers to printfb.o(i._snputc) for _snputc
    printfb.o(i.__0vsprintf$bare) refers to printfb.o(i._printf_core) for _printf_core
    printfb.o(i.__0vsprintf$bare) refers to printfb.o(i._sputc) for _sputc
    printf0.o(i.__0fprintf$0) refers to printf0.o(i._printf_core) for _printf_core
    printf0.o(i.__0fprintf$0) refers to stm32c0xx_nucleo.o(.text.fputc) for fputc
    printf0.o(i.__0printf$0) refers to printf0.o(i._printf_core) for _printf_core
    printf0.o(i.__0printf$0) refers to stm32c0xx_nucleo.o(.text.fputc) for fputc
    printf0.o(i.__0printf$0) refers to stdout.o(.data) for __stdout
    printf0.o(i.__0snprintf$0) refers to printf0.o(i._printf_core) for _printf_core
    printf0.o(i.__0snprintf$0) refers to printf0.o(i._snputc) for _snputc
    printf0.o(i.__0sprintf$0) refers to printf0.o(i._printf_core) for _printf_core
    printf0.o(i.__0sprintf$0) refers to printf0.o(i._sputc) for _sputc
    printf0.o(i.__0vfprintf$0) refers to printf0.o(i._printf_core) for _printf_core
    printf0.o(i.__0vfprintf$0) refers to stm32c0xx_nucleo.o(.text.fputc) for fputc
    printf0.o(i.__0vprintf$0) refers to printf0.o(i._printf_core) for _printf_core
    printf0.o(i.__0vprintf$0) refers to stm32c0xx_nucleo.o(.text.fputc) for fputc
    printf0.o(i.__0vprintf$0) refers to stdout.o(.data) for __stdout
    printf0.o(i.__0vsnprintf$0) refers to printf0.o(i._printf_core) for _printf_core
    printf0.o(i.__0vsnprintf$0) refers to printf0.o(i._snputc) for _snputc
    printf0.o(i.__0vsprintf$0) refers to printf0.o(i._printf_core) for _printf_core
    printf0.o(i.__0vsprintf$0) refers to printf0.o(i._sputc) for _sputc
    printf1.o(i.__0fprintf$1) refers to printf1.o(i._printf_core) for _printf_core
    printf1.o(i.__0fprintf$1) refers to stm32c0xx_nucleo.o(.text.fputc) for fputc
    printf1.o(i.__0printf$1) refers to printf1.o(i._printf_core) for _printf_core
    printf1.o(i.__0printf$1) refers to stm32c0xx_nucleo.o(.text.fputc) for fputc
    printf1.o(i.__0printf$1) refers to stdout.o(.data) for __stdout
    printf1.o(i.__0snprintf$1) refers to printf1.o(i._printf_core) for _printf_core
    printf1.o(i.__0snprintf$1) refers to printf1.o(i._snputc) for _snputc
    printf1.o(i.__0sprintf$1) refers to printf1.o(i._printf_core) for _printf_core
    printf1.o(i.__0sprintf$1) refers to printf1.o(i._sputc) for _sputc
    printf1.o(i.__0vfprintf$1) refers to printf1.o(i._printf_core) for _printf_core
    printf1.o(i.__0vfprintf$1) refers to stm32c0xx_nucleo.o(.text.fputc) for fputc
    printf1.o(i.__0vprintf$1) refers to printf1.o(i._printf_core) for _printf_core
    printf1.o(i.__0vprintf$1) refers to stm32c0xx_nucleo.o(.text.fputc) for fputc
    printf1.o(i.__0vprintf$1) refers to stdout.o(.data) for __stdout
    printf1.o(i.__0vsnprintf$1) refers to printf1.o(i._printf_core) for _printf_core
    printf1.o(i.__0vsnprintf$1) refers to printf1.o(i._snputc) for _snputc
    printf1.o(i.__0vsprintf$1) refers to printf1.o(i._printf_core) for _printf_core
    printf1.o(i.__0vsprintf$1) refers to printf1.o(i._sputc) for _sputc
    printf1.o(i._printf_core) refers to uidiv_div0.o(.text) for __aeabi_uidivmod
    printf2.o(i.__0fprintf$2) refers to printf2.o(i._printf_core) for _printf_core
    printf2.o(i.__0fprintf$2) refers to stm32c0xx_nucleo.o(.text.fputc) for fputc
    printf2.o(i.__0printf$2) refers to printf2.o(i._printf_core) for _printf_core
    printf2.o(i.__0printf$2) refers to stm32c0xx_nucleo.o(.text.fputc) for fputc
    printf2.o(i.__0printf$2) refers to stdout.o(.data) for __stdout
    printf2.o(i.__0snprintf$2) refers to printf2.o(i._printf_core) for _printf_core
    printf2.o(i.__0snprintf$2) refers to printf2.o(i._snputc) for _snputc
    printf2.o(i.__0sprintf$2) refers to printf2.o(i._printf_core) for _printf_core
    printf2.o(i.__0sprintf$2) refers to printf2.o(i._sputc) for _sputc
    printf2.o(i.__0vfprintf$2) refers to printf2.o(i._printf_core) for _printf_core
    printf2.o(i.__0vfprintf$2) refers to stm32c0xx_nucleo.o(.text.fputc) for fputc
    printf2.o(i.__0vprintf$2) refers to printf2.o(i._printf_core) for _printf_core
    printf2.o(i.__0vprintf$2) refers to stm32c0xx_nucleo.o(.text.fputc) for fputc
    printf2.o(i.__0vprintf$2) refers to stdout.o(.data) for __stdout
    printf2.o(i.__0vsnprintf$2) refers to printf2.o(i._printf_core) for _printf_core
    printf2.o(i.__0vsnprintf$2) refers to printf2.o(i._snputc) for _snputc
    printf2.o(i.__0vsprintf$2) refers to printf2.o(i._printf_core) for _printf_core
    printf2.o(i.__0vsprintf$2) refers to printf2.o(i._sputc) for _sputc
    printf3.o(i.__0fprintf$3) refers to printf3.o(i._printf_core) for _printf_core
    printf3.o(i.__0fprintf$3) refers to stm32c0xx_nucleo.o(.text.fputc) for fputc
    printf3.o(i.__0printf$3) refers to printf3.o(i._printf_core) for _printf_core
    printf3.o(i.__0printf$3) refers to stm32c0xx_nucleo.o(.text.fputc) for fputc
    printf3.o(i.__0printf$3) refers to stdout.o(.data) for __stdout
    printf3.o(i.__0snprintf$3) refers to printf3.o(i._printf_core) for _printf_core
    printf3.o(i.__0snprintf$3) refers to printf3.o(i._snputc) for _snputc
    printf3.o(i.__0sprintf$3) refers to printf3.o(i._printf_core) for _printf_core
    printf3.o(i.__0sprintf$3) refers to printf3.o(i._sputc) for _sputc
    printf3.o(i.__0vfprintf$3) refers to printf3.o(i._printf_core) for _printf_core
    printf3.o(i.__0vfprintf$3) refers to stm32c0xx_nucleo.o(.text.fputc) for fputc
    printf3.o(i.__0vprintf$3) refers to printf3.o(i._printf_core) for _printf_core
    printf3.o(i.__0vprintf$3) refers to stm32c0xx_nucleo.o(.text.fputc) for fputc
    printf3.o(i.__0vprintf$3) refers to stdout.o(.data) for __stdout
    printf3.o(i.__0vsnprintf$3) refers to printf3.o(i._printf_core) for _printf_core
    printf3.o(i.__0vsnprintf$3) refers to printf3.o(i._snputc) for _snputc
    printf3.o(i.__0vsprintf$3) refers to printf3.o(i._printf_core) for _printf_core
    printf3.o(i.__0vsprintf$3) refers to printf3.o(i._sputc) for _sputc
    printf3.o(i._printf_core) refers to uidiv_div0.o(.text) for __aeabi_uidivmod
    printf4.o(i.__0fprintf$4) refers to printf4.o(i._printf_core) for _printf_core
    printf4.o(i.__0fprintf$4) refers to stm32c0xx_nucleo.o(.text.fputc) for fputc
    printf4.o(i.__0printf$4) refers to printf4.o(i._printf_core) for _printf_core
    printf4.o(i.__0printf$4) refers to stm32c0xx_nucleo.o(.text.fputc) for fputc
    printf4.o(i.__0printf$4) refers to stdout.o(.data) for __stdout
    printf4.o(i.__0snprintf$4) refers to printf4.o(i._printf_core) for _printf_core
    printf4.o(i.__0snprintf$4) refers to printf4.o(i._snputc) for _snputc
    printf4.o(i.__0sprintf$4) refers to printf4.o(i._printf_core) for _printf_core
    printf4.o(i.__0sprintf$4) refers to printf4.o(i._sputc) for _sputc
    printf4.o(i.__0vfprintf$4) refers to printf4.o(i._printf_core) for _printf_core
    printf4.o(i.__0vfprintf$4) refers to stm32c0xx_nucleo.o(.text.fputc) for fputc
    printf4.o(i.__0vprintf$4) refers to printf4.o(i._printf_core) for _printf_core
    printf4.o(i.__0vprintf$4) refers to stm32c0xx_nucleo.o(.text.fputc) for fputc
    printf4.o(i.__0vprintf$4) refers to stdout.o(.data) for __stdout
    printf4.o(i.__0vsnprintf$4) refers to printf4.o(i._printf_core) for _printf_core
    printf4.o(i.__0vsnprintf$4) refers to printf4.o(i._snputc) for _snputc
    printf4.o(i.__0vsprintf$4) refers to printf4.o(i._printf_core) for _printf_core
    printf4.o(i.__0vsprintf$4) refers to printf4.o(i._sputc) for _sputc
    printf4.o(i._printf_core) refers to uldiv.o(.text) for __aeabi_uldivmod
    printf5.o(i.__0fprintf$5) refers to printf5.o(i._printf_core) for _printf_core
    printf5.o(i.__0fprintf$5) refers to stm32c0xx_nucleo.o(.text.fputc) for fputc
    printf5.o(i.__0printf$5) refers to printf5.o(i._printf_core) for _printf_core
    printf5.o(i.__0printf$5) refers to stm32c0xx_nucleo.o(.text.fputc) for fputc
    printf5.o(i.__0printf$5) refers to stdout.o(.data) for __stdout
    printf5.o(i.__0snprintf$5) refers to printf5.o(i._printf_core) for _printf_core
    printf5.o(i.__0snprintf$5) refers to printf5.o(i._snputc) for _snputc
    printf5.o(i.__0sprintf$5) refers to printf5.o(i._printf_core) for _printf_core
    printf5.o(i.__0sprintf$5) refers to printf5.o(i._sputc) for _sputc
    printf5.o(i.__0vfprintf$5) refers to printf5.o(i._printf_core) for _printf_core
    printf5.o(i.__0vfprintf$5) refers to stm32c0xx_nucleo.o(.text.fputc) for fputc
    printf5.o(i.__0vprintf$5) refers to printf5.o(i._printf_core) for _printf_core
    printf5.o(i.__0vprintf$5) refers to stm32c0xx_nucleo.o(.text.fputc) for fputc
    printf5.o(i.__0vprintf$5) refers to stdout.o(.data) for __stdout
    printf5.o(i.__0vsnprintf$5) refers to printf5.o(i._printf_core) for _printf_core
    printf5.o(i.__0vsnprintf$5) refers to printf5.o(i._snputc) for _snputc
    printf5.o(i.__0vsprintf$5) refers to printf5.o(i._printf_core) for _printf_core
    printf5.o(i.__0vsprintf$5) refers to printf5.o(i._sputc) for _sputc
    printf5.o(i._printf_core) refers to uldiv.o(.text) for __aeabi_uldivmod
    printf6.o(i.__0fprintf$6) refers to printf6.o(i._printf_core) for _printf_core
    printf6.o(i.__0fprintf$6) refers to stm32c0xx_nucleo.o(.text.fputc) for fputc
    printf6.o(i.__0printf$6) refers to printf6.o(i._printf_core) for _printf_core
    printf6.o(i.__0printf$6) refers to stm32c0xx_nucleo.o(.text.fputc) for fputc
    printf6.o(i.__0printf$6) refers to stdout.o(.data) for __stdout
    printf6.o(i.__0snprintf$6) refers to printf6.o(i._printf_core) for _printf_core
    printf6.o(i.__0snprintf$6) refers to printf6.o(i._snputc) for _snputc
    printf6.o(i.__0sprintf$6) refers to printf6.o(i._printf_core) for _printf_core
    printf6.o(i.__0sprintf$6) refers to printf6.o(i._sputc) for _sputc
    printf6.o(i.__0vfprintf$6) refers to printf6.o(i._printf_core) for _printf_core
    printf6.o(i.__0vfprintf$6) refers to stm32c0xx_nucleo.o(.text.fputc) for fputc
    printf6.o(i.__0vprintf$6) refers to printf6.o(i._printf_core) for _printf_core
    printf6.o(i.__0vprintf$6) refers to stm32c0xx_nucleo.o(.text.fputc) for fputc
    printf6.o(i.__0vprintf$6) refers to stdout.o(.data) for __stdout
    printf6.o(i.__0vsnprintf$6) refers to printf6.o(i._printf_core) for _printf_core
    printf6.o(i.__0vsnprintf$6) refers to printf6.o(i._snputc) for _snputc
    printf6.o(i.__0vsprintf$6) refers to printf6.o(i._printf_core) for _printf_core
    printf6.o(i.__0vsprintf$6) refers to printf6.o(i._sputc) for _sputc
    printf6.o(i._printf_core) refers to printf6.o(i._printf_pre_padding) for _printf_pre_padding
    printf6.o(i._printf_core) refers to printf6.o(i._printf_post_padding) for _printf_post_padding
    printf6.o(i._printf_core) refers to uidiv_div0.o(.text) for __aeabi_uidivmod
    printf7.o(i.__0fprintf$7) refers to printf7.o(i._printf_core) for _printf_core
    printf7.o(i.__0fprintf$7) refers to stm32c0xx_nucleo.o(.text.fputc) for fputc
    printf7.o(i.__0printf$7) refers to printf7.o(i._printf_core) for _printf_core
    printf7.o(i.__0printf$7) refers to stm32c0xx_nucleo.o(.text.fputc) for fputc
    printf7.o(i.__0printf$7) refers to stdout.o(.data) for __stdout
    printf7.o(i.__0snprintf$7) refers to printf7.o(i._printf_core) for _printf_core
    printf7.o(i.__0snprintf$7) refers to printf7.o(i._snputc) for _snputc
    printf7.o(i.__0sprintf$7) refers to printf7.o(i._printf_core) for _printf_core
    printf7.o(i.__0sprintf$7) refers to printf7.o(i._sputc) for _sputc
    printf7.o(i.__0vfprintf$7) refers to printf7.o(i._printf_core) for _printf_core
    printf7.o(i.__0vfprintf$7) refers to stm32c0xx_nucleo.o(.text.fputc) for fputc
    printf7.o(i.__0vprintf$7) refers to printf7.o(i._printf_core) for _printf_core
    printf7.o(i.__0vprintf$7) refers to stm32c0xx_nucleo.o(.text.fputc) for fputc
    printf7.o(i.__0vprintf$7) refers to stdout.o(.data) for __stdout
    printf7.o(i.__0vsnprintf$7) refers to printf7.o(i._printf_core) for _printf_core
    printf7.o(i.__0vsnprintf$7) refers to printf7.o(i._snputc) for _snputc
    printf7.o(i.__0vsprintf$7) refers to printf7.o(i._printf_core) for _printf_core
    printf7.o(i.__0vsprintf$7) refers to printf7.o(i._sputc) for _sputc
    printf7.o(i._printf_core) refers to printf7.o(i._printf_pre_padding) for _printf_pre_padding
    printf7.o(i._printf_core) refers to printf7.o(i._printf_post_padding) for _printf_post_padding
    printf7.o(i._printf_core) refers to uldiv.o(.text) for __aeabi_uldivmod
    printf8.o(i.__0fprintf$8) refers to printf8.o(i._printf_core) for _printf_core
    printf8.o(i.__0fprintf$8) refers to stm32c0xx_nucleo.o(.text.fputc) for fputc
    printf8.o(i.__0printf$8) refers to printf8.o(i._printf_core) for _printf_core
    printf8.o(i.__0printf$8) refers to stm32c0xx_nucleo.o(.text.fputc) for fputc
    printf8.o(i.__0printf$8) refers to stdout.o(.data) for __stdout
    printf8.o(i.__0snprintf$8) refers to printf8.o(i._printf_core) for _printf_core
    printf8.o(i.__0snprintf$8) refers to printf8.o(i._snputc) for _snputc
    printf8.o(i.__0sprintf$8) refers to printf8.o(i._printf_core) for _printf_core
    printf8.o(i.__0sprintf$8) refers to printf8.o(i._sputc) for _sputc
    printf8.o(i.__0vfprintf$8) refers to printf8.o(i._printf_core) for _printf_core
    printf8.o(i.__0vfprintf$8) refers to stm32c0xx_nucleo.o(.text.fputc) for fputc
    printf8.o(i.__0vprintf$8) refers to printf8.o(i._printf_core) for _printf_core
    printf8.o(i.__0vprintf$8) refers to stm32c0xx_nucleo.o(.text.fputc) for fputc
    printf8.o(i.__0vprintf$8) refers to stdout.o(.data) for __stdout
    printf8.o(i.__0vsnprintf$8) refers to printf8.o(i._printf_core) for _printf_core
    printf8.o(i.__0vsnprintf$8) refers to printf8.o(i._snputc) for _snputc
    printf8.o(i.__0vsprintf$8) refers to printf8.o(i._printf_core) for _printf_core
    printf8.o(i.__0vsprintf$8) refers to printf8.o(i._sputc) for _sputc
    printf8.o(i._printf_core) refers to printf8.o(i._printf_pre_padding) for _printf_pre_padding
    printf8.o(i._printf_core) refers to printf8.o(i._printf_post_padding) for _printf_post_padding
    printf8.o(i._printf_core) refers to uldiv.o(.text) for __aeabi_uldivmod
    printfa.o(i.__0fprintf) refers (Special) to iusefp.o(.text) for __I$use$fp
    printfa.o(i.__0fprintf) refers to printfa.o(i._printf_core) for _printf_core
    printfa.o(i.__0fprintf) refers to stm32c0xx_nucleo.o(.text.fputc) for fputc
    printfa.o(i.__0printf) refers (Special) to iusefp.o(.text) for __I$use$fp
    printfa.o(i.__0printf) refers to printfa.o(i._printf_core) for _printf_core
    printfa.o(i.__0printf) refers to stm32c0xx_nucleo.o(.text.fputc) for fputc
    printfa.o(i.__0printf) refers to stdout.o(.data) for __stdout
    printfa.o(i.__0snprintf) refers (Special) to iusefp.o(.text) for __I$use$fp
    printfa.o(i.__0snprintf) refers to printfa.o(i._printf_core) for _printf_core
    printfa.o(i.__0snprintf) refers to printfa.o(i._snputc) for _snputc
    printfa.o(i.__0sprintf) refers (Special) to iusefp.o(.text) for __I$use$fp
    printfa.o(i.__0sprintf) refers to printfa.o(i._printf_core) for _printf_core
    printfa.o(i.__0sprintf) refers to printfa.o(i._sputc) for _sputc
    printfa.o(i.__0vfprintf) refers (Special) to iusefp.o(.text) for __I$use$fp
    printfa.o(i.__0vfprintf) refers to printfa.o(i._printf_core) for _printf_core
    printfa.o(i.__0vfprintf) refers to stm32c0xx_nucleo.o(.text.fputc) for fputc
    printfa.o(i.__0vprintf) refers (Special) to iusefp.o(.text) for __I$use$fp
    printfa.o(i.__0vprintf) refers to printfa.o(i._printf_core) for _printf_core
    printfa.o(i.__0vprintf) refers to stm32c0xx_nucleo.o(.text.fputc) for fputc
    printfa.o(i.__0vprintf) refers to stdout.o(.data) for __stdout
    printfa.o(i.__0vsnprintf) refers (Special) to iusefp.o(.text) for __I$use$fp
    printfa.o(i.__0vsnprintf) refers to printfa.o(i._printf_core) for _printf_core
    printfa.o(i.__0vsnprintf) refers to printfa.o(i._snputc) for _snputc
    printfa.o(i.__0vsprintf) refers (Special) to iusefp.o(.text) for __I$use$fp
    printfa.o(i.__0vsprintf) refers to printfa.o(i._printf_core) for _printf_core
    printfa.o(i.__0vsprintf) refers to printfa.o(i._sputc) for _sputc
    printfa.o(i._fp_digits) refers (Special) to iusefp.o(.text) for __I$use$fp
    printfa.o(i._fp_digits) refers to dmul.o(.text) for __aeabi_dmul
    printfa.o(i._fp_digits) refers to ddiv.o(.text) for __aeabi_ddiv
    printfa.o(i._fp_digits) refers to cdrcmple.o(.text) for __aeabi_cdrcmple
    printfa.o(i._fp_digits) refers to dadd.o(.text) for __aeabi_dadd
    printfa.o(i._fp_digits) refers to dfixul.o(.text) for __aeabi_d2ulz
    printfa.o(i._fp_digits) refers to uldiv.o(.text) for __aeabi_uldivmod
    printfa.o(i._printf_core) refers (Special) to iusefp.o(.text) for __I$use$fp
    printfa.o(i._printf_core) refers to printfa.o(i._printf_pre_padding) for _printf_pre_padding
    printfa.o(i._printf_core) refers to uldiv.o(.text) for __aeabi_uldivmod
    printfa.o(i._printf_core) refers to printfa.o(i._printf_post_padding) for _printf_post_padding
    printfa.o(i._printf_core) refers to printfa.o(i._fp_digits) for _fp_digits
    printfa.o(i._printf_core) refers to uidiv_div0.o(.text) for __aeabi_uidivmod
    printfa.o(i._printf_post_padding) refers (Special) to iusefp.o(.text) for __I$use$fp
    printfa.o(i._printf_pre_padding) refers (Special) to iusefp.o(.text) for __I$use$fp
    printfa.o(i._snputc) refers (Special) to iusefp.o(.text) for __I$use$fp
    printfa.o(i._sputc) refers (Special) to iusefp.o(.text) for __I$use$fp
    entry2.o(.ARM.Collect$$$$00000001) refers to entry2.o(.ARM.Collect$$$$00002712) for __lit__00000000
    entry2.o(.ARM.Collect$$$$00002712) refers to startup_stm32c031xx.o(STACK) for __initial_sp
    entry2.o(__vectab_stack_and_reset_area) refers to startup_stm32c031xx.o(STACK) for __initial_sp
    entry2.o(__vectab_stack_and_reset_area) refers to entry.o(.ARM.Collect$$$$00000000) for __main
    entry5.o(.ARM.Collect$$$$00000004) refers to init.o(.text) for __scatterload
    entry9a.o(.ARM.Collect$$$$0000000B) refers to main.o(.text.main) for main
    entry9b.o(.ARM.Collect$$$$0000000C) refers to main.o(.text.main) for main
    idiv_div0.o(.text) refers to uidiv_div0.o(.text) for __aeabi_uidivmod
    uldiv.o(.text) refers to llushr.o(.text) for __aeabi_llsr
    uldiv.o(.text) refers to llshl.o(.text) for __aeabi_llsl
    dadd.o(.text) refers (Special) to iusefp.o(.text) for __I$use$fp
    dadd.o(.text) refers to llshl.o(.text) for __aeabi_llsl
    dadd.o(.text) refers to llsshr.o(.text) for __aeabi_lasr
    dadd.o(.text) refers to depilogue.o(.text) for _double_epilogue
    dmul.o(.text) refers (Special) to iusefp.o(.text) for __I$use$fp
    dmul.o(.text) refers to depilogue.o(.text) for _double_epilogue
    ddiv.o(.text) refers (Special) to iusefp.o(.text) for __I$use$fp
    ddiv.o(.text) refers to depilogue.o(.text) for _double_round
    dfixul.o(.text) refers (Special) to iusefp.o(.text) for __I$use$fp
    dfixul.o(.text) refers to llushr.o(.text) for __aeabi_llsr
    dfixul.o(.text) refers to llshl.o(.text) for __aeabi_llsl
    cdrcmple.o(.text) refers (Special) to iusefp.o(.text) for __I$use$fp
    init.o(.text) refers to entry5.o(.ARM.Collect$$$$00000004) for __main_after_scatterload
    depilogue.o(.text) refers (Special) to iusefp.o(.text) for __I$use$fp
    depilogue.o(.text) refers to depilogue.o(i.__ARM_clz) for __ARM_clz
    depilogue.o(.text) refers to llshl.o(.text) for __aeabi_llsl
    depilogue.o(.text) refers to llushr.o(.text) for __aeabi_llsr
    depilogue.o(i.__ARM_clz) refers (Special) to iusefp.o(.text) for __I$use$fp


==============================================================================

Removing Unused input sections from the image.

    Removing startup_stm32c031xx.o(HEAP), (512 bytes).
    Removing main.o(.text), (0 bytes).
    Removing main.o(.ARM.exidx.text.main), (8 bytes).
    Removing main.o(.ARM.use_no_argv), (4 bytes).
    Removing stm32c0xx_it.o(.text), (0 bytes).
    Removing stm32c0xx_it.o(.ARM.exidx.text.NMI_Handler), (8 bytes).
    Removing stm32c0xx_it.o(.ARM.exidx.text.HardFault_Handler), (8 bytes).
    Removing stm32c0xx_it.o(.ARM.exidx.text.SVC_Handler), (8 bytes).
    Removing stm32c0xx_it.o(.ARM.exidx.text.PendSV_Handler), (8 bytes).
    Removing stm32c0xx_it.o(.ARM.exidx.text.SysTick_Handler), (8 bytes).
    Removing stm32c0xx_it.o(.ARM.exidx.text.EXTI4_15_IRQHandler), (8 bytes).
    Removing stm32c0xx_hal_msp.o(.text), (0 bytes).
    Removing stm32c0xx_hal_msp.o(.text.HAL_MspInit), (44 bytes).
    Removing stm32c0xx_hal_msp.o(.ARM.exidx.text.HAL_MspInit), (8 bytes).
    Removing stm32c0xx_nucleo.o(.text), (0 bytes).
    Removing stm32c0xx_nucleo.o(.text.BSP_GetVersion), (8 bytes).
    Removing stm32c0xx_nucleo.o(.ARM.exidx.text.BSP_GetVersion), (8 bytes).
    Removing stm32c0xx_nucleo.o(.text.BSP_GetBoardName), (20 bytes).
    Removing stm32c0xx_nucleo.o(.ARM.exidx.text.BSP_GetBoardName), (8 bytes).
    Removing stm32c0xx_nucleo.o(.text.BSP_GetBoardID), (12 bytes).
    Removing stm32c0xx_nucleo.o(.ARM.exidx.text.BSP_GetBoardID), (8 bytes).
    Removing stm32c0xx_nucleo.o(.text.BSP_LED_Init), (116 bytes).
    Removing stm32c0xx_nucleo.o(.ARM.exidx.text.BSP_LED_Init), (8 bytes).
    Removing stm32c0xx_nucleo.o(.text.BSP_LED_DeInit), (76 bytes).
    Removing stm32c0xx_nucleo.o(.ARM.exidx.text.BSP_LED_DeInit), (8 bytes).
    Removing stm32c0xx_nucleo.o(.text.BSP_LED_On), (68 bytes).
    Removing stm32c0xx_nucleo.o(.ARM.exidx.text.BSP_LED_On), (8 bytes).
    Removing stm32c0xx_nucleo.o(.text.BSP_LED_Off), (68 bytes).
    Removing stm32c0xx_nucleo.o(.ARM.exidx.text.BSP_LED_Off), (8 bytes).
    Removing stm32c0xx_nucleo.o(.text.BSP_LED_Toggle), (44 bytes).
    Removing stm32c0xx_nucleo.o(.ARM.exidx.text.BSP_LED_Toggle), (8 bytes).
    Removing stm32c0xx_nucleo.o(.text.BSP_LED_GetState), (40 bytes).
    Removing stm32c0xx_nucleo.o(.ARM.exidx.text.BSP_LED_GetState), (8 bytes).
    Removing stm32c0xx_nucleo.o(.text.BSP_PB_Init), (140 bytes).
    Removing stm32c0xx_nucleo.o(.ARM.exidx.text.BSP_PB_Init), (8 bytes).
    Removing stm32c0xx_nucleo.o(.text.BUTTON_USER_EXTI_Callback), (10 bytes).
    Removing stm32c0xx_nucleo.o(.ARM.exidx.text.BUTTON_USER_EXTI_Callback), (8 bytes).
    Removing stm32c0xx_nucleo.o(.text.BSP_PB_DeInit), (28 bytes).
    Removing stm32c0xx_nucleo.o(.ARM.exidx.text.BSP_PB_DeInit), (8 bytes).
    Removing stm32c0xx_nucleo.o(.text.BSP_PB_GetState), (20 bytes).
    Removing stm32c0xx_nucleo.o(.ARM.exidx.text.BSP_PB_GetState), (8 bytes).
    Removing stm32c0xx_nucleo.o(.ARM.exidx.text.BSP_PB_IRQHandler), (8 bytes).
    Removing stm32c0xx_nucleo.o(.text.BSP_PB_Callback), (2 bytes).
    Removing stm32c0xx_nucleo.o(.ARM.exidx.text.BSP_PB_Callback), (8 bytes).
    Removing stm32c0xx_nucleo.o(.text.BSP_COM_Init), (140 bytes).
    Removing stm32c0xx_nucleo.o(.ARM.exidx.text.BSP_COM_Init), (8 bytes).
    Removing stm32c0xx_nucleo.o(.text.MX_USART2_Init), (52 bytes).
    Removing stm32c0xx_nucleo.o(.ARM.exidx.text.MX_USART2_Init), (8 bytes).
    Removing stm32c0xx_nucleo.o(.text.BSP_COM_DeInit), (84 bytes).
    Removing stm32c0xx_nucleo.o(.ARM.exidx.text.BSP_COM_DeInit), (8 bytes).
    Removing stm32c0xx_nucleo.o(.text.BSP_COM_SelectLogPort), (20 bytes).
    Removing stm32c0xx_nucleo.o(.ARM.exidx.text.BSP_COM_SelectLogPort), (8 bytes).
    Removing stm32c0xx_nucleo.o(.ARM.exidx.text.fputc), (8 bytes).
    Removing stm32c0xx_nucleo.o(.data.COM_USART), (4 bytes).
    Removing stm32c0xx_nucleo.o(.rodata.cst4), (4 bytes).
    Removing stm32c0xx_nucleo.o(.rodata.cst8), (8 bytes).
    Removing stm32c0xx_hal_usart_ex.o(.text), (0 bytes).
    Removing stm32c0xx_hal.o(.text), (0 bytes).
    Removing stm32c0xx_hal.o(.text.HAL_Init), (24 bytes).
    Removing stm32c0xx_hal.o(.ARM.exidx.text.HAL_Init), (8 bytes).
    Removing stm32c0xx_hal.o(.text.HAL_InitTick), (76 bytes).
    Removing stm32c0xx_hal.o(.ARM.exidx.text.HAL_InitTick), (8 bytes).
    Removing stm32c0xx_hal.o(.text.HAL_MspInit), (2 bytes).
    Removing stm32c0xx_hal.o(.ARM.exidx.text.HAL_MspInit), (8 bytes).
    Removing stm32c0xx_hal.o(.text.HAL_DeInit), (36 bytes).
    Removing stm32c0xx_hal.o(.ARM.exidx.text.HAL_DeInit), (8 bytes).
    Removing stm32c0xx_hal.o(.text.HAL_MspDeInit), (2 bytes).
    Removing stm32c0xx_hal.o(.ARM.exidx.text.HAL_MspDeInit), (8 bytes).
    Removing stm32c0xx_hal.o(.ARM.exidx.text.HAL_IncTick), (8 bytes).
    Removing stm32c0xx_hal.o(.ARM.exidx.text.HAL_GetTick), (8 bytes).
    Removing stm32c0xx_hal.o(.text.HAL_GetTickPrio), (12 bytes).
    Removing stm32c0xx_hal.o(.ARM.exidx.text.HAL_GetTickPrio), (8 bytes).
    Removing stm32c0xx_hal.o(.text.HAL_SetTickFreq), (44 bytes).
    Removing stm32c0xx_hal.o(.ARM.exidx.text.HAL_SetTickFreq), (8 bytes).
    Removing stm32c0xx_hal.o(.text.HAL_GetTickFreq), (12 bytes).
    Removing stm32c0xx_hal.o(.ARM.exidx.text.HAL_GetTickFreq), (8 bytes).
    Removing stm32c0xx_hal.o(.text.HAL_Delay), (36 bytes).
    Removing stm32c0xx_hal.o(.ARM.exidx.text.HAL_Delay), (8 bytes).
    Removing stm32c0xx_hal.o(.text.HAL_SuspendTick), (16 bytes).
    Removing stm32c0xx_hal.o(.ARM.exidx.text.HAL_SuspendTick), (8 bytes).
    Removing stm32c0xx_hal.o(.text.HAL_ResumeTick), (16 bytes).
    Removing stm32c0xx_hal.o(.ARM.exidx.text.HAL_ResumeTick), (8 bytes).
    Removing stm32c0xx_hal.o(.text.HAL_GetHalVersion), (6 bytes).
    Removing stm32c0xx_hal.o(.ARM.exidx.text.HAL_GetHalVersion), (8 bytes).
    Removing stm32c0xx_hal.o(.text.HAL_GetREVID), (12 bytes).
    Removing stm32c0xx_hal.o(.ARM.exidx.text.HAL_GetREVID), (8 bytes).
    Removing stm32c0xx_hal.o(.text.HAL_GetDEVID), (20 bytes).
    Removing stm32c0xx_hal.o(.ARM.exidx.text.HAL_GetDEVID), (8 bytes).
    Removing stm32c0xx_hal.o(.text.HAL_GetUIDw0), (12 bytes).
    Removing stm32c0xx_hal.o(.ARM.exidx.text.HAL_GetUIDw0), (8 bytes).
    Removing stm32c0xx_hal.o(.text.HAL_GetUIDw1), (12 bytes).
    Removing stm32c0xx_hal.o(.ARM.exidx.text.HAL_GetUIDw1), (8 bytes).
    Removing stm32c0xx_hal.o(.text.HAL_GetUIDw2), (12 bytes).
    Removing stm32c0xx_hal.o(.ARM.exidx.text.HAL_GetUIDw2), (8 bytes).
    Removing stm32c0xx_hal.o(.text.HAL_DBGMCU_EnableDBGStopMode), (16 bytes).
    Removing stm32c0xx_hal.o(.ARM.exidx.text.HAL_DBGMCU_EnableDBGStopMode), (8 bytes).
    Removing stm32c0xx_hal.o(.text.HAL_DBGMCU_DisableDBGStopMode), (16 bytes).
    Removing stm32c0xx_hal.o(.ARM.exidx.text.HAL_DBGMCU_DisableDBGStopMode), (8 bytes).
    Removing stm32c0xx_hal.o(.text.HAL_DBGMCU_EnableDBGStandbyMode), (16 bytes).
    Removing stm32c0xx_hal.o(.ARM.exidx.text.HAL_DBGMCU_EnableDBGStandbyMode), (8 bytes).
    Removing stm32c0xx_hal.o(.text.HAL_DBGMCU_DisableDBGStandbyMode), (16 bytes).
    Removing stm32c0xx_hal.o(.ARM.exidx.text.HAL_DBGMCU_DisableDBGStandbyMode), (8 bytes).
    Removing stm32c0xx_hal.o(.text.HAL_SYSCFG_EnableRemap), (16 bytes).
    Removing stm32c0xx_hal.o(.ARM.exidx.text.HAL_SYSCFG_EnableRemap), (8 bytes).
    Removing stm32c0xx_hal.o(.text.HAL_SYSCFG_DisableRemap), (16 bytes).
    Removing stm32c0xx_hal.o(.ARM.exidx.text.HAL_SYSCFG_DisableRemap), (8 bytes).
    Removing stm32c0xx_hal.o(.text.HAL_SYSCFG_SetPinBinding), (20 bytes).
    Removing stm32c0xx_hal.o(.ARM.exidx.text.HAL_SYSCFG_SetPinBinding), (8 bytes).
    Removing stm32c0xx_hal.o(.text.HAL_SYSCFG_GetPinBinding), (16 bytes).
    Removing stm32c0xx_hal.o(.ARM.exidx.text.HAL_SYSCFG_GetPinBinding), (8 bytes).
    Removing stm32c0xx_hal.o(.data.uwTickPrio), (4 bytes).
    Removing stm32c0xx_hal_cortex.o(.text), (0 bytes).
    Removing stm32c0xx_hal_cortex.o(.text.HAL_NVIC_SetPriority), (56 bytes).
    Removing stm32c0xx_hal_cortex.o(.ARM.exidx.text.HAL_NVIC_SetPriority), (8 bytes).
    Removing stm32c0xx_hal_cortex.o(.text.HAL_NVIC_EnableIRQ), (24 bytes).
    Removing stm32c0xx_hal_cortex.o(.ARM.exidx.text.HAL_NVIC_EnableIRQ), (8 bytes).
    Removing stm32c0xx_hal_cortex.o(.text.HAL_NVIC_DisableIRQ), (32 bytes).
    Removing stm32c0xx_hal_cortex.o(.ARM.exidx.text.HAL_NVIC_DisableIRQ), (8 bytes).
    Removing stm32c0xx_hal_cortex.o(.text.HAL_NVIC_SystemReset), (28 bytes).
    Removing stm32c0xx_hal_cortex.o(.ARM.exidx.text.HAL_NVIC_SystemReset), (8 bytes).
    Removing stm32c0xx_hal_cortex.o(.text.HAL_SYSTICK_Config), (52 bytes).
    Removing stm32c0xx_hal_cortex.o(.ARM.exidx.text.HAL_SYSTICK_Config), (8 bytes).
    Removing stm32c0xx_hal_cortex.o(.text.HAL_NVIC_GetPriority), (48 bytes).
    Removing stm32c0xx_hal_cortex.o(.ARM.exidx.text.HAL_NVIC_GetPriority), (8 bytes).
    Removing stm32c0xx_hal_cortex.o(.text.HAL_NVIC_SetPendingIRQ), (24 bytes).
    Removing stm32c0xx_hal_cortex.o(.ARM.exidx.text.HAL_NVIC_SetPendingIRQ), (8 bytes).
    Removing stm32c0xx_hal_cortex.o(.text.HAL_NVIC_GetPendingIRQ), (28 bytes).
    Removing stm32c0xx_hal_cortex.o(.ARM.exidx.text.HAL_NVIC_GetPendingIRQ), (8 bytes).
    Removing stm32c0xx_hal_cortex.o(.text.HAL_NVIC_ClearPendingIRQ), (24 bytes).
    Removing stm32c0xx_hal_cortex.o(.ARM.exidx.text.HAL_NVIC_ClearPendingIRQ), (8 bytes).
    Removing stm32c0xx_hal_cortex.o(.text.HAL_SYSTICK_CLKSourceConfig), (28 bytes).
    Removing stm32c0xx_hal_cortex.o(.ARM.exidx.text.HAL_SYSTICK_CLKSourceConfig), (8 bytes).
    Removing stm32c0xx_hal_cortex.o(.text.HAL_SYSTICK_IRQHandler), (8 bytes).
    Removing stm32c0xx_hal_cortex.o(.ARM.exidx.text.HAL_SYSTICK_IRQHandler), (8 bytes).
    Removing stm32c0xx_hal_cortex.o(.text.HAL_SYSTICK_Callback), (2 bytes).
    Removing stm32c0xx_hal_cortex.o(.ARM.exidx.text.HAL_SYSTICK_Callback), (8 bytes).
    Removing stm32c0xx_hal_cortex.o(.text.HAL_MPU_Enable), (24 bytes).
    Removing stm32c0xx_hal_cortex.o(.ARM.exidx.text.HAL_MPU_Enable), (8 bytes).
    Removing stm32c0xx_hal_cortex.o(.text.HAL_MPU_Disable), (16 bytes).
    Removing stm32c0xx_hal_cortex.o(.ARM.exidx.text.HAL_MPU_Disable), (8 bytes).
    Removing stm32c0xx_hal_cortex.o(.text.HAL_MPU_EnableRegion), (24 bytes).
    Removing stm32c0xx_hal_cortex.o(.ARM.exidx.text.HAL_MPU_EnableRegion), (8 bytes).
    Removing stm32c0xx_hal_cortex.o(.text.HAL_MPU_DisableRegion), (24 bytes).
    Removing stm32c0xx_hal_cortex.o(.ARM.exidx.text.HAL_MPU_DisableRegion), (8 bytes).
    Removing stm32c0xx_hal_cortex.o(.text.HAL_MPU_ConfigRegion), (84 bytes).
    Removing stm32c0xx_hal_cortex.o(.ARM.exidx.text.HAL_MPU_ConfigRegion), (8 bytes).
    Removing stm32c0xx_hal_rcc.o(.text), (0 bytes).
    Removing stm32c0xx_hal_rcc.o(.text.HAL_RCC_DeInit), (176 bytes).
    Removing stm32c0xx_hal_rcc.o(.ARM.exidx.text.HAL_RCC_DeInit), (8 bytes).
    Removing stm32c0xx_hal_rcc.o(.text.HAL_RCC_OscConfig), (596 bytes).
    Removing stm32c0xx_hal_rcc.o(.ARM.exidx.text.HAL_RCC_OscConfig), (8 bytes).
    Removing stm32c0xx_hal_rcc.o(.text.HAL_RCC_ClockConfig), (420 bytes).
    Removing stm32c0xx_hal_rcc.o(.ARM.exidx.text.HAL_RCC_ClockConfig), (8 bytes).
    Removing stm32c0xx_hal_rcc.o(.text.HAL_RCC_GetSysClockFreq), (76 bytes).
    Removing stm32c0xx_hal_rcc.o(.ARM.exidx.text.HAL_RCC_GetSysClockFreq), (8 bytes).
    Removing stm32c0xx_hal_rcc.o(.text.HAL_RCC_MCOConfig), (100 bytes).
    Removing stm32c0xx_hal_rcc.o(.ARM.exidx.text.HAL_RCC_MCOConfig), (8 bytes).
    Removing stm32c0xx_hal_rcc.o(.text.HAL_RCC_GetHCLKFreq), (108 bytes).
    Removing stm32c0xx_hal_rcc.o(.ARM.exidx.text.HAL_RCC_GetHCLKFreq), (8 bytes).
    Removing stm32c0xx_hal_rcc.o(.text.HAL_RCC_GetPCLK1Freq), (128 bytes).
    Removing stm32c0xx_hal_rcc.o(.ARM.exidx.text.HAL_RCC_GetPCLK1Freq), (8 bytes).
    Removing stm32c0xx_hal_rcc.o(.text.HAL_RCC_GetOscConfig), (60 bytes).
    Removing stm32c0xx_hal_rcc.o(.ARM.exidx.text.HAL_RCC_GetOscConfig), (8 bytes).
    Removing stm32c0xx_hal_rcc.o(.text.HAL_RCC_GetClockConfig), (56 bytes).
    Removing stm32c0xx_hal_rcc.o(.ARM.exidx.text.HAL_RCC_GetClockConfig), (8 bytes).
    Removing stm32c0xx_hal_rcc.o(.text.HAL_RCC_EnableCSS), (20 bytes).
    Removing stm32c0xx_hal_rcc.o(.ARM.exidx.text.HAL_RCC_EnableCSS), (8 bytes).
    Removing stm32c0xx_hal_rcc.o(.text.HAL_RCC_EnableLSECSS), (16 bytes).
    Removing stm32c0xx_hal_rcc.o(.ARM.exidx.text.HAL_RCC_EnableLSECSS), (8 bytes).
    Removing stm32c0xx_hal_rcc.o(.text.HAL_RCC_DisableLSECSS), (16 bytes).
    Removing stm32c0xx_hal_rcc.o(.ARM.exidx.text.HAL_RCC_DisableLSECSS), (8 bytes).
    Removing stm32c0xx_hal_rcc.o(.text.HAL_RCC_NMI_IRQHandler), (44 bytes).
    Removing stm32c0xx_hal_rcc.o(.ARM.exidx.text.HAL_RCC_NMI_IRQHandler), (8 bytes).
    Removing stm32c0xx_hal_rcc.o(.text.HAL_RCC_CSSCallback), (2 bytes).
    Removing stm32c0xx_hal_rcc.o(.ARM.exidx.text.HAL_RCC_CSSCallback), (8 bytes).
    Removing stm32c0xx_hal_rcc.o(.text.HAL_RCC_LSECSSCallback), (2 bytes).
    Removing stm32c0xx_hal_rcc.o(.ARM.exidx.text.HAL_RCC_LSECSSCallback), (8 bytes).
    Removing stm32c0xx_hal_rcc_ex.o(.text), (0 bytes).
    Removing stm32c0xx_hal_rcc_ex.o(.text.HAL_RCCEx_PeriphCLKConfig), (316 bytes).
    Removing stm32c0xx_hal_rcc_ex.o(.ARM.exidx.text.HAL_RCCEx_PeriphCLKConfig), (8 bytes).
    Removing stm32c0xx_hal_rcc_ex.o(.text.HAL_RCCEx_GetPeriphCLKConfig), (64 bytes).
    Removing stm32c0xx_hal_rcc_ex.o(.ARM.exidx.text.HAL_RCCEx_GetPeriphCLKConfig), (8 bytes).
    Removing stm32c0xx_hal_rcc_ex.o(.text.HAL_RCCEx_GetPeriphCLKFreq), (332 bytes).
    Removing stm32c0xx_hal_rcc_ex.o(.ARM.exidx.text.HAL_RCCEx_GetPeriphCLKFreq), (8 bytes).
    Removing stm32c0xx_hal_rcc_ex.o(.text.HAL_RCCEx_EnableLSCO), (72 bytes).
    Removing stm32c0xx_hal_rcc_ex.o(.ARM.exidx.text.HAL_RCCEx_EnableLSCO), (8 bytes).
    Removing stm32c0xx_hal_rcc_ex.o(.text.HAL_RCCEx_DisableLSCO), (20 bytes).
    Removing stm32c0xx_hal_rcc_ex.o(.ARM.exidx.text.HAL_RCCEx_DisableLSCO), (8 bytes).
    Removing stm32c0xx_hal_flash.o(.text), (0 bytes).
    Removing stm32c0xx_hal_flash.o(.text.HAL_FLASH_Program), (344 bytes).
    Removing stm32c0xx_hal_flash.o(.ARM.exidx.text.HAL_FLASH_Program), (8 bytes).
    Removing stm32c0xx_hal_flash.o(.text.FLASH_WaitForLastOperation), (88 bytes).
    Removing stm32c0xx_hal_flash.o(.ARM.exidx.text.FLASH_WaitForLastOperation), (8 bytes).
    Removing stm32c0xx_hal_flash.o(.text.HAL_FLASH_Program_IT), (284 bytes).
    Removing stm32c0xx_hal_flash.o(.ARM.exidx.text.HAL_FLASH_Program_IT), (8 bytes).
    Removing stm32c0xx_hal_flash.o(.text.HAL_FLASH_IRQHandler), (160 bytes).
    Removing stm32c0xx_hal_flash.o(.ARM.exidx.text.HAL_FLASH_IRQHandler), (8 bytes).
    Removing stm32c0xx_hal_flash.o(.text.HAL_FLASH_OperationErrorCallback), (2 bytes).
    Removing stm32c0xx_hal_flash.o(.ARM.exidx.text.HAL_FLASH_OperationErrorCallback), (8 bytes).
    Removing stm32c0xx_hal_flash.o(.text.HAL_FLASH_EndOfOperationCallback), (2 bytes).
    Removing stm32c0xx_hal_flash.o(.ARM.exidx.text.HAL_FLASH_EndOfOperationCallback), (8 bytes).
    Removing stm32c0xx_hal_flash.o(.text.HAL_FLASH_Unlock), (40 bytes).
    Removing stm32c0xx_hal_flash.o(.ARM.exidx.text.HAL_FLASH_Unlock), (8 bytes).
    Removing stm32c0xx_hal_flash.o(.text.HAL_FLASH_Lock), (24 bytes).
    Removing stm32c0xx_hal_flash.o(.ARM.exidx.text.HAL_FLASH_Lock), (8 bytes).
    Removing stm32c0xx_hal_flash.o(.text.HAL_FLASH_OB_Unlock), (40 bytes).
    Removing stm32c0xx_hal_flash.o(.ARM.exidx.text.HAL_FLASH_OB_Unlock), (8 bytes).
    Removing stm32c0xx_hal_flash.o(.text.HAL_FLASH_OB_Lock), (28 bytes).
    Removing stm32c0xx_hal_flash.o(.ARM.exidx.text.HAL_FLASH_OB_Lock), (8 bytes).
    Removing stm32c0xx_hal_flash.o(.text.HAL_FLASH_OB_Launch), (20 bytes).
    Removing stm32c0xx_hal_flash.o(.ARM.exidx.text.HAL_FLASH_OB_Launch), (8 bytes).
    Removing stm32c0xx_hal_flash.o(.text.HAL_FLASH_GetError), (12 bytes).
    Removing stm32c0xx_hal_flash.o(.ARM.exidx.text.HAL_FLASH_GetError), (8 bytes).
    Removing stm32c0xx_hal_flash.o(.bss.pFlash), (24 bytes).
    Removing stm32c0xx_hal_flash_ex.o(.text), (0 bytes).
    Removing stm32c0xx_hal_flash_ex.o(.text.HAL_FLASHEx_Erase), (172 bytes).
    Removing stm32c0xx_hal_flash_ex.o(.ARM.exidx.text.HAL_FLASHEx_Erase), (8 bytes).
    Removing stm32c0xx_hal_flash_ex.o(.text.FLASH_PageErase), (28 bytes).
    Removing stm32c0xx_hal_flash_ex.o(.ARM.exidx.text.FLASH_PageErase), (8 bytes).
    Removing stm32c0xx_hal_flash_ex.o(.text.HAL_FLASHEx_Erase_IT), (112 bytes).
    Removing stm32c0xx_hal_flash_ex.o(.ARM.exidx.text.HAL_FLASHEx_Erase_IT), (8 bytes).
    Removing stm32c0xx_hal_flash_ex.o(.text.HAL_FLASHEx_OBProgram), (356 bytes).
    Removing stm32c0xx_hal_flash_ex.o(.ARM.exidx.text.HAL_FLASHEx_OBProgram), (8 bytes).
    Removing stm32c0xx_hal_flash_ex.o(.text.HAL_FLASHEx_OBGetConfig), (184 bytes).
    Removing stm32c0xx_hal_flash_ex.o(.ARM.exidx.text.HAL_FLASHEx_OBGetConfig), (8 bytes).
    Removing stm32c0xx_hal_flash_ex.o(.text.HAL_FLASHEx_EnableDebugger), (20 bytes).
    Removing stm32c0xx_hal_flash_ex.o(.ARM.exidx.text.HAL_FLASHEx_EnableDebugger), (8 bytes).
    Removing stm32c0xx_hal_flash_ex.o(.text.HAL_FLASHEx_DisableDebugger), (20 bytes).
    Removing stm32c0xx_hal_flash_ex.o(.ARM.exidx.text.HAL_FLASHEx_DisableDebugger), (8 bytes).
    Removing stm32c0xx_hal_flash_ex.o(.text.HAL_FLASHEx_FlashEmptyCheck), (16 bytes).
    Removing stm32c0xx_hal_flash_ex.o(.ARM.exidx.text.HAL_FLASHEx_FlashEmptyCheck), (8 bytes).
    Removing stm32c0xx_hal_flash_ex.o(.text.HAL_FLASHEx_ForceFlashEmpty), (20 bytes).
    Removing stm32c0xx_hal_flash_ex.o(.ARM.exidx.text.HAL_FLASHEx_ForceFlashEmpty), (8 bytes).
    Removing stm32c0xx_hal_flash_ex.o(.text.HAL_FLASHEx_EnableSecMemProtection), (20 bytes).
    Removing stm32c0xx_hal_flash_ex.o(.ARM.exidx.text.HAL_FLASHEx_EnableSecMemProtection), (8 bytes).
    Removing stm32c0xx_hal_flash_ex.o(.text.FLASH_FlushCaches), (44 bytes).
    Removing stm32c0xx_hal_flash_ex.o(.ARM.exidx.text.FLASH_FlushCaches), (8 bytes).
    Removing stm32c0xx_hal_gpio.o(.text), (0 bytes).
    Removing stm32c0xx_hal_gpio.o(.text.HAL_GPIO_Init), (388 bytes).
    Removing stm32c0xx_hal_gpio.o(.ARM.exidx.text.HAL_GPIO_Init), (8 bytes).
    Removing stm32c0xx_hal_gpio.o(.text.HAL_GPIO_DeInit), (244 bytes).
    Removing stm32c0xx_hal_gpio.o(.ARM.exidx.text.HAL_GPIO_DeInit), (8 bytes).
    Removing stm32c0xx_hal_gpio.o(.text.HAL_GPIO_ReadPin), (10 bytes).
    Removing stm32c0xx_hal_gpio.o(.ARM.exidx.text.HAL_GPIO_ReadPin), (8 bytes).
    Removing stm32c0xx_hal_gpio.o(.text.HAL_GPIO_WritePin), (16 bytes).
    Removing stm32c0xx_hal_gpio.o(.ARM.exidx.text.HAL_GPIO_WritePin), (8 bytes).
    Removing stm32c0xx_hal_gpio.o(.text.HAL_GPIO_WriteMultipleStatePin), (8 bytes).
    Removing stm32c0xx_hal_gpio.o(.ARM.exidx.text.HAL_GPIO_WriteMultipleStatePin), (8 bytes).
    Removing stm32c0xx_hal_gpio.o(.text.HAL_GPIO_TogglePin), (16 bytes).
    Removing stm32c0xx_hal_gpio.o(.ARM.exidx.text.HAL_GPIO_TogglePin), (8 bytes).
    Removing stm32c0xx_hal_gpio.o(.text.HAL_GPIO_LockPin), (40 bytes).
    Removing stm32c0xx_hal_gpio.o(.ARM.exidx.text.HAL_GPIO_LockPin), (8 bytes).
    Removing stm32c0xx_hal_gpio.o(.text.HAL_GPIO_EXTI_IRQHandler), (40 bytes).
    Removing stm32c0xx_hal_gpio.o(.ARM.exidx.text.HAL_GPIO_EXTI_IRQHandler), (8 bytes).
    Removing stm32c0xx_hal_gpio.o(.text.HAL_GPIO_EXTI_Rising_Callback), (2 bytes).
    Removing stm32c0xx_hal_gpio.o(.ARM.exidx.text.HAL_GPIO_EXTI_Rising_Callback), (8 bytes).
    Removing stm32c0xx_hal_gpio.o(.text.HAL_GPIO_EXTI_Falling_Callback), (2 bytes).
    Removing stm32c0xx_hal_gpio.o(.ARM.exidx.text.HAL_GPIO_EXTI_Falling_Callback), (8 bytes).
    Removing stm32c0xx_hal_dma.o(.text), (0 bytes).
    Removing stm32c0xx_hal_dma.o(.text.HAL_DMA_Init), (244 bytes).
    Removing stm32c0xx_hal_dma.o(.ARM.exidx.text.HAL_DMA_Init), (8 bytes).
    Removing stm32c0xx_hal_dma.o(.text.HAL_DMA_DeInit), (196 bytes).
    Removing stm32c0xx_hal_dma.o(.ARM.exidx.text.HAL_DMA_DeInit), (8 bytes).
    Removing stm32c0xx_hal_dma.o(.text.HAL_DMA_Start), (148 bytes).
    Removing stm32c0xx_hal_dma.o(.ARM.exidx.text.HAL_DMA_Start), (8 bytes).
    Removing stm32c0xx_hal_dma.o(.text.HAL_DMA_Start_IT), (200 bytes).
    Removing stm32c0xx_hal_dma.o(.ARM.exidx.text.HAL_DMA_Start_IT), (8 bytes).
    Removing stm32c0xx_hal_dma.o(.text.HAL_DMA_Abort), (116 bytes).
    Removing stm32c0xx_hal_dma.o(.ARM.exidx.text.HAL_DMA_Abort), (8 bytes).
    Removing stm32c0xx_hal_dma.o(.text.HAL_DMA_Abort_IT), (124 bytes).
    Removing stm32c0xx_hal_dma.o(.ARM.exidx.text.HAL_DMA_Abort_IT), (8 bytes).
    Removing stm32c0xx_hal_dma.o(.text.HAL_DMA_PollForTransfer), (280 bytes).
    Removing stm32c0xx_hal_dma.o(.ARM.exidx.text.HAL_DMA_PollForTransfer), (8 bytes).
    Removing stm32c0xx_hal_dma.o(.text.HAL_DMA_IRQHandler), (228 bytes).
    Removing stm32c0xx_hal_dma.o(.ARM.exidx.text.HAL_DMA_IRQHandler), (8 bytes).
    Removing stm32c0xx_hal_dma.o(.text.HAL_DMA_RegisterCallback), (70 bytes).
    Removing stm32c0xx_hal_dma.o(.ARM.exidx.text.HAL_DMA_RegisterCallback), (8 bytes).
    Removing stm32c0xx_hal_dma.o(.text.HAL_DMA_UnRegisterCallback), (88 bytes).
    Removing stm32c0xx_hal_dma.o(.ARM.exidx.text.HAL_DMA_UnRegisterCallback), (8 bytes).
    Removing stm32c0xx_hal_dma.o(.text.HAL_DMA_GetState), (6 bytes).
    Removing stm32c0xx_hal_dma.o(.ARM.exidx.text.HAL_DMA_GetState), (8 bytes).
    Removing stm32c0xx_hal_dma.o(.text.HAL_DMA_GetError), (4 bytes).
    Removing stm32c0xx_hal_dma.o(.ARM.exidx.text.HAL_DMA_GetError), (8 bytes).
    Removing stm32c0xx_hal_dma_ex.o(.text), (0 bytes).
    Removing stm32c0xx_hal_dma_ex.o(.text.HAL_DMAEx_ConfigMuxSync), (76 bytes).
    Removing stm32c0xx_hal_dma_ex.o(.ARM.exidx.text.HAL_DMAEx_ConfigMuxSync), (8 bytes).
    Removing stm32c0xx_hal_dma_ex.o(.text.HAL_DMAEx_ConfigMuxRequestGenerator), (60 bytes).
    Removing stm32c0xx_hal_dma_ex.o(.ARM.exidx.text.HAL_DMAEx_ConfigMuxRequestGenerator), (8 bytes).
    Removing stm32c0xx_hal_dma_ex.o(.text.HAL_DMAEx_EnableMuxRequestGenerator), (32 bytes).
    Removing stm32c0xx_hal_dma_ex.o(.ARM.exidx.text.HAL_DMAEx_EnableMuxRequestGenerator), (8 bytes).
    Removing stm32c0xx_hal_dma_ex.o(.text.HAL_DMAEx_DisableMuxRequestGenerator), (32 bytes).
    Removing stm32c0xx_hal_dma_ex.o(.ARM.exidx.text.HAL_DMAEx_DisableMuxRequestGenerator), (8 bytes).
    Removing stm32c0xx_hal_dma_ex.o(.text.HAL_DMAEx_MUX_IRQHandler), (96 bytes).
    Removing stm32c0xx_hal_dma_ex.o(.ARM.exidx.text.HAL_DMAEx_MUX_IRQHandler), (8 bytes).
    Removing stm32c0xx_hal_pwr.o(.text), (0 bytes).
    Removing stm32c0xx_hal_pwr.o(.text.HAL_PWR_DeInit), (24 bytes).
    Removing stm32c0xx_hal_pwr.o(.ARM.exidx.text.HAL_PWR_DeInit), (8 bytes).
    Removing stm32c0xx_hal_pwr.o(.text.HAL_PWR_EnableWakeUpPin), (28 bytes).
    Removing stm32c0xx_hal_pwr.o(.ARM.exidx.text.HAL_PWR_EnableWakeUpPin), (8 bytes).
    Removing stm32c0xx_hal_pwr.o(.text.HAL_PWR_DisableWakeUpPin), (24 bytes).
    Removing stm32c0xx_hal_pwr.o(.ARM.exidx.text.HAL_PWR_DisableWakeUpPin), (8 bytes).
    Removing stm32c0xx_hal_pwr.o(.text.HAL_PWR_EnterSLEEPMode), (32 bytes).
    Removing stm32c0xx_hal_pwr.o(.ARM.exidx.text.HAL_PWR_EnterSLEEPMode), (8 bytes).
    Removing stm32c0xx_hal_pwr.o(.text.HAL_PWR_EnterSTOPMode), (52 bytes).
    Removing stm32c0xx_hal_pwr.o(.ARM.exidx.text.HAL_PWR_EnterSTOPMode), (8 bytes).
    Removing stm32c0xx_hal_pwr.o(.text.HAL_PWR_EnterSTANDBYMode), (36 bytes).
    Removing stm32c0xx_hal_pwr.o(.ARM.exidx.text.HAL_PWR_EnterSTANDBYMode), (8 bytes).
    Removing stm32c0xx_hal_pwr.o(.text.HAL_PWR_EnableSleepOnExit), (16 bytes).
    Removing stm32c0xx_hal_pwr.o(.ARM.exidx.text.HAL_PWR_EnableSleepOnExit), (8 bytes).
    Removing stm32c0xx_hal_pwr.o(.text.HAL_PWR_DisableSleepOnExit), (16 bytes).
    Removing stm32c0xx_hal_pwr.o(.ARM.exidx.text.HAL_PWR_DisableSleepOnExit), (8 bytes).
    Removing stm32c0xx_hal_pwr.o(.text.HAL_PWR_EnableSEVOnPend), (16 bytes).
    Removing stm32c0xx_hal_pwr.o(.ARM.exidx.text.HAL_PWR_EnableSEVOnPend), (8 bytes).
    Removing stm32c0xx_hal_pwr.o(.text.HAL_PWR_DisableSEVOnPend), (16 bytes).
    Removing stm32c0xx_hal_pwr.o(.ARM.exidx.text.HAL_PWR_DisableSEVOnPend), (8 bytes).
    Removing stm32c0xx_hal_pwr_ex.o(.text), (0 bytes).
    Removing stm32c0xx_hal_pwr_ex.o(.text.HAL_PWREx_EnableInternalWakeUpLine), (20 bytes).
    Removing stm32c0xx_hal_pwr_ex.o(.ARM.exidx.text.HAL_PWREx_EnableInternalWakeUpLine), (8 bytes).
    Removing stm32c0xx_hal_pwr_ex.o(.text.HAL_PWREx_DisableInternalWakeUpLine), (20 bytes).
    Removing stm32c0xx_hal_pwr_ex.o(.ARM.exidx.text.HAL_PWREx_DisableInternalWakeUpLine), (8 bytes).
    Removing stm32c0xx_hal_pwr_ex.o(.text.HAL_PWREx_EnableGPIOPullUp), (96 bytes).
    Removing stm32c0xx_hal_pwr_ex.o(.ARM.exidx.text.HAL_PWREx_EnableGPIOPullUp), (8 bytes).
    Removing stm32c0xx_hal_pwr_ex.o(.text.HAL_PWREx_DisableGPIOPullUp), (80 bytes).
    Removing stm32c0xx_hal_pwr_ex.o(.ARM.exidx.text.HAL_PWREx_DisableGPIOPullUp), (8 bytes).
    Removing stm32c0xx_hal_pwr_ex.o(.text.HAL_PWREx_EnableGPIOPullDown), (108 bytes).
    Removing stm32c0xx_hal_pwr_ex.o(.ARM.exidx.text.HAL_PWREx_EnableGPIOPullDown), (8 bytes).
    Removing stm32c0xx_hal_pwr_ex.o(.text.HAL_PWREx_DisableGPIOPullDown), (56 bytes).
    Removing stm32c0xx_hal_pwr_ex.o(.ARM.exidx.text.HAL_PWREx_DisableGPIOPullDown), (8 bytes).
    Removing stm32c0xx_hal_pwr_ex.o(.text.HAL_PWREx_EnablePullUpPullDownConfig), (20 bytes).
    Removing stm32c0xx_hal_pwr_ex.o(.ARM.exidx.text.HAL_PWREx_EnablePullUpPullDownConfig), (8 bytes).
    Removing stm32c0xx_hal_pwr_ex.o(.text.HAL_PWREx_DisablePullUpPullDownConfig), (20 bytes).
    Removing stm32c0xx_hal_pwr_ex.o(.ARM.exidx.text.HAL_PWREx_DisablePullUpPullDownConfig), (8 bytes).
    Removing stm32c0xx_hal_pwr_ex.o(.text.HAL_PWREx_EnableFlashPowerDown), (16 bytes).
    Removing stm32c0xx_hal_pwr_ex.o(.ARM.exidx.text.HAL_PWREx_EnableFlashPowerDown), (8 bytes).
    Removing stm32c0xx_hal_pwr_ex.o(.text.HAL_PWREx_DisableFlashPowerDown), (16 bytes).
    Removing stm32c0xx_hal_pwr_ex.o(.ARM.exidx.text.HAL_PWREx_DisableFlashPowerDown), (8 bytes).
    Removing stm32c0xx_hal_pwr_ex.o(.text.HAL_PWREx_EnterSHUTDOWNMode), (36 bytes).
    Removing stm32c0xx_hal_pwr_ex.o(.ARM.exidx.text.HAL_PWREx_EnterSHUTDOWNMode), (8 bytes).
    Removing stm32c0xx_hal_pwr_ex.o(.text.HAL_PWREx_BKUPWrite), (12 bytes).
    Removing stm32c0xx_hal_pwr_ex.o(.ARM.exidx.text.HAL_PWREx_BKUPWrite), (8 bytes).
    Removing stm32c0xx_hal_pwr_ex.o(.text.HAL_PWREx_BKUPRead), (12 bytes).
    Removing stm32c0xx_hal_pwr_ex.o(.ARM.exidx.text.HAL_PWREx_BKUPRead), (8 bytes).
    Removing stm32c0xx_hal_exti.o(.text), (0 bytes).
    Removing stm32c0xx_hal_exti.o(.text.HAL_EXTI_SetConfigLine), (160 bytes).
    Removing stm32c0xx_hal_exti.o(.ARM.exidx.text.HAL_EXTI_SetConfigLine), (8 bytes).
    Removing stm32c0xx_hal_exti.o(.text.HAL_EXTI_GetConfigLine), (148 bytes).
    Removing stm32c0xx_hal_exti.o(.ARM.exidx.text.HAL_EXTI_GetConfigLine), (8 bytes).
    Removing stm32c0xx_hal_exti.o(.text.HAL_EXTI_ClearConfigLine), (112 bytes).
    Removing stm32c0xx_hal_exti.o(.ARM.exidx.text.HAL_EXTI_ClearConfigLine), (8 bytes).
    Removing stm32c0xx_hal_exti.o(.text.HAL_EXTI_RegisterCallback), (30 bytes).
    Removing stm32c0xx_hal_exti.o(.ARM.exidx.text.HAL_EXTI_RegisterCallback), (8 bytes).
    Removing stm32c0xx_hal_exti.o(.text.HAL_EXTI_GetHandle), (14 bytes).
    Removing stm32c0xx_hal_exti.o(.ARM.exidx.text.HAL_EXTI_GetHandle), (8 bytes).
    Removing stm32c0xx_hal_exti.o(.ARM.exidx.text.HAL_EXTI_IRQHandler), (8 bytes).
    Removing stm32c0xx_hal_exti.o(.text.HAL_EXTI_GetPending), (40 bytes).
    Removing stm32c0xx_hal_exti.o(.ARM.exidx.text.HAL_EXTI_GetPending), (8 bytes).
    Removing stm32c0xx_hal_exti.o(.text.HAL_EXTI_ClearPending), (36 bytes).
    Removing stm32c0xx_hal_exti.o(.ARM.exidx.text.HAL_EXTI_ClearPending), (8 bytes).
    Removing stm32c0xx_hal_exti.o(.text.HAL_EXTI_GenerateSWI), (28 bytes).
    Removing stm32c0xx_hal_exti.o(.ARM.exidx.text.HAL_EXTI_GenerateSWI), (8 bytes).
    Removing stm32c0xx_hal_tim.o(.text), (0 bytes).
    Removing stm32c0xx_hal_tim_ex.o(.text), (0 bytes).
    Removing stm32c0xx_hal_usart.o(.text), (0 bytes).
    Removing stm32c0xx_hal_uart_ex.o(.text), (0 bytes).
    Removing stm32c0xx_hal_uart_ex.o(.text.HAL_RS485Ex_Init), (140 bytes).
    Removing stm32c0xx_hal_uart_ex.o(.ARM.exidx.text.HAL_RS485Ex_Init), (8 bytes).
    Removing stm32c0xx_hal_uart_ex.o(.text.HAL_UARTEx_WakeupCallback), (2 bytes).
    Removing stm32c0xx_hal_uart_ex.o(.ARM.exidx.text.HAL_UARTEx_WakeupCallback), (8 bytes).
    Removing stm32c0xx_hal_uart_ex.o(.text.HAL_UARTEx_RxFifoFullCallback), (2 bytes).
    Removing stm32c0xx_hal_uart_ex.o(.ARM.exidx.text.HAL_UARTEx_RxFifoFullCallback), (8 bytes).
    Removing stm32c0xx_hal_uart_ex.o(.text.HAL_UARTEx_TxFifoEmptyCallback), (2 bytes).
    Removing stm32c0xx_hal_uart_ex.o(.ARM.exidx.text.HAL_UARTEx_TxFifoEmptyCallback), (8 bytes).
    Removing stm32c0xx_hal_uart_ex.o(.text.HAL_MultiProcessorEx_AddressLength_Set), (48 bytes).
    Removing stm32c0xx_hal_uart_ex.o(.ARM.exidx.text.HAL_MultiProcessorEx_AddressLength_Set), (8 bytes).
    Removing stm32c0xx_hal_uart_ex.o(.text.HAL_UARTEx_StopModeWakeUpSourceConfig), (136 bytes).
    Removing stm32c0xx_hal_uart_ex.o(.ARM.exidx.text.HAL_UARTEx_StopModeWakeUpSourceConfig), (8 bytes).
    Removing stm32c0xx_hal_uart_ex.o(.text.HAL_UARTEx_EnableStopMode), (50 bytes).
    Removing stm32c0xx_hal_uart_ex.o(.ARM.exidx.text.HAL_UARTEx_EnableStopMode), (8 bytes).
    Removing stm32c0xx_hal_uart_ex.o(.text.HAL_UARTEx_DisableStopMode), (50 bytes).
    Removing stm32c0xx_hal_uart_ex.o(.ARM.exidx.text.HAL_UARTEx_DisableStopMode), (8 bytes).
    Removing stm32c0xx_hal_uart_ex.o(.text.HAL_UARTEx_EnableFifoMode), (104 bytes).
    Removing stm32c0xx_hal_uart_ex.o(.ARM.exidx.text.HAL_UARTEx_EnableFifoMode), (8 bytes).
    Removing stm32c0xx_hal_uart_ex.o(.text.HAL_UARTEx_DisableFifoMode), (54 bytes).
    Removing stm32c0xx_hal_uart_ex.o(.ARM.exidx.text.HAL_UARTEx_DisableFifoMode), (8 bytes).
    Removing stm32c0xx_hal_uart_ex.o(.text.HAL_UARTEx_SetTxFifoThreshold), (128 bytes).
    Removing stm32c0xx_hal_uart_ex.o(.ARM.exidx.text.HAL_UARTEx_SetTxFifoThreshold), (8 bytes).
    Removing stm32c0xx_hal_uart_ex.o(.text.HAL_UARTEx_SetRxFifoThreshold), (128 bytes).
    Removing stm32c0xx_hal_uart_ex.o(.ARM.exidx.text.HAL_UARTEx_SetRxFifoThreshold), (8 bytes).
    Removing stm32c0xx_hal_uart_ex.o(.text.HAL_UARTEx_ReceiveToIdle), (344 bytes).
    Removing stm32c0xx_hal_uart_ex.o(.ARM.exidx.text.HAL_UARTEx_ReceiveToIdle), (8 bytes).
    Removing stm32c0xx_hal_uart_ex.o(.text.HAL_UARTEx_ReceiveToIdle_IT), (102 bytes).
    Removing stm32c0xx_hal_uart_ex.o(.ARM.exidx.text.HAL_UARTEx_ReceiveToIdle_IT), (8 bytes).
    Removing stm32c0xx_hal_uart_ex.o(.text.HAL_UARTEx_ReceiveToIdle_DMA), (106 bytes).
    Removing stm32c0xx_hal_uart_ex.o(.ARM.exidx.text.HAL_UARTEx_ReceiveToIdle_DMA), (8 bytes).
    Removing stm32c0xx_hal_uart_ex.o(.text.HAL_UARTEx_GetRxEventType), (4 bytes).
    Removing stm32c0xx_hal_uart_ex.o(.ARM.exidx.text.HAL_UARTEx_GetRxEventType), (8 bytes).
    Removing stm32c0xx_hal_uart_ex.o(.rodata.cst8), (16 bytes).
    Removing stm32c0xx_hal_uart.o(.text), (0 bytes).
    Removing stm32c0xx_hal_uart.o(.text.HAL_UART_Init), (112 bytes).
    Removing stm32c0xx_hal_uart.o(.ARM.exidx.text.HAL_UART_Init), (8 bytes).
    Removing stm32c0xx_hal_uart.o(.text.HAL_UART_MspInit), (2 bytes).
    Removing stm32c0xx_hal_uart.o(.ARM.exidx.text.HAL_UART_MspInit), (8 bytes).
    Removing stm32c0xx_hal_uart.o(.text.UART_AdvFeatureConfig), (210 bytes).
    Removing stm32c0xx_hal_uart.o(.ARM.exidx.text.UART_AdvFeatureConfig), (8 bytes).
    Removing stm32c0xx_hal_uart.o(.text.UART_SetConfig), (424 bytes).
    Removing stm32c0xx_hal_uart.o(.ARM.exidx.text.UART_SetConfig), (8 bytes).
    Removing stm32c0xx_hal_uart.o(.text.UART_CheckIdleState), (188 bytes).
    Removing stm32c0xx_hal_uart.o(.ARM.exidx.text.UART_CheckIdleState), (8 bytes).
    Removing stm32c0xx_hal_uart.o(.text.HAL_HalfDuplex_Init), (120 bytes).
    Removing stm32c0xx_hal_uart.o(.ARM.exidx.text.HAL_HalfDuplex_Init), (8 bytes).
    Removing stm32c0xx_hal_uart.o(.text.HAL_LIN_Init), (146 bytes).
    Removing stm32c0xx_hal_uart.o(.ARM.exidx.text.HAL_LIN_Init), (8 bytes).
    Removing stm32c0xx_hal_uart.o(.text.HAL_MultiProcessor_Init), (144 bytes).
    Removing stm32c0xx_hal_uart.o(.ARM.exidx.text.HAL_MultiProcessor_Init), (8 bytes).
    Removing stm32c0xx_hal_uart.o(.text.HAL_UART_DeInit), (60 bytes).
    Removing stm32c0xx_hal_uart.o(.ARM.exidx.text.HAL_UART_DeInit), (8 bytes).
    Removing stm32c0xx_hal_uart.o(.text.HAL_UART_MspDeInit), (2 bytes).
    Removing stm32c0xx_hal_uart.o(.ARM.exidx.text.HAL_UART_MspDeInit), (8 bytes).
    Removing stm32c0xx_hal_uart.o(.ARM.exidx.text.HAL_UART_Transmit), (8 bytes).
    Removing stm32c0xx_hal_uart.o(.text.UART_WaitOnFlagUntilTimeout), (332 bytes).
    Removing stm32c0xx_hal_uart.o(.ARM.exidx.text.UART_WaitOnFlagUntilTimeout), (8 bytes).
    Removing stm32c0xx_hal_uart.o(.text.HAL_UART_Receive), (264 bytes).
    Removing stm32c0xx_hal_uart.o(.ARM.exidx.text.HAL_UART_Receive), (8 bytes).
    Removing stm32c0xx_hal_uart.o(.text.HAL_UART_Transmit_IT), (176 bytes).
    Removing stm32c0xx_hal_uart.o(.ARM.exidx.text.HAL_UART_Transmit_IT), (8 bytes).
    Removing stm32c0xx_hal_uart.o(.text.UART_TxISR_16BIT_FIFOEN), (120 bytes).
    Removing stm32c0xx_hal_uart.o(.ARM.exidx.text.UART_TxISR_16BIT_FIFOEN), (8 bytes).
    Removing stm32c0xx_hal_uart.o(.text.UART_TxISR_8BIT_FIFOEN), (108 bytes).
    Removing stm32c0xx_hal_uart.o(.ARM.exidx.text.UART_TxISR_8BIT_FIFOEN), (8 bytes).
    Removing stm32c0xx_hal_uart.o(.text.UART_TxISR_16BIT), (96 bytes).
    Removing stm32c0xx_hal_uart.o(.ARM.exidx.text.UART_TxISR_16BIT), (8 bytes).
    Removing stm32c0xx_hal_uart.o(.text.UART_TxISR_8BIT), (88 bytes).
    Removing stm32c0xx_hal_uart.o(.ARM.exidx.text.UART_TxISR_8BIT), (8 bytes).
    Removing stm32c0xx_hal_uart.o(.text.HAL_UART_Receive_IT), (94 bytes).
    Removing stm32c0xx_hal_uart.o(.ARM.exidx.text.HAL_UART_Receive_IT), (8 bytes).
    Removing stm32c0xx_hal_uart.o(.text.UART_Start_Receive_IT), (284 bytes).
    Removing stm32c0xx_hal_uart.o(.ARM.exidx.text.UART_Start_Receive_IT), (8 bytes).
    Removing stm32c0xx_hal_uart.o(.text.HAL_UART_Transmit_DMA), (164 bytes).
    Removing stm32c0xx_hal_uart.o(.ARM.exidx.text.HAL_UART_Transmit_DMA), (8 bytes).
    Removing stm32c0xx_hal_uart.o(.text.UART_DMATransmitCplt), (74 bytes).
    Removing stm32c0xx_hal_uart.o(.ARM.exidx.text.UART_DMATransmitCplt), (8 bytes).
    Removing stm32c0xx_hal_uart.o(.text.UART_DMATxHalfCplt), (10 bytes).
    Removing stm32c0xx_hal_uart.o(.ARM.exidx.text.UART_DMATxHalfCplt), (8 bytes).
    Removing stm32c0xx_hal_uart.o(.text.UART_DMAError), (212 bytes).
    Removing stm32c0xx_hal_uart.o(.ARM.exidx.text.UART_DMAError), (8 bytes).
    Removing stm32c0xx_hal_uart.o(.text.HAL_UART_Receive_DMA), (92 bytes).
    Removing stm32c0xx_hal_uart.o(.ARM.exidx.text.HAL_UART_Receive_DMA), (8 bytes).
    Removing stm32c0xx_hal_uart.o(.text.UART_Start_Receive_DMA), (164 bytes).
    Removing stm32c0xx_hal_uart.o(.ARM.exidx.text.UART_Start_Receive_DMA), (8 bytes).
    Removing stm32c0xx_hal_uart.o(.text.HAL_UART_DMAPause), (130 bytes).
    Removing stm32c0xx_hal_uart.o(.ARM.exidx.text.HAL_UART_DMAPause), (8 bytes).
    Removing stm32c0xx_hal_uart.o(.text.HAL_UART_DMAResume), (128 bytes).
    Removing stm32c0xx_hal_uart.o(.ARM.exidx.text.HAL_UART_DMAResume), (8 bytes).
    Removing stm32c0xx_hal_uart.o(.text.HAL_UART_DMAStop), (288 bytes).
    Removing stm32c0xx_hal_uart.o(.ARM.exidx.text.HAL_UART_DMAStop), (8 bytes).
    Removing stm32c0xx_hal_uart.o(.text.HAL_UART_Abort), (268 bytes).
    Removing stm32c0xx_hal_uart.o(.ARM.exidx.text.HAL_UART_Abort), (8 bytes).
    Removing stm32c0xx_hal_uart.o(.text.HAL_UART_AbortTransmit), (152 bytes).
    Removing stm32c0xx_hal_uart.o(.ARM.exidx.text.HAL_UART_AbortTransmit), (8 bytes).
    Removing stm32c0xx_hal_uart.o(.text.HAL_UART_AbortReceive), (184 bytes).
    Removing stm32c0xx_hal_uart.o(.ARM.exidx.text.HAL_UART_AbortReceive), (8 bytes).
    Removing stm32c0xx_hal_uart.o(.text.HAL_UART_Abort_IT), (332 bytes).
    Removing stm32c0xx_hal_uart.o(.ARM.exidx.text.HAL_UART_Abort_IT), (8 bytes).
    Removing stm32c0xx_hal_uart.o(.text.UART_DMATxAbortCallback), (78 bytes).
    Removing stm32c0xx_hal_uart.o(.ARM.exidx.text.UART_DMATxAbortCallback), (8 bytes).
    Removing stm32c0xx_hal_uart.o(.text.UART_DMARxAbortCallback), (68 bytes).
    Removing stm32c0xx_hal_uart.o(.ARM.exidx.text.UART_DMARxAbortCallback), (8 bytes).
    Removing stm32c0xx_hal_uart.o(.text.HAL_UART_AbortCpltCallback), (2 bytes).
    Removing stm32c0xx_hal_uart.o(.ARM.exidx.text.HAL_UART_AbortCpltCallback), (8 bytes).
    Removing stm32c0xx_hal_uart.o(.text.HAL_UART_AbortTransmit_IT), (164 bytes).
    Removing stm32c0xx_hal_uart.o(.ARM.exidx.text.HAL_UART_AbortTransmit_IT), (8 bytes).
    Removing stm32c0xx_hal_uart.o(.text.UART_DMATxOnlyAbortCallback), (44 bytes).
    Removing stm32c0xx_hal_uart.o(.ARM.exidx.text.UART_DMATxOnlyAbortCallback), (8 bytes).
    Removing stm32c0xx_hal_uart.o(.text.HAL_UART_AbortTransmitCpltCallback), (2 bytes).
    Removing stm32c0xx_hal_uart.o(.ARM.exidx.text.HAL_UART_AbortTransmitCpltCallback), (8 bytes).
    Removing stm32c0xx_hal_uart.o(.text.HAL_UART_AbortReceive_IT), (200 bytes).
    Removing stm32c0xx_hal_uart.o(.ARM.exidx.text.HAL_UART_AbortReceive_IT), (8 bytes).
    Removing stm32c0xx_hal_uart.o(.text.UART_DMARxOnlyAbortCallback), (38 bytes).
    Removing stm32c0xx_hal_uart.o(.ARM.exidx.text.UART_DMARxOnlyAbortCallback), (8 bytes).
    Removing stm32c0xx_hal_uart.o(.text.HAL_UART_AbortReceiveCpltCallback), (2 bytes).
    Removing stm32c0xx_hal_uart.o(.ARM.exidx.text.HAL_UART_AbortReceiveCpltCallback), (8 bytes).
    Removing stm32c0xx_hal_uart.o(.text.HAL_UART_IRQHandler), (1088 bytes).
    Removing stm32c0xx_hal_uart.o(.ARM.exidx.text.HAL_UART_IRQHandler), (8 bytes).
    Removing stm32c0xx_hal_uart.o(.text.UART_DMAAbortOnError), (16 bytes).
    Removing stm32c0xx_hal_uart.o(.ARM.exidx.text.UART_DMAAbortOnError), (8 bytes).
    Removing stm32c0xx_hal_uart.o(.text.HAL_UART_ErrorCallback), (2 bytes).
    Removing stm32c0xx_hal_uart.o(.ARM.exidx.text.HAL_UART_ErrorCallback), (8 bytes).
    Removing stm32c0xx_hal_uart.o(.text.HAL_UARTEx_RxEventCallback), (2 bytes).
    Removing stm32c0xx_hal_uart.o(.ARM.exidx.text.HAL_UARTEx_RxEventCallback), (8 bytes).
    Removing stm32c0xx_hal_uart.o(.text.HAL_UART_TxCpltCallback), (2 bytes).
    Removing stm32c0xx_hal_uart.o(.ARM.exidx.text.HAL_UART_TxCpltCallback), (8 bytes).
    Removing stm32c0xx_hal_uart.o(.text.HAL_UART_TxHalfCpltCallback), (2 bytes).
    Removing stm32c0xx_hal_uart.o(.ARM.exidx.text.HAL_UART_TxHalfCpltCallback), (8 bytes).
    Removing stm32c0xx_hal_uart.o(.text.HAL_UART_RxCpltCallback), (2 bytes).
    Removing stm32c0xx_hal_uart.o(.ARM.exidx.text.HAL_UART_RxCpltCallback), (8 bytes).
    Removing stm32c0xx_hal_uart.o(.text.HAL_UART_RxHalfCpltCallback), (2 bytes).
    Removing stm32c0xx_hal_uart.o(.ARM.exidx.text.HAL_UART_RxHalfCpltCallback), (8 bytes).
    Removing stm32c0xx_hal_uart.o(.text.HAL_UART_ReceiverTimeout_Config), (16 bytes).
    Removing stm32c0xx_hal_uart.o(.ARM.exidx.text.HAL_UART_ReceiverTimeout_Config), (8 bytes).
    Removing stm32c0xx_hal_uart.o(.text.HAL_UART_EnableReceiverTimeout), (46 bytes).
    Removing stm32c0xx_hal_uart.o(.ARM.exidx.text.HAL_UART_EnableReceiverTimeout), (8 bytes).
    Removing stm32c0xx_hal_uart.o(.text.HAL_UART_DisableReceiverTimeout), (46 bytes).
    Removing stm32c0xx_hal_uart.o(.ARM.exidx.text.HAL_UART_DisableReceiverTimeout), (8 bytes).
    Removing stm32c0xx_hal_uart.o(.text.HAL_MultiProcessor_EnableMuteMode), (58 bytes).
    Removing stm32c0xx_hal_uart.o(.ARM.exidx.text.HAL_MultiProcessor_EnableMuteMode), (8 bytes).
    Removing stm32c0xx_hal_uart.o(.text.HAL_MultiProcessor_DisableMuteMode), (58 bytes).
    Removing stm32c0xx_hal_uart.o(.ARM.exidx.text.HAL_MultiProcessor_DisableMuteMode), (8 bytes).
    Removing stm32c0xx_hal_uart.o(.text.HAL_MultiProcessor_EnterMuteMode), (12 bytes).
    Removing stm32c0xx_hal_uart.o(.ARM.exidx.text.HAL_MultiProcessor_EnterMuteMode), (8 bytes).
    Removing stm32c0xx_hal_uart.o(.text.HAL_HalfDuplex_EnableTransmitter), (80 bytes).
    Removing stm32c0xx_hal_uart.o(.ARM.exidx.text.HAL_HalfDuplex_EnableTransmitter), (8 bytes).
    Removing stm32c0xx_hal_uart.o(.text.HAL_HalfDuplex_EnableReceiver), (80 bytes).
    Removing stm32c0xx_hal_uart.o(.ARM.exidx.text.HAL_HalfDuplex_EnableReceiver), (8 bytes).
    Removing stm32c0xx_hal_uart.o(.text.HAL_LIN_SendBreak), (40 bytes).
    Removing stm32c0xx_hal_uart.o(.ARM.exidx.text.HAL_LIN_SendBreak), (8 bytes).
    Removing stm32c0xx_hal_uart.o(.text.HAL_UART_GetState), (12 bytes).
    Removing stm32c0xx_hal_uart.o(.ARM.exidx.text.HAL_UART_GetState), (8 bytes).
    Removing stm32c0xx_hal_uart.o(.text.HAL_UART_GetError), (6 bytes).
    Removing stm32c0xx_hal_uart.o(.ARM.exidx.text.HAL_UART_GetError), (8 bytes).
    Removing stm32c0xx_hal_uart.o(.text.UART_RxISR_16BIT_FIFOEN), (428 bytes).
    Removing stm32c0xx_hal_uart.o(.ARM.exidx.text.UART_RxISR_16BIT_FIFOEN), (8 bytes).
    Removing stm32c0xx_hal_uart.o(.text.UART_RxISR_8BIT_FIFOEN), (432 bytes).
    Removing stm32c0xx_hal_uart.o(.ARM.exidx.text.UART_RxISR_8BIT_FIFOEN), (8 bytes).
    Removing stm32c0xx_hal_uart.o(.text.UART_RxISR_16BIT), (202 bytes).
    Removing stm32c0xx_hal_uart.o(.ARM.exidx.text.UART_RxISR_16BIT), (8 bytes).
    Removing stm32c0xx_hal_uart.o(.text.UART_RxISR_8BIT), (204 bytes).
    Removing stm32c0xx_hal_uart.o(.ARM.exidx.text.UART_RxISR_8BIT), (8 bytes).
    Removing stm32c0xx_hal_uart.o(.text.UART_DMAReceiveCplt), (170 bytes).
    Removing stm32c0xx_hal_uart.o(.ARM.exidx.text.UART_DMAReceiveCplt), (8 bytes).
    Removing stm32c0xx_hal_uart.o(.text.UART_DMARxHalfCplt), (56 bytes).
    Removing stm32c0xx_hal_uart.o(.ARM.exidx.text.UART_DMARxHalfCplt), (8 bytes).
    Removing stm32c0xx_hal_uart.o(.rodata.UARTPrescTable), (24 bytes).
    Removing system_stm32c0xx.o(.text), (0 bytes).
    Removing system_stm32c0xx.o(.ARM.exidx.text.SystemInit), (8 bytes).
    Removing system_stm32c0xx.o(.text.SystemCoreClockUpdate), (84 bytes).
    Removing system_stm32c0xx.o(.ARM.exidx.text.SystemCoreClockUpdate), (8 bytes).
    Removing system_stm32c0xx.o(.data.SystemCoreClock), (4 bytes).
    Removing system_stm32c0xx.o(.rodata.AHBPrescTable), (64 bytes).
    Removing system_stm32c0xx.o(.rodata.APBPrescTable), (32 bytes).
    Removing dadd.o(.text), (356 bytes).
    Removing dmul.o(.text), (208 bytes).
    Removing ddiv.o(.text), (240 bytes).
    Removing dfixul.o(.text), (64 bytes).
    Removing cdrcmple.o(.text), (40 bytes).
    Removing depilogue.o(.text), (190 bytes).
    Removing depilogue.o(i.__ARM_clz), (46 bytes).

546 unused section(s) (total 24994 bytes) removed from the image.

==============================================================================

Image Symbol Table

    Local Symbols

    Symbol Name                              Value     Ov Type        Size  Object(Section)

    ../clib/division.s                       0x00000000   Number         0  aeabi_sdivfast.o ABSOLUTE
    ../clib/division.s                       0x00000000   Number         0  aeabi_sdivfast_div0.o ABSOLUTE
    ../clib/microlib/division.c              0x00000000   Number         0  uidiv.o ABSOLUTE
    ../clib/microlib/division.c              0x00000000   Number         0  uidiv_div0.o ABSOLUTE
    ../clib/microlib/division.c              0x00000000   Number         0  idiv_div0.o ABSOLUTE
    ../clib/microlib/division.c              0x00000000   Number         0  idiv0.o ABSOLUTE
    ../clib/microlib/division.c              0x00000000   Number         0  uldiv.o ABSOLUTE
    ../clib/microlib/init/entry.s            0x00000000   Number         0  entry.o ABSOLUTE
    ../clib/microlib/init/entry.s            0x00000000   Number         0  entry2.o ABSOLUTE
    ../clib/microlib/init/entry.s            0x00000000   Number         0  entry5.o ABSOLUTE
    ../clib/microlib/init/entry.s            0x00000000   Number         0  entry7a.o ABSOLUTE
    ../clib/microlib/init/entry.s            0x00000000   Number         0  entry7b.o ABSOLUTE
    ../clib/microlib/init/entry.s            0x00000000   Number         0  entry8a.o ABSOLUTE
    ../clib/microlib/init/entry.s            0x00000000   Number         0  entry8b.o ABSOLUTE
    ../clib/microlib/init/entry.s            0x00000000   Number         0  entry9a.o ABSOLUTE
    ../clib/microlib/init/entry.s            0x00000000   Number         0  entry9b.o ABSOLUTE
    ../clib/microlib/init/entry.s            0x00000000   Number         0  entry10a.o ABSOLUTE
    ../clib/microlib/init/entry.s            0x00000000   Number         0  entry10b.o ABSOLUTE
    ../clib/microlib/init/entry.s            0x00000000   Number         0  entry11a.o ABSOLUTE
    ../clib/microlib/init/entry.s            0x00000000   Number         0  entry11b.o ABSOLUTE
    ../clib/microlib/longlong.c              0x00000000   Number         0  llshl.o ABSOLUTE
    ../clib/microlib/longlong.c              0x00000000   Number         0  llushr.o ABSOLUTE
    ../clib/microlib/longlong.c              0x00000000   Number         0  llsshr.o ABSOLUTE
    ../clib/microlib/printf/printf.c         0x00000000   Number         0  printfb.o ABSOLUTE
    ../clib/microlib/printf/printf.c         0x00000000   Number         0  printf0.o ABSOLUTE
    ../clib/microlib/printf/printf.c         0x00000000   Number         0  printf1.o ABSOLUTE
    ../clib/microlib/printf/printf.c         0x00000000   Number         0  printf2.o ABSOLUTE
    ../clib/microlib/printf/printf.c         0x00000000   Number         0  printf3.o ABSOLUTE
    ../clib/microlib/printf/printf.c         0x00000000   Number         0  printf4.o ABSOLUTE
    ../clib/microlib/printf/printf.c         0x00000000   Number         0  printf5.o ABSOLUTE
    ../clib/microlib/printf/printf.c         0x00000000   Number         0  printf6.o ABSOLUTE
    ../clib/microlib/printf/printf.c         0x00000000   Number         0  printf7.o ABSOLUTE
    ../clib/microlib/printf/printf.c         0x00000000   Number         0  printf8.o ABSOLUTE
    ../clib/microlib/printf/printf.c         0x00000000   Number         0  printfa.o ABSOLUTE
    ../clib/microlib/stdio/streams.c         0x00000000   Number         0  stdout.o ABSOLUTE
    ../clib/microlib/stubs.s                 0x00000000   Number         0  iusefp.o ABSOLUTE
    ../fplib/microlib/fpadd.c                0x00000000   Number         0  dadd.o ABSOLUTE
    ../fplib/microlib/fpdiv.c                0x00000000   Number         0  ddiv.o ABSOLUTE
    ../fplib/microlib/fpepilogue.c           0x00000000   Number         0  depilogue.o ABSOLUTE
    ../fplib/microlib/fpfix.c                0x00000000   Number         0  dfixul.o ABSOLUTE
    ../fplib/microlib/fpmul.c                0x00000000   Number         0  dmul.o ABSOLUTE
    cdrcmple.s                               0x00000000   Number         0  cdrcmple.o ABSOLUTE
    dc.s                                     0x00000000   Number         0  dc.o ABSOLUTE
    handlers.s                               0x00000000   Number         0  handlers.o ABSOLUTE
    init.s                                   0x00000000   Number         0  init.o ABSOLUTE
    main.c                                   0x00000000   Number         0  main.o ABSOLUTE
    startup_stm32c031xx.s                    0x00000000   Number         0  startup_stm32c031xx.o ABSOLUTE
    stm32c0xx_hal.c                          0x00000000   Number         0  stm32c0xx_hal.o ABSOLUTE
    stm32c0xx_hal_cortex.c                   0x00000000   Number         0  stm32c0xx_hal_cortex.o ABSOLUTE
    stm32c0xx_hal_dma.c                      0x00000000   Number         0  stm32c0xx_hal_dma.o ABSOLUTE
    stm32c0xx_hal_dma_ex.c                   0x00000000   Number         0  stm32c0xx_hal_dma_ex.o ABSOLUTE
    stm32c0xx_hal_exti.c                     0x00000000   Number         0  stm32c0xx_hal_exti.o ABSOLUTE
    stm32c0xx_hal_flash.c                    0x00000000   Number         0  stm32c0xx_hal_flash.o ABSOLUTE
    stm32c0xx_hal_flash_ex.c                 0x00000000   Number         0  stm32c0xx_hal_flash_ex.o ABSOLUTE
    stm32c0xx_hal_gpio.c                     0x00000000   Number         0  stm32c0xx_hal_gpio.o ABSOLUTE
    stm32c0xx_hal_msp.c                      0x00000000   Number         0  stm32c0xx_hal_msp.o ABSOLUTE
    stm32c0xx_hal_pwr.c                      0x00000000   Number         0  stm32c0xx_hal_pwr.o ABSOLUTE
    stm32c0xx_hal_pwr_ex.c                   0x00000000   Number         0  stm32c0xx_hal_pwr_ex.o ABSOLUTE
    stm32c0xx_hal_rcc.c                      0x00000000   Number         0  stm32c0xx_hal_rcc.o ABSOLUTE
    stm32c0xx_hal_rcc_ex.c                   0x00000000   Number         0  stm32c0xx_hal_rcc_ex.o ABSOLUTE
    stm32c0xx_hal_tim.c                      0x00000000   Number         0  stm32c0xx_hal_tim.o ABSOLUTE
    stm32c0xx_hal_tim_ex.c                   0x00000000   Number         0  stm32c0xx_hal_tim_ex.o ABSOLUTE
    stm32c0xx_hal_uart.c                     0x00000000   Number         0  stm32c0xx_hal_uart.o ABSOLUTE
    stm32c0xx_hal_uart_ex.c                  0x00000000   Number         0  stm32c0xx_hal_uart_ex.o ABSOLUTE
    stm32c0xx_hal_usart.c                    0x00000000   Number         0  stm32c0xx_hal_usart.o ABSOLUTE
    stm32c0xx_hal_usart_ex.c                 0x00000000   Number         0  stm32c0xx_hal_usart_ex.o ABSOLUTE
    stm32c0xx_it.c                           0x00000000   Number         0  stm32c0xx_it.o ABSOLUTE
    stm32c0xx_nucleo.c                       0x00000000   Number         0  stm32c0xx_nucleo.o ABSOLUTE
    system_stm32c0xx.c                       0x00000000   Number         0  system_stm32c0xx.o ABSOLUTE
    RESET                                    0x08000000   Section      192  startup_stm32c031xx.o(RESET)
    .ARM.Collect$$$$00000000                 0x080000c0   Section        0  entry.o(.ARM.Collect$$$$00000000)
    .ARM.Collect$$$$00000001                 0x080000c0   Section        4  entry2.o(.ARM.Collect$$$$00000001)
    .ARM.Collect$$$$00000004                 0x080000c4   Section        4  entry5.o(.ARM.Collect$$$$00000004)
    .ARM.Collect$$$$00000008                 0x080000c8   Section        0  entry7b.o(.ARM.Collect$$$$00000008)
    .ARM.Collect$$$$0000000A                 0x080000c8   Section        0  entry8b.o(.ARM.Collect$$$$0000000A)
    .ARM.Collect$$$$0000000B                 0x080000c8   Section        8  entry9a.o(.ARM.Collect$$$$0000000B)
    __lit__00000000                          0x080000d0   Data           4  entry2.o(.ARM.Collect$$$$00002712)
    .ARM.Collect$$$$0000000D                 0x080000d0   Section        0  entry10a.o(.ARM.Collect$$$$0000000D)
    .ARM.Collect$$$$0000000F                 0x080000d0   Section        0  entry11a.o(.ARM.Collect$$$$0000000F)
    .ARM.Collect$$$$00002712                 0x080000d0   Section        4  entry2.o(.ARM.Collect$$$$00002712)
    .text                                    0x080000d4   Section       28  startup_stm32c031xx.o(.text)
    .text                                    0x080000f0   Section       48  init.o(.text)
    [Anonymous Symbol]                       0x08000120   Section        0  stm32c0xx_nucleo.o(.text.BSP_PB_IRQHandler)
    __arm_cp.13_0                            0x08000130   Number         4  stm32c0xx_nucleo.o(.text.BSP_PB_IRQHandler)
    [Anonymous Symbol]                       0x08000134   Section        0  stm32c0xx_it.o(.text.EXTI4_15_IRQHandler)
    [Anonymous Symbol]                       0x08000140   Section        0  stm32c0xx_hal_exti.o(.text.HAL_EXTI_IRQHandler)
    __arm_cp.5_0                             0x08000180   Number         4  stm32c0xx_hal_exti.o(.text.HAL_EXTI_IRQHandler)
    [Anonymous Symbol]                       0x08000184   Section        0  stm32c0xx_hal.o(.text.HAL_GetTick)
    [Anonymous Symbol]                       0x0800018c   Section        0  stm32c0xx_hal.o(.text.HAL_IncTick)
    __arm_cp.5_0                             0x0800019c   Number         4  stm32c0xx_hal.o(.text.HAL_IncTick)
    __arm_cp.5_1                             0x080001a0   Number         4  stm32c0xx_hal.o(.text.HAL_IncTick)
    [Anonymous Symbol]                       0x080001a4   Section        0  stm32c0xx_hal_uart.o(.text.HAL_UART_Transmit)
    __arm_cp.10_0                            0x080002a8   Number         4  stm32c0xx_hal_uart.o(.text.HAL_UART_Transmit)
    [Anonymous Symbol]                       0x080002ac   Section        0  stm32c0xx_it.o(.text.HardFault_Handler)
    [Anonymous Symbol]                       0x080002ae   Section        0  stm32c0xx_it.o(.text.NMI_Handler)
    [Anonymous Symbol]                       0x080002b0   Section        0  stm32c0xx_it.o(.text.PendSV_Handler)
    [Anonymous Symbol]                       0x080002b2   Section        0  stm32c0xx_it.o(.text.SVC_Handler)
    [Anonymous Symbol]                       0x080002b4   Section        0  stm32c0xx_it.o(.text.SysTick_Handler)
    [Anonymous Symbol]                       0x080002bc   Section        0  system_stm32c0xx.o(.text.SystemInit)
    __arm_cp.0_0                             0x080002c8   Number         4  system_stm32c0xx.o(.text.SystemInit)
    [Anonymous Symbol]                       0x080002cc   Section        0  stm32c0xx_nucleo.o(.text.fputc)
    __arm_cp.19_0                            0x080002f0   Number         4  stm32c0xx_nucleo.o(.text.fputc)
    __arm_cp.19_1                            0x080002f4   Number         4  stm32c0xx_nucleo.o(.text.fputc)
    [Anonymous Symbol]                       0x080002f8   Section        0  main.o(.text.main)
    i.__0printf$bare                         0x08000314   Section        0  printfb.o(i.__0printf$bare)
    i.__scatterload_copy                     0x08000328   Section       14  handlers.o(i.__scatterload_copy)
    i.__scatterload_null                     0x08000336   Section        2  handlers.o(i.__scatterload_null)
    i.__scatterload_zeroinit                 0x08000338   Section       14  handlers.o(i.__scatterload_zeroinit)
    _printf_core                             0x08000347   Thumb Code    30  printfb.o(i._printf_core)
    i._printf_core                           0x08000346   Section        0  printfb.o(i._printf_core)
    .data                                    0x20000000   Section        4  stdout.o(.data)
    COM_ActiveLogPort                        0x20000008   Data           1  stm32c0xx_nucleo.o(.bss.COM_ActiveLogPort)
    [Anonymous Symbol]                       0x20000008   Section        0  stm32c0xx_nucleo.o(.bss.COM_ActiveLogPort)
    STACK                                    0x200000b0   Section     1024  startup_stm32c031xx.o(STACK)

    Global Symbols

    Symbol Name                              Value     Ov Type        Size  Object(Section)

    BuildAttributes$$THM_ISAv3M$S$PE$A:L22$X:L11$S22$IEEE1$IW$~IW$USESV6$~STKCKD$USESV7$~SHL$OTIME$ROPI$EBA8$MICROLIB$REQ8$PRES8$EABIv2 0x00000000   Number         0  anon$$obj.o ABSOLUTE
    __cpp_initialize__aeabi_                  - Undefined Weak Reference
    __cxa_finalize                            - Undefined Weak Reference
    __decompress                              - Undefined Weak Reference
    _clock_init                               - Undefined Weak Reference
    _microlib_exit                            - Undefined Weak Reference
    __Vectors_Size                           0x000000c0   Number         0  startup_stm32c031xx.o ABSOLUTE
    __Vectors                                0x08000000   Data           4  startup_stm32c031xx.o(RESET)
    __Vectors_End                            0x080000c0   Data           0  startup_stm32c031xx.o(RESET)
    __main                                   0x080000c1   Thumb Code     0  entry.o(.ARM.Collect$$$$00000000)
    _main_stk                                0x080000c1   Thumb Code     0  entry2.o(.ARM.Collect$$$$00000001)
    _main_scatterload                        0x080000c5   Thumb Code     0  entry5.o(.ARM.Collect$$$$00000004)
    __main_after_scatterload                 0x080000c9   Thumb Code     0  entry5.o(.ARM.Collect$$$$00000004)
    _main_clock                              0x080000c9   Thumb Code     0  entry7b.o(.ARM.Collect$$$$00000008)
    _main_cpp_init                           0x080000c9   Thumb Code     0  entry8b.o(.ARM.Collect$$$$0000000A)
    _main_init                               0x080000c9   Thumb Code     0  entry9a.o(.ARM.Collect$$$$0000000B)
    __rt_final_cpp                           0x080000d1   Thumb Code     0  entry10a.o(.ARM.Collect$$$$0000000D)
    __rt_final_exit                          0x080000d1   Thumb Code     0  entry11a.o(.ARM.Collect$$$$0000000F)
    Reset_Handler                            0x080000d5   Thumb Code     8  startup_stm32c031xx.o(.text)
    ADC1_IRQHandler                          0x080000e7   Thumb Code     0  startup_stm32c031xx.o(.text)
    DMA1_Channel1_IRQHandler                 0x080000e7   Thumb Code     0  startup_stm32c031xx.o(.text)
    DMA1_Channel2_3_IRQHandler               0x080000e7   Thumb Code     0  startup_stm32c031xx.o(.text)
    DMAMUX1_IRQHandler                       0x080000e7   Thumb Code     0  startup_stm32c031xx.o(.text)
    EXTI0_1_IRQHandler                       0x080000e7   Thumb Code     0  startup_stm32c031xx.o(.text)
    EXTI2_3_IRQHandler                       0x080000e7   Thumb Code     0  startup_stm32c031xx.o(.text)
    FLASH_IRQHandler                         0x080000e7   Thumb Code     0  startup_stm32c031xx.o(.text)
    I2C1_IRQHandler                          0x080000e7   Thumb Code     0  startup_stm32c031xx.o(.text)
    RCC_IRQHandler                           0x080000e7   Thumb Code     0  startup_stm32c031xx.o(.text)
    RTC_IRQHandler                           0x080000e7   Thumb Code     0  startup_stm32c031xx.o(.text)
    SPI1_IRQHandler                          0x080000e7   Thumb Code     0  startup_stm32c031xx.o(.text)
    TIM14_IRQHandler                         0x080000e7   Thumb Code     0  startup_stm32c031xx.o(.text)
    TIM16_IRQHandler                         0x080000e7   Thumb Code     0  startup_stm32c031xx.o(.text)
    TIM17_IRQHandler                         0x080000e7   Thumb Code     0  startup_stm32c031xx.o(.text)
    TIM1_BRK_UP_TRG_COM_IRQHandler           0x080000e7   Thumb Code     0  startup_stm32c031xx.o(.text)
    TIM1_CC_IRQHandler                       0x080000e7   Thumb Code     0  startup_stm32c031xx.o(.text)
    TIM3_IRQHandler                          0x080000e7   Thumb Code     0  startup_stm32c031xx.o(.text)
    USART1_IRQHandler                        0x080000e7   Thumb Code     0  startup_stm32c031xx.o(.text)
    USART2_IRQHandler                        0x080000e7   Thumb Code     0  startup_stm32c031xx.o(.text)
    WWDG_IRQHandler                          0x080000e7   Thumb Code     0  startup_stm32c031xx.o(.text)
    __scatterload                            0x080000f1   Thumb Code    38  init.o(.text)
    __scatterload_rt2                        0x080000f1   Thumb Code     0  init.o(.text)
    BSP_PB_IRQHandler                        0x08000121   Thumb Code    16  stm32c0xx_nucleo.o(.text.BSP_PB_IRQHandler)
    EXTI4_15_IRQHandler                      0x08000135   Thumb Code    10  stm32c0xx_it.o(.text.EXTI4_15_IRQHandler)
    HAL_EXTI_IRQHandler                      0x08000141   Thumb Code    64  stm32c0xx_hal_exti.o(.text.HAL_EXTI_IRQHandler)
    HAL_GetTick                              0x08000185   Thumb Code     8  stm32c0xx_hal.o(.text.HAL_GetTick)
    HAL_IncTick                              0x0800018d   Thumb Code    16  stm32c0xx_hal.o(.text.HAL_IncTick)
    HAL_UART_Transmit                        0x080001a5   Thumb Code   260  stm32c0xx_hal_uart.o(.text.HAL_UART_Transmit)
    HardFault_Handler                        0x080002ad   Thumb Code     2  stm32c0xx_it.o(.text.HardFault_Handler)
    NMI_Handler                              0x080002af   Thumb Code     2  stm32c0xx_it.o(.text.NMI_Handler)
    PendSV_Handler                           0x080002b1   Thumb Code     2  stm32c0xx_it.o(.text.PendSV_Handler)
    SVC_Handler                              0x080002b3   Thumb Code     2  stm32c0xx_it.o(.text.SVC_Handler)
    SysTick_Handler                          0x080002b5   Thumb Code     8  stm32c0xx_it.o(.text.SysTick_Handler)
    SystemInit                               0x080002bd   Thumb Code    12  system_stm32c0xx.o(.text.SystemInit)
    fputc                                    0x080002cd   Thumb Code    36  stm32c0xx_nucleo.o(.text.fputc)
    main                                     0x080002f9   Thumb Code    12  main.o(.text.main)
    __0printf$bare                           0x08000315   Thumb Code    12  printfb.o(i.__0printf$bare)
    __1printf$bare                           0x08000315   Thumb Code     0  printfb.o(i.__0printf$bare)
    __2printf                                0x08000315   Thumb Code     0  printfb.o(i.__0printf$bare)
    __scatterload_copy                       0x08000329   Thumb Code    14  handlers.o(i.__scatterload_copy)
    __scatterload_null                       0x08000337   Thumb Code     2  handlers.o(i.__scatterload_null)
    __scatterload_zeroinit                   0x08000339   Thumb Code    14  handlers.o(i.__scatterload_zeroinit)
    Region$$Table$$Base                      0x08000364   Number         0  anon$$obj.o(Region$$Table)
    Region$$Table$$Limit                     0x08000384   Number         0  anon$$obj.o(Region$$Table)
    __stdout                                 0x20000000   Data           4  stdout.o(.data)
    uwTickFreq                               0x20000004   Data           1  stm32c0xx_hal.o(.data.uwTickFreq)
    hcom_uart                                0x2000000c   Data         148  stm32c0xx_nucleo.o(.bss.hcom_uart)
    hpb_exti                                 0x200000a0   Data          12  stm32c0xx_nucleo.o(.bss.hpb_exti)
    uwTick                                   0x200000ac   Data           4  stm32c0xx_hal.o(.bss.uwTick)
    __initial_sp                             0x200004b0   Data           0  startup_stm32c031xx.o(STACK)



==============================================================================

Memory Map of the image

  Image Entry point : 0x080000c1

  Load Region LR_IROM1 (Base: 0x08000000, Size: 0x00000390, Max: 0x00008000, ABSOLUTE)

    Execution Region ER_IROM1 (Exec base: 0x08000000, Load base: 0x08000000, Size: 0x00000384, Max: 0x00008000, ABSOLUTE)

    Exec Addr    Load Addr    Size         Type   Attr      Idx    E Section Name        Object

    0x08000000   0x08000000   0x000000c0   Data   RO            3    RESET               startup_stm32c031xx.o
    0x080000c0   0x080000c0   0x00000000   Code   RO          696  * .ARM.Collect$$$$00000000  mc_p.l(entry.o)
    0x080000c0   0x080000c0   0x00000004   Code   RO          965    .ARM.Collect$$$$00000001  mc_p.l(entry2.o)
    0x080000c4   0x080000c4   0x00000004   Code   RO          968    .ARM.Collect$$$$00000004  mc_p.l(entry5.o)
    0x080000c8   0x080000c8   0x00000000   Code   RO          970    .ARM.Collect$$$$00000008  mc_p.l(entry7b.o)
    0x080000c8   0x080000c8   0x00000000   Code   RO          972    .ARM.Collect$$$$0000000A  mc_p.l(entry8b.o)
    0x080000c8   0x080000c8   0x00000008   Code   RO          973    .ARM.Collect$$$$0000000B  mc_p.l(entry9a.o)
    0x080000d0   0x080000d0   0x00000000   Code   RO          975    .ARM.Collect$$$$0000000D  mc_p.l(entry10a.o)
    0x080000d0   0x080000d0   0x00000000   Code   RO          977    .ARM.Collect$$$$0000000F  mc_p.l(entry11a.o)
    0x080000d0   0x080000d0   0x00000004   Code   RO          966    .ARM.Collect$$$$00002712  mc_p.l(entry2.o)
    0x080000d4   0x080000d4   0x0000001c   Code   RO            4    .text               startup_stm32c031xx.o
    0x080000f0   0x080000f0   0x00000030   Code   RO         1003    .text               mc_p.l(init.o)
    0x08000120   0x08000120   0x00000014   Code   RO           74    .text.BSP_PB_IRQHandler  stm32c0xx_nucleo.o
    0x08000134   0x08000134   0x0000000a   Code   RO           31    .text.EXTI4_15_IRQHandler  stm32c0xx_it.o
    0x0800013e   0x0800013e   0x00000002   PAD
    0x08000140   0x08000140   0x00000044   Code   RO          479    .text.HAL_EXTI_IRQHandler  stm32c0xx_hal_exti.o
    0x08000184   0x08000184   0x00000008   Code   RO          115    .text.HAL_GetTick   stm32c0xx_hal.o
    0x0800018c   0x0800018c   0x00000018   Code   RO          113    .text.HAL_IncTick   stm32c0xx_hal.o
    0x080001a4   0x080001a4   0x00000108   Code   RO          559    .text.HAL_UART_Transmit  stm32c0xx_hal_uart.o
    0x080002ac   0x080002ac   0x00000002   Code   RO           23    .text.HardFault_Handler  stm32c0xx_it.o
    0x080002ae   0x080002ae   0x00000002   Code   RO           21    .text.NMI_Handler   stm32c0xx_it.o
    0x080002b0   0x080002b0   0x00000002   Code   RO           27    .text.PendSV_Handler  stm32c0xx_it.o
    0x080002b2   0x080002b2   0x00000002   Code   RO           25    .text.SVC_Handler   stm32c0xx_it.o
    0x080002b4   0x080002b4   0x00000008   Code   RO           29    .text.SysTick_Handler  stm32c0xx_it.o
    0x080002bc   0x080002bc   0x00000010   Code   RO          682    .text.SystemInit    system_stm32c0xx.o
    0x080002cc   0x080002cc   0x0000002c   Code   RO           86    .text.fputc         stm32c0xx_nucleo.o
    0x080002f8   0x080002f8   0x0000001c   Code   RO           11    .text.main          main.o
    0x08000314   0x08000314   0x00000014   Code   RO          706    i.__0printf$bare    mc_p.l(printfb.o)
    0x08000328   0x08000328   0x0000000e   Code   RO         1017    i.__scatterload_copy  mc_p.l(handlers.o)
    0x08000336   0x08000336   0x00000002   Code   RO         1018    i.__scatterload_null  mc_p.l(handlers.o)
    0x08000338   0x08000338   0x0000000e   Code   RO         1019    i.__scatterload_zeroinit  mc_p.l(handlers.o)
    0x08000346   0x08000346   0x0000001e   Code   RO          713    i._printf_core      mc_p.l(printfb.o)
    0x08000364   0x08000364   0x00000020   Data   RO         1016    Region$$Table       anon$$obj.o


    Execution Region RW_IRAM1 (Exec base: 0x20000000, Load base: 0x08000388, Size: 0x000004b0, Max: 0x00003000, ABSOLUTE)

    Exec Addr    Load Addr    Size         Type   Attr      Idx    E Section Name        Object

    0x20000000   0x08000388   0x00000004   Data   RW          979    .data               mc_p.l(stdout.o)
    0x20000004   0x0800038c   0x00000001   Data   RW          158    .data.uwTickFreq    stm32c0xx_hal.o
    0x20000005   0x0800038d   0x00000003   PAD
    0x20000008        -       0x00000001   Zero   RW           93    .bss.COM_ActiveLogPort  stm32c0xx_nucleo.o
    0x20000009   0x0800038d   0x00000003   PAD
    0x2000000c        -       0x00000094   Zero   RW           92    .bss.hcom_uart      stm32c0xx_nucleo.o
    0x200000a0        -       0x0000000c   Zero   RW           91    .bss.hpb_exti       stm32c0xx_nucleo.o
    0x200000ac        -       0x00000004   Zero   RW          159    .bss.uwTick         stm32c0xx_hal.o
    0x200000b0        -       0x00000400   Zero   RW            1    STACK               startup_stm32c031xx.o


==============================================================================

Image component sizes


      Code (inc. data)   RO Data    RW Data    ZI Data      Debug   Object Name

        28         16          0          0          0        591   main.o
        28          8        192          0       1024        640   startup_stm32c031xx.o
        32          8          0          1          4       6574   stm32c0xx_hal.o
        68          4          0          0          0       5971   stm32c0xx_hal_exti.o
       264          4          0          0          0      47066   stm32c0xx_hal_uart.o
        26          0          0          0          0        985   stm32c0xx_it.o
        64         12          0          0        161      12834   stm32c0xx_nucleo.o
        16          4          0          0          0       1954   system_stm32c0xx.o

    ----------------------------------------------------------------------
       528         56        224          4       1192      76615   Object Totals
         0          0         32          0          0          0   (incl. Generated)
         2          0          0          3          3          0   (incl. Padding)

    ----------------------------------------------------------------------

      Code (inc. data)   RO Data    RW Data    ZI Data      Debug   Library Member Name

         0          0          0          0          0          0   entry.o
         0          0          0          0          0          0   entry10a.o
         0          0          0          0          0          0   entry11a.o
         8          4          0          0          0          0   entry2.o
         4          0          0          0          0          0   entry5.o
         0          0          0          0          0          0   entry7b.o
         0          0          0          0          0          0   entry8b.o
         8          4          0          0          0          0   entry9a.o
        30          0          0          0          0          0   handlers.o
        48         10          0          0          0         68   init.o
        50          8          0          0          0        144   printfb.o
         0          0          0          4          0          0   stdout.o

    ----------------------------------------------------------------------
       148         26          0          4          0        212   Library Totals
         0          0          0          0          0          0   (incl. Padding)

    ----------------------------------------------------------------------

      Code (inc. data)   RO Data    RW Data    ZI Data      Debug   Library Name

       148         26          0          4          0        212   mc_p.l

    ----------------------------------------------------------------------
       148         26          0          4          0        212   Library Totals

    ----------------------------------------------------------------------

==============================================================================


      Code (inc. data)   RO Data    RW Data    ZI Data      Debug   

       676         82        224          8       1192      76815   Grand Totals
       676         82        224          8       1192      76815   ELF Image Totals
       676         82        224          8          0          0   ROM Totals

==============================================================================

    Total RO  Size (Code + RO Data)                  900 (   0.88kB)
    Total RW  Size (RW Data + ZI Data)              1200 (   1.17kB)
    Total ROM Size (Code + RO Data + RW Data)        908 (   0.89kB)

==============================================================================

