Component: Arm Compiler for Embedded 6.21 Tool: armlink [5ec1fa00]

==============================================================================

Section Cross References

    startup_stm32c031xx.o(STACK) refers (Special) to heapauxi.o(.text) for __use_two_region_memory
    startup_stm32c031xx.o(HEAP) refers (Special) to heapauxi.o(.text) for __use_two_region_memory
    startup_stm32c031xx.o(RESET) refers (Special) to heapauxi.o(.text) for __use_two_region_memory
    startup_stm32c031xx.o(RESET) refers to startup_stm32c031xx.o(STACK) for __initial_sp
    startup_stm32c031xx.o(RESET) refers to startup_stm32c031xx.o(.text) for Reset_Handler
    startup_stm32c031xx.o(.text) refers (Special) to heapauxi.o(.text) for __use_two_region_memory
    startup_stm32c031xx.o(.text) refers to system_stm32c0xx.o(.text.SystemInit) for SystemInit
    startup_stm32c031xx.o(.text) refers to __main.o(!!!main) for __main
    startup_stm32c031xx.o(.text) refers to startup_stm32c031xx.o(HEAP) for Heap_Mem
    startup_stm32c031xx.o(.text) refers to startup_stm32c031xx.o(STACK) for Stack_Mem
    main.o(.text.main) refers to config.o(.text.SysClock_Config) for SysClock_Config
    main.o(.text.main) refers to config.o(.text.GPIO_Config) for GPIO_Config
    main.o(.text.main) refers to config.o(.text.Timer_Config) for Timer_Config
    main.o(.text.main) refers to usart.o(.text.UART2_Config) for UART2_Config
    main.o(.text.main) refers to usart.o(.text.UART2_PutS) for UART2_PutS
    main.o(.text.main) refers to led.o(.text.LED_Toggle) for LED_Toggle
    main.o(.text.main) refers to config.o(.text.delay_ms) for delay_ms
    main.o(.ARM.exidx.text.main) refers to main.o(.text.main) for [Anonymous Symbol]
    config.o(.ARM.exidx.text.SysClock_Config) refers to config.o(.text.SysClock_Config) for [Anonymous Symbol]
    config.o(.ARM.exidx.text.GPIO_Config) refers to config.o(.text.GPIO_Config) for [Anonymous Symbol]
    config.o(.ARM.exidx.text.Timer_Config) refers to config.o(.text.Timer_Config) for [Anonymous Symbol]
    config.o(.ARM.exidx.text.delay_us) refers to config.o(.text.delay_us) for [Anonymous Symbol]
    config.o(.ARM.exidx.text.delay_ms) refers to config.o(.text.delay_ms) for [Anonymous Symbol]
    usart.o(.ARM.exidx.text.UART2_Config) refers to usart.o(.text.UART2_Config) for [Anonymous Symbol]
    usart.o(.ARM.exidx.text.UART2_PutC) refers to usart.o(.text.UART2_PutC) for [Anonymous Symbol]
    usart.o(.ARM.exidx.text.UART2_PutS) refers to usart.o(.text.UART2_PutS) for [Anonymous Symbol]
    led.o(.text.LED_Toggle) refers to led.o(.bss.status) for [Anonymous Symbol]
    led.o(.ARM.exidx.text.LED_Toggle) refers to led.o(.text.LED_Toggle) for [Anonymous Symbol]
    stm32c0xx_hal_cortex.o(.ARM.exidx.text.HAL_NVIC_SetPriority) refers to stm32c0xx_hal_cortex.o(.text.HAL_NVIC_SetPriority) for [Anonymous Symbol]
    stm32c0xx_hal_cortex.o(.ARM.exidx.text.HAL_NVIC_EnableIRQ) refers to stm32c0xx_hal_cortex.o(.text.HAL_NVIC_EnableIRQ) for [Anonymous Symbol]
    stm32c0xx_hal_cortex.o(.ARM.exidx.text.HAL_NVIC_DisableIRQ) refers to stm32c0xx_hal_cortex.o(.text.HAL_NVIC_DisableIRQ) for [Anonymous Symbol]
    stm32c0xx_hal_cortex.o(.ARM.exidx.text.HAL_NVIC_SystemReset) refers to stm32c0xx_hal_cortex.o(.text.HAL_NVIC_SystemReset) for [Anonymous Symbol]
    stm32c0xx_hal_cortex.o(.ARM.exidx.text.HAL_SYSTICK_Config) refers to stm32c0xx_hal_cortex.o(.text.HAL_SYSTICK_Config) for [Anonymous Symbol]
    stm32c0xx_hal_cortex.o(.ARM.exidx.text.HAL_NVIC_GetPriority) refers to stm32c0xx_hal_cortex.o(.text.HAL_NVIC_GetPriority) for [Anonymous Symbol]
    stm32c0xx_hal_cortex.o(.ARM.exidx.text.HAL_NVIC_SetPendingIRQ) refers to stm32c0xx_hal_cortex.o(.text.HAL_NVIC_SetPendingIRQ) for [Anonymous Symbol]
    stm32c0xx_hal_cortex.o(.ARM.exidx.text.HAL_NVIC_GetPendingIRQ) refers to stm32c0xx_hal_cortex.o(.text.HAL_NVIC_GetPendingIRQ) for [Anonymous Symbol]
    stm32c0xx_hal_cortex.o(.ARM.exidx.text.HAL_NVIC_ClearPendingIRQ) refers to stm32c0xx_hal_cortex.o(.text.HAL_NVIC_ClearPendingIRQ) for [Anonymous Symbol]
    stm32c0xx_hal_cortex.o(.ARM.exidx.text.HAL_SYSTICK_CLKSourceConfig) refers to stm32c0xx_hal_cortex.o(.text.HAL_SYSTICK_CLKSourceConfig) for [Anonymous Symbol]
    stm32c0xx_hal_cortex.o(.text.HAL_SYSTICK_IRQHandler) refers to stm32c0xx_hal_cortex.o(.text.HAL_SYSTICK_Callback) for HAL_SYSTICK_Callback
    stm32c0xx_hal_cortex.o(.ARM.exidx.text.HAL_SYSTICK_IRQHandler) refers to stm32c0xx_hal_cortex.o(.text.HAL_SYSTICK_IRQHandler) for [Anonymous Symbol]
    stm32c0xx_hal_cortex.o(.ARM.exidx.text.HAL_SYSTICK_Callback) refers to stm32c0xx_hal_cortex.o(.text.HAL_SYSTICK_Callback) for [Anonymous Symbol]
    stm32c0xx_hal_cortex.o(.ARM.exidx.text.HAL_MPU_Enable) refers to stm32c0xx_hal_cortex.o(.text.HAL_MPU_Enable) for [Anonymous Symbol]
    stm32c0xx_hal_cortex.o(.ARM.exidx.text.HAL_MPU_Disable) refers to stm32c0xx_hal_cortex.o(.text.HAL_MPU_Disable) for [Anonymous Symbol]
[...]
    stm32c0xx_hal_flash_ex.o(.text.HAL_FLASHEx_OBProgram) refers to stm32c0xx_hal_flash.o(.bss.pFlash) for pFlash
    stm32c0xx_hal_flash_ex.o(.ARM.exidx.text.HAL_FLASHEx_OBProgram) refers to stm32c0xx_hal_flash_ex.o(.text.HAL_FLASHEx_OBProgram) for [Anonymous Symbol]
    stm32c0xx_hal_flash_ex.o(.ARM.exidx.text.HAL_FLASHEx_OBGetConfig) refers to stm32c0xx_hal_flash_ex.o(.text.HAL_FLASHEx_OBGetConfig) for [Anonymous Symbol]
    stm32c0xx_hal_flash_ex.o(.ARM.exidx.text.HAL_FLASHEx_EnableDebugger) refers to stm32c0xx_hal_flash_ex.o(.text.HAL_FLASHEx_EnableDebugger) for [Anonymous Symbol]
    stm32c0xx_hal_flash_ex.o(.ARM.exidx.text.HAL_FLASHEx_DisableDebugger) refers to stm32c0xx_hal_flash_ex.o(.text.HAL_FLASHEx_DisableDebugger) for [Anonymous Symbol]
    stm32c0xx_hal_flash_ex.o(.ARM.exidx.text.HAL_FLASHEx_FlashEmptyCheck) refers to stm32c0xx_hal_flash_ex.o(.text.HAL_FLASHEx_FlashEmptyCheck) for [Anonymous Symbol]
    stm32c0xx_hal_flash_ex.o(.ARM.exidx.text.HAL_FLASHEx_ForceFlashEmpty) refers to stm32c0xx_hal_flash_ex.o(.text.HAL_FLASHEx_ForceFlashEmpty) for [Anonymous Symbol]
    stm32c0xx_hal_flash_ex.o(.ARM.exidx.text.HAL_FLASHEx_EnableSecMemProtection) refers to stm32c0xx_hal_flash_ex.o(.text.HAL_FLASHEx_EnableSecMemProtection) for [Anonymous Symbol]
    stm32c0xx_hal_flash_ex.o(.ARM.exidx.text.FLASH_FlushCaches) refers to stm32c0xx_hal_flash_ex.o(.text.FLASH_FlushCaches) for [Anonymous Symbol]
    stm32c0xx_hal_gpio.o(.ARM.exidx.text.HAL_GPIO_Init) refers to stm32c0xx_hal_gpio.o(.text.HAL_GPIO_Init) for [Anonymous Symbol]
    stm32c0xx_hal_gpio.o(.ARM.exidx.text.HAL_GPIO_DeInit) refers to stm32c0xx_hal_gpio.o(.text.HAL_GPIO_DeInit) for [Anonymous Symbol]
    stm32c0xx_hal_gpio.o(.ARM.exidx.text.HAL_GPIO_ReadPin) refers to stm32c0xx_hal_gpio.o(.text.HAL_GPIO_ReadPin) for [Anonymous Symbol]
    stm32c0xx_hal_gpio.o(.ARM.exidx.text.HAL_GPIO_WritePin) refers to stm32c0xx_hal_gpio.o(.text.HAL_GPIO_WritePin) for [Anonymous Symbol]
    stm32c0xx_hal_gpio.o(.ARM.exidx.text.HAL_GPIO_WriteMultipleStatePin) refers to stm32c0xx_hal_gpio.o(.text.HAL_GPIO_WriteMultipleStatePin) for [Anonymous Symbol]
    stm32c0xx_hal_gpio.o(.ARM.exidx.text.HAL_GPIO_TogglePin) refers to stm32c0xx_hal_gpio.o(.text.HAL_GPIO_TogglePin) for [Anonymous Symbol]
    stm32c0xx_hal_gpio.o(.ARM.exidx.text.HAL_GPIO_LockPin) refers to stm32c0xx_hal_gpio.o(.text.HAL_GPIO_LockPin) for [Anonymous Symbol]
    stm32c0xx_hal_gpio.o(.text.HAL_GPIO_EXTI_IRQHandler) refers to stm32c0xx_hal_gpio.o(.text.HAL_GPIO_EXTI_Rising_Callback) for HAL_GPIO_EXTI_Rising_Callback
    stm32c0xx_hal_gpio.o(.text.HAL_GPIO_EXTI_IRQHandler) refers to stm32c0xx_hal_gpio.o(.text.HAL_GPIO_EXTI_Falling_Callback) for HAL_GPIO_EXTI_Falling_Callback
    stm32c0xx_hal_gpio.o(.ARM.exidx.text.HAL_GPIO_EXTI_IRQHandler) refers to stm32c0xx_hal_gpio.o(.text.HAL_GPIO_EXTI_IRQHandler) for [Anonymous Symbol]
    stm32c0xx_hal_gpio.o(.ARM.exidx.text.HAL_GPIO_EXTI_Rising_Callback) refers to stm32c0xx_hal_gpio.o(.text.HAL_GPIO_EXTI_Rising_Callback) for [Anonymous Symbol]
    stm32c0xx_hal_gpio.o(.ARM.exidx.text.HAL_GPIO_EXTI_Falling_Callback) refers to stm32c0xx_hal_gpio.o(.text.HAL_GPIO_EXTI_Falling_Callback) for [Anonymous Symbol]
    stm32c0xx_hal_dma.o(.text.HAL_DMA_Init) refers to aeabi_sdivfast.o(.text_divfast) for __aeabi_uidiv
    stm32c0xx_hal_dma.o(.ARM.exidx.text.HAL_DMA_Init) refers to stm32c0xx_hal_dma.o(.text.HAL_DMA_Init) for [Anonymous Symbol]
    stm32c0xx_hal_dma.o(.text.HAL_DMA_DeInit) refers to aeabi_sdivfast.o(.text_divfast) for __aeabi_uidiv
    stm32c0xx_hal_dma.o(.ARM.exidx.text.HAL_DMA_DeInit) refers to stm32c0xx_hal_dma.o(.text.HAL_DMA_DeInit) for [Anonymous Symbol]
    stm32c0xx_hal_dma.o(.ARM.exidx.text.HAL_DMA_Start) refers to stm32c0xx_hal_dma.o(.text.HAL_DMA_Start) for [Anonymous Symbol]
    stm32c0xx_hal_dma.o(.ARM.exidx.text.HAL_DMA_Start_IT) refers to stm32c0xx_hal_dma.o(.text.HAL_DMA_Start_IT) for [Anonymous Symbol]
    stm32c0xx_hal_dma.o(.ARM.exidx.text.HAL_DMA_Abort) refers to stm32c0xx_hal_dma.o(.text.HAL_DMA_Abort) for [Anonymous Symbol]
    stm32c0xx_hal_dma.o(.ARM.exidx.text.HAL_DMA_Abort_IT) refers to stm32c0xx_hal_dma.o(.text.HAL_DMA_Abort_IT) for [Anonymous Symbol]
    stm32c0xx_hal_dma.o(.text.HAL_DMA_PollForTransfer) refers to stm32c0xx_hal.o(.text.HAL_GetTick) for HAL_GetTick
    stm32c0xx_hal_dma.o(.ARM.exidx.text.HAL_DMA_PollForTransfer) refers to stm32c0xx_hal_dma.o(.text.HAL_DMA_PollForTransfer) for [Anonymous Symbol]
    stm32c0xx_hal_dma.o(.ARM.exidx.text.HAL_DMA_IRQHandler) refers to stm32c0xx_hal_dma.o(.text.HAL_DMA_IRQHandler) for [Anonymous Symbol]
    stm32c0xx_hal_dma.o(.ARM.exidx.text.HAL_DMA_RegisterCallback) refers to stm32c0xx_hal_dma.o(.text.HAL_DMA_RegisterCallback) for [Anonymous Symbol]
    stm32c0xx_hal_dma.o(.ARM.exidx.text.HAL_DMA_UnRegisterCallback) refers to stm32c0xx_hal_dma.o(.text.HAL_DMA_UnRegisterCallback) for [Anonymous Symbol]
    stm32c0xx_hal_dma.o(.ARM.exidx.text.HAL_DMA_GetState) refers to stm32c0xx_hal_dma.o(.text.HAL_DMA_GetState) for [Anonymous Symbol]
    stm32c0xx_hal_dma.o(.ARM.exidx.text.HAL_DMA_GetError) refers to stm32c0xx_hal_dma.o(.text.HAL_DMA_GetError) for [Anonymous Symbol]
    stm32c0xx_hal_dma_ex.o(.ARM.exidx.text.HAL_DMAEx_ConfigMuxSync) refers to stm32c0xx_hal_dma_ex.o(.text.HAL_DMAEx_ConfigMuxSync) for [Anonymous Symbol]
    stm32c0xx_hal_dma_ex.o(.ARM.exidx.text.HAL_DMAEx_ConfigMuxRequestGenerator) refers to stm32c0xx_hal_dma_ex.o(.text.HAL_DMAEx_ConfigMuxRequestGenerator) for [Anonymous Symbol]
    stm32c0xx_hal_dma_ex.o(.ARM.exidx.text.HAL_DMAEx_EnableMuxRequestGenerator) refers to stm32c0xx_hal_dma_ex.o(.text.HAL_DMAEx_EnableMuxRequestGenerator) for [Anonymous Symbol]
    stm32c0xx_hal_dma_ex.o(.ARM.exidx.text.HAL_DMAEx_DisableMuxRequestGenerator) refers to stm32c0xx_hal_dma_ex.o(.text.HAL_DMAEx_DisableMuxRequestGenerator) for [Anonymous Symbol]
    stm32c0xx_hal_dma_ex.o(.ARM.exidx.text.HAL_DMAEx_MUX_IRQHandler) refers to stm32c0xx_hal_dma_ex.o(.text.HAL_DMAEx_MUX_IRQHandler) for [Anonymous Symbol]
    stm32c0xx_hal_pwr.o(.ARM.exidx.text.HAL_PWR_DeInit) refers to stm32c0xx_hal_pwr.o(.text.HAL_PWR_DeInit) for [Anonymous Symbol]
    stm32c0xx_hal_pwr.o(.ARM.exidx.text.HAL_PWR_EnableWakeUpPin) refers to stm32c0xx_hal_pwr.o(.text.HAL_PWR_EnableWakeUpPin) for [Anonymous Symbol]
    stm32c0xx_hal_pwr.o(.ARM.exidx.text.HAL_PWR_DisableWakeUpPin) refers to stm32c0xx_hal_pwr.o(.text.HAL_PWR_DisableWakeUpPin) for [Anonymous Symbol]
    stm32c0xx_hal_pwr.o(.ARM.exidx.text.HAL_PWR_EnterSLEEPMode) refers to stm32c0xx_hal_pwr.o(.text.HAL_PWR_EnterSLEEPMode) for [Anonymous Symbol]
    stm32c0xx_hal_pwr.o(.ARM.exidx.text.HAL_PWR_EnterSTOPMode) refers to stm32c0xx_hal_pwr.o(.text.HAL_PWR_EnterSTOPMode) for [Anonymous Symbol]
    stm32c0xx_hal_pwr.o(.ARM.exidx.text.HAL_PWR_EnterSTANDBYMode) refers to stm32c0xx_hal_pwr.o(.text.HAL_PWR_EnterSTANDBYMode) for [Anonymous Symbol]
    stm32c0xx_hal_pwr.o(.ARM.exidx.text.HAL_PWR_EnableSleepOnExit) refers to stm32c0xx_hal_pwr.o(.text.HAL_PWR_EnableSleepOnExit) for [Anonymous Symbol]
    stm32c0xx_hal_pwr.o(.ARM.exidx.text.HAL_PWR_DisableSleepOnExit) refers to stm32c0xx_hal_pwr.o(.text.HAL_PWR_DisableSleepOnExit) for [Anonymous Symbol]
    stm32c0xx_hal_pwr.o(.ARM.exidx.text.HAL_PWR_EnableSEVOnPend) refers to stm32c0xx_hal_pwr.o(.text.HAL_PWR_EnableSEVOnPend) for [Anonymous Symbol]
    stm32c0xx_hal_pwr.o(.ARM.exidx.text.HAL_PWR_DisableSEVOnPend) refers to stm32c0xx_hal_pwr.o(.text.HAL_PWR_DisableSEVOnPend) for [Anonymous Symbol]
    stm32c0xx_hal_pwr_ex.o(.ARM.exidx.text.HAL_PWREx_EnableInternalWakeUpLine) refers to stm32c0xx_hal_pwr_ex.o(.text.HAL_PWREx_EnableInternalWakeUpLine) for [Anonymous Symbol]
    stm32c0xx_hal_pwr_ex.o(.ARM.exidx.text.HAL_PWREx_DisableInternalWakeUpLine) refers to stm32c0xx_hal_pwr_ex.o(.text.HAL_PWREx_DisableInternalWakeUpLine) for [Anonymous Symbol]
    stm32c0xx_hal_pwr_ex.o(.ARM.exidx.text.HAL_PWREx_EnableGPIOPullUp) refers to stm32c0xx_hal_pwr_ex.o(.text.HAL_PWREx_EnableGPIOPullUp) for [Anonymous Symbol]
    stm32c0xx_hal_pwr_ex.o(.ARM.exidx.text.HAL_PWREx_DisableGPIOPullUp) refers to stm32c0xx_hal_pwr_ex.o(.text.HAL_PWREx_DisableGPIOPullUp) for [Anonymous Symbol]
    stm32c0xx_hal_pwr_ex.o(.ARM.exidx.text.HAL_PWREx_EnableGPIOPullDown) refers to stm32c0xx_hal_pwr_ex.o(.text.HAL_PWREx_EnableGPIOPullDown) for [Anonymous Symbol]
    stm32c0xx_hal_pwr_ex.o(.ARM.exidx.text.HAL_PWREx_DisableGPIOPullDown) refers to stm32c0xx_hal_pwr_ex.o(.text.HAL_PWREx_DisableGPIOPullDown) for [Anonymous Symbol]
    stm32c0xx_hal_pwr_ex.o(.ARM.exidx.text.HAL_PWREx_EnablePullUpPullDownConfig) refers to stm32c0xx_hal_pwr_ex.o(.text.HAL_PWREx_EnablePullUpPullDownConfig) for [Anonymous Symbol]
    stm32c0xx_hal_pwr_ex.o(.ARM.exidx.text.HAL_PWREx_DisablePullUpPullDownConfig) refers to stm32c0xx_hal_pwr_ex.o(.text.HAL_PWREx_DisablePullUpPullDownConfig) for [Anonymous Symbol]
    stm32c0xx_hal_pwr_ex.o(.ARM.exidx.text.HAL_PWREx_EnableFlashPowerDown) refers to stm32c0xx_hal_pwr_ex.o(.text.HAL_PWREx_EnableFlashPowerDown) for [Anonymous Symbol]
    stm32c0xx_hal_pwr_ex.o(.ARM.exidx.text.HAL_PWREx_DisableFlashPowerDown) refers to stm32c0xx_hal_pwr_ex.o(.text.HAL_PWREx_DisableFlashPowerDown) for [Anonymous Symbol]
    stm32c0xx_hal_pwr_ex.o(.ARM.exidx.text.HAL_PWREx_EnterSHUTDOWNMode) refers to stm32c0xx_hal_pwr_ex.o(.text.HAL_PWREx_EnterSHUTDOWNMode) for [Anonymous Symbol]
    stm32c0xx_hal_pwr_ex.o(.ARM.exidx.text.HAL_PWREx_BKUPWrite) refers to stm32c0xx_hal_pwr_ex.o(.text.HAL_PWREx_BKUPWrite) for [Anonymous Symbol]
    stm32c0xx_hal_pwr_ex.o(.ARM.exidx.text.HAL_PWREx_BKUPRead) refers to stm32c0xx_hal_pwr_ex.o(.text.HAL_PWREx_BKUPRead) for [Anonymous Symbol]
    stm32c0xx_hal_exti.o(.ARM.exidx.text.HAL_EXTI_SetConfigLine) refers to stm32c0xx_hal_exti.o(.text.HAL_EXTI_SetConfigLine) for [Anonymous Symbol]
    stm32c0xx_hal_exti.o(.ARM.exidx.text.HAL_EXTI_GetConfigLine) refers to stm32c0xx_hal_exti.o(.text.HAL_EXTI_GetConfigLine) for [Anonymous Symbol]
    stm32c0xx_hal_exti.o(.ARM.exidx.text.HAL_EXTI_ClearConfigLine) refers to stm32c0xx_hal_exti.o(.text.HAL_EXTI_ClearConfigLine) for [Anonymous Symbol]
    stm32c0xx_hal_exti.o(.ARM.exidx.text.HAL_EXTI_RegisterCallback) refers to stm32c0xx_hal_exti.o(.text.HAL_EXTI_RegisterCallback) for [Anonymous Symbol]
    stm32c0xx_hal_exti.o(.ARM.exidx.text.HAL_EXTI_GetHandle) refers to stm32c0xx_hal_exti.o(.text.HAL_EXTI_GetHandle) for [Anonymous Symbol]
    stm32c0xx_hal_exti.o(.ARM.exidx.text.HAL_EXTI_IRQHandler) refers to stm32c0xx_hal_exti.o(.text.HAL_EXTI_IRQHandler) for [Anonymous Symbol]
    stm32c0xx_hal_exti.o(.ARM.exidx.text.HAL_EXTI_GetPending) refers to stm32c0xx_hal_exti.o(.text.HAL_EXTI_GetPending) for [Anonymous Symbol]
    stm32c0xx_hal_exti.o(.ARM.exidx.text.HAL_EXTI_ClearPending) refers to stm32c0xx_hal_exti.o(.text.HAL_EXTI_ClearPending) for [Anonymous Symbol]
    stm32c0xx_hal_exti.o(.ARM.exidx.text.HAL_EXTI_GenerateSWI) refers to stm32c0xx_hal_exti.o(.text.HAL_EXTI_GenerateSWI) for [Anonymous Symbol]
    system_stm32c0xx.o(.ARM.exidx.text.SystemInit) refers to system_stm32c0xx.o(.text.SystemInit) for [Anonymous Symbol]
    system_stm32c0xx.o(.text.SystemCoreClockUpdate) refers to system_stm32c0xx.o(.data.SystemCoreClock) for SystemCoreClock
    system_stm32c0xx.o(.text.SystemCoreClockUpdate) refers to system_stm32c0xx.o(.rodata.AHBPrescTable) for AHBPrescTable
    system_stm32c0xx.o(.ARM.exidx.text.SystemCoreClockUpdate) refers to system_stm32c0xx.o(.text.SystemCoreClockUpdate) for [Anonymous Symbol]
    __main.o(!!!main) refers to __rtentry.o(.ARM.Collect$$rtentry$$00000000) for __rt_entry
    __rtentry.o(.ARM.Collect$$rtentry$$00000000) refers (Special) to __rtentry2.o(.ARM.Collect$$rtentry$$0000000A) for __rt_entry_li
    __rtentry.o(.ARM.Collect$$rtentry$$00000000) refers (Special) to __rtentry2.o(.ARM.Collect$$rtentry$$0000000D) for __rt_entry_main
    __rtentry.o(.ARM.Collect$$rtentry$$00000000) refers (Special) to __rtentry2.o(.ARM.Collect$$rtentry$$0000000C) for __rt_entry_postli_1
    __rtentry.o(.ARM.Collect$$rtentry$$00000000) refers (Special) to __rtentry2.o(.ARM.Collect$$rtentry$$00000009) for __rt_entry_postsh_1
    __rtentry.o(.ARM.Collect$$rtentry$$00000000) refers (Special) to __rtentry2.o(.ARM.Collect$$rtentry$$00000002) for __rt_entry_presh_1
    __rtentry.o(.ARM.Collect$$rtentry$$00000000) refers (Special) to __rtentry4.o(.ARM.Collect$$rtentry$$00000004) for __rt_entry_sh
    aeabi_idiv0_sigfpe.o(.text) refers to rt_div0.o(.text) for __rt_div0
    __rtentry2.o(.ARM.Collect$$rtentry$$00000008) refers to boardinit2.o(.text) for _platform_post_stackheap_init
    __rtentry2.o(.ARM.Collect$$rtentry$$0000000A) refers to libinit.o(.ARM.Collect$$libinit$$00000000) for __rt_lib_init
    __rtentry2.o(.ARM.Collect$$rtentry$$0000000B) refers to boardinit3.o(.text) for _platform_post_lib_init
    __rtentry2.o(.ARM.Collect$$rtentry$$0000000D) refers to main.o(.text.main) for main
    __rtentry2.o(.ARM.Collect$$rtentry$$0000000D) refers to exit.o(.text) for exit
    __rtentry2.o(.ARM.exidx) refers to __rtentry2.o(.ARM.Collect$$rtentry$$00000001) for .ARM.Collect$$rtentry$$00000001
    __rtentry2.o(.ARM.exidx) refers to __rtentry2.o(.ARM.Collect$$rtentry$$00000008) for .ARM.Collect$$rtentry$$00000008
    __rtentry2.o(.ARM.exidx) refers to __rtentry2.o(.ARM.Collect$$rtentry$$0000000A) for .ARM.Collect$$rtentry$$0000000A
    __rtentry2.o(.ARM.exidx) refers to __rtentry2.o(.ARM.Collect$$rtentry$$0000000B) for .ARM.Collect$$rtentry$$0000000B
    __rtentry2.o(.ARM.exidx) refers to __rtentry2.o(.ARM.Collect$$rtentry$$0000000D) for .ARM.Collect$$rtentry$$0000000D
    __rtentry4.o(.ARM.Collect$$rtentry$$00000004) refers to sys_stackheap_outer.o(.text) for __user_setup_stackheap
    __rtentry4.o(.ARM.exidx) refers to __rtentry4.o(.ARM.Collect$$rtentry$$00000004) for .ARM.Collect$$rtentry$$00000004
    rt_div0.o(.text) refers to defsig_fpe_outer.o(.text) for __rt_SIGFPE
    sys_stackheap_outer.o(.text) refers to libspace.o(.text) for __user_perproc_libspace
    sys_stackheap_outer.o(.text) refers to startup_stm32c031xx.o(.text) for __user_initial_stackheap
    sys_stackheap_outer.o(__vectab_stack_and_reset_area) refers to tempstk.o(.text) for __temporary_stack_top
    sys_stackheap_outer.o(__vectab_stack_and_reset_area) refers to __main.o(!!!main) for __main
    exit.o(.text) refers to rtexit.o(.ARM.Collect$$rtexit$$00000000) for __rt_exit
    defsig_fpe_outer.o(.text) refers to defsig_fpe_inner.o(.text) for __rt_SIGFPE_inner
    defsig_fpe_outer.o(.text) refers to defsig_exit.o(.text) for __sig_exit
    defsig_fpe_formal.o(.text) refers to rt_raise.o(.text) for __rt_raise
    libinit.o(.ARM.Collect$$libinit$$00000000) refers (Special) to libinit2.o(.ARM.Collect$$libinit$$00000030) for __rt_lib_init_alloca_1
    libinit.o(.ARM.Collect$$libinit$$00000000) refers (Special) to libinit2.o(.ARM.Collect$$libinit$$0000002E) for __rt_lib_init_argv_1
    libinit.o(.ARM.Collect$$libinit$$00000000) refers (Special) to libinit2.o(.ARM.Collect$$libinit$$0000001D) for __rt_lib_init_atexit_1
    libinit.o(.ARM.Collect$$libinit$$00000000) refers (Special) to libinit2.o(.ARM.Collect$$libinit$$00000023) for __rt_lib_init_clock_1
    libinit.o(.ARM.Collect$$libinit$$00000000) refers (Special) to libinit2.o(.ARM.Collect$$libinit$$00000034) for __rt_lib_init_cpp_1
    libinit.o(.ARM.Collect$$libinit$$00000000) refers (Special) to libinit2.o(.ARM.Collect$$libinit$$00000032) for __rt_lib_init_exceptions_1
    libinit.o(.ARM.Collect$$libinit$$00000000) refers (Special) to libinit2.o(.ARM.Collect$$libinit$$00000002) for __rt_lib_init_fp_1
    libinit.o(.ARM.Collect$$libinit$$00000000) refers (Special) to libinit2.o(.ARM.Collect$$libinit$$00000021) for __rt_lib_init_fp_trap_1
    libinit.o(.ARM.Collect$$libinit$$00000000) refers (Special) to libinit2.o(.ARM.Collect$$libinit$$00000025) for __rt_lib_init_getenv_1
    libinit.o(.ARM.Collect$$libinit$$00000000) refers (Special) to libinit2.o(.ARM.Collect$$libinit$$0000000C) for __rt_lib_init_heap_1
    libinit.o(.ARM.Collect$$libinit$$00000000) refers (Special) to libinit2.o(.ARM.Collect$$libinit$$00000013) for __rt_lib_init_lc_collate_1
    libinit.o(.ARM.Collect$$libinit$$00000000) refers (Special) to libinit2.o(.ARM.Collect$$libinit$$00000015) for __rt_lib_init_lc_ctype_1
    libinit.o(.ARM.Collect$$libinit$$00000000) refers (Special) to libinit2.o(.ARM.Collect$$libinit$$00000017) for __rt_lib_init_lc_monetary_1
    libinit.o(.ARM.Collect$$libinit$$00000000) refers (Special) to libinit2.o(.ARM.Collect$$libinit$$00000019) for __rt_lib_init_lc_numeric_1
    libinit.o(.ARM.Collect$$libinit$$00000000) refers (Special) to libinit2.o(.ARM.Collect$$libinit$$0000001B) for __rt_lib_init_lc_time_1
    libinit.o(.ARM.Collect$$libinit$$00000000) refers (Special) to libinit2.o(.ARM.Collect$$libinit$$00000006) for __rt_lib_init_preinit_1
    libinit.o(.ARM.Collect$$libinit$$00000000) refers (Special) to libinit2.o(.ARM.Collect$$libinit$$00000010) for __rt_lib_init_rand_1
    libinit.o(.ARM.Collect$$libinit$$00000000) refers (Special) to libinit2.o(.ARM.Collect$$libinit$$00000004) for __rt_lib_init_relocate_pie_1
    libinit.o(.ARM.Collect$$libinit$$00000000) refers (Special) to libinit2.o(.ARM.Collect$$libinit$$00000035) for __rt_lib_init_return
    libinit.o(.ARM.Collect$$libinit$$00000000) refers (Special) to libinit2.o(.ARM.Collect$$libinit$$0000001F) for __rt_lib_init_signal_1
    libinit.o(.ARM.Collect$$libinit$$00000000) refers (Special) to libinit2.o(.ARM.Collect$$libinit$$00000027) for __rt_lib_init_stdio_1
    libinit.o(.ARM.Collect$$libinit$$00000000) refers (Special) to libinit2.o(.ARM.Collect$$libinit$$0000000E) for __rt_lib_init_user_alloc_1
    libspace.o(.text) refers to libspace.o(.bss) for __libspace_start
    rtexit.o(.ARM.Collect$$rtexit$$00000000) refers (Special) to rtexit2.o(.ARM.Collect$$rtexit$$00000004) for __rt_exit_exit
    rtexit.o(.ARM.Collect$$rtexit$$00000000) refers (Special) to rtexit2.o(.ARM.Collect$$rtexit$$00000003) for __rt_exit_ls
    rtexit.o(.ARM.Collect$$rtexit$$00000000) refers (Special) to rtexit2.o(.ARM.Collect$$rtexit$$00000002) for __rt_exit_prels_1
    rtexit.o(.ARM.exidx) refers (Special) to rtexit2.o(.ARM.Collect$$rtexit$$00000004) for __rt_exit_exit
    rtexit.o(.ARM.exidx) refers (Special) to rtexit2.o(.ARM.Collect$$rtexit$$00000003) for __rt_exit_ls
    rtexit.o(.ARM.exidx) refers (Special) to rtexit2.o(.ARM.Collect$$rtexit$$00000002) for __rt_exit_prels_1
    rtexit.o(.ARM.exidx) refers to rtexit.o(.ARM.Collect$$rtexit$$00000000) for .ARM.Collect$$rtexit$$00000000
    rt_raise.o(.text) refers to __raise.o(.text) for __raise
    rt_raise.o(.text) refers to sys_exit.o(.text) for _sys_exit
    defsig_exit.o(.text) refers to sys_exit.o(.text) for _sys_exit
    defsig_fpe_inner.o(.text) refers to defsig_general.o(.text) for __default_signal_display
    libinit2.o(.ARM.Collect$$libinit$$00000012) refers to libinit2.o(.ARM.Collect$$libinit$$00000011) for .ARM.Collect$$libinit$$00000011
    libinit2.o(.ARM.Collect$$libinit$$00000014) refers to libinit2.o(.ARM.Collect$$libinit$$00000011) for .ARM.Collect$$libinit$$00000011
    libinit2.o(.ARM.Collect$$libinit$$00000016) refers to libinit2.o(.ARM.Collect$$libinit$$00000011) for .ARM.Collect$$libinit$$00000011
    libinit2.o(.ARM.Collect$$libinit$$00000018) refers to libinit2.o(.ARM.Collect$$libinit$$00000011) for .ARM.Collect$$libinit$$00000011
    libinit2.o(.ARM.Collect$$libinit$$0000001A) refers to libinit2.o(.ARM.Collect$$libinit$$00000011) for .ARM.Collect$$libinit$$00000011
    libinit2.o(.ARM.Collect$$libinit$$00000028) refers to argv_veneer.o(.text) for __ARM_argv_veneer
    libinit2.o(.ARM.Collect$$libinit$$00000029) refers to argv_veneer.o(.text) for __ARM_argv_veneer
    sys_exit.o(.text) refers (Special) to use_no_semi.o(.text) for __I$use$semihosting
    sys_exit.o(.text) refers (Special) to indicate_semi.o(.text) for __semihosting_library_function
    sys_exit_hlt.o(.text) refers (Special) to use_no_semi.o(.text) for __I$use$semihosting
    sys_exit_hlt.o(.text) refers (Special) to indicate_semi.o(.text) for __semihosting_library_function
    rtexit2.o(.ARM.Collect$$rtexit$$00000003) refers to libshutdown.o(.ARM.Collect$$libshutdown$$00000000) for __rt_lib_shutdown
    rtexit2.o(.ARM.Collect$$rtexit$$00000004) refers to sys_exit.o(.text) for _sys_exit
    rtexit2.o(.ARM.exidx) refers to rtexit2.o(.ARM.Collect$$rtexit$$00000001) for .ARM.Collect$$rtexit$$00000001
    rtexit2.o(.ARM.exidx) refers to rtexit2.o(.ARM.Collect$$rtexit$$00000003) for .ARM.Collect$$rtexit$$00000003
    rtexit2.o(.ARM.exidx) refers to rtexit2.o(.ARM.Collect$$rtexit$$00000004) for .ARM.Collect$$rtexit$$00000004
    __raise.o(.text) refers to defsig.o(CL$$defsig) for __default_signal_handler
    defsig_general.o(.text) refers to sys_wrch.o(.text) for _ttywrch
    sys_wrch.o(.text) refers (Special) to use_no_semi.o(.text) for __I$use$semihosting
    sys_wrch.o(.text) refers (Special) to indicate_semi.o(.text) for __semihosting_library_function
    sys_wrch_hlt.o(.text) refers (Special) to use_no_semi.o(.text) for __I$use$semihosting
    sys_wrch_hlt.o(.text) refers (Special) to indicate_semi.o(.text) for __semihosting_library_function
    defsig.o(CL$$defsig) refers to defsig_fpe_inner.o(.text) for __rt_SIGFPE_inner
    defsig.o(CL$$defsig) refers to defsig_rtmem_inner.o(.text) for __rt_SIGRTMEM_inner
    _get_argv_nomalloc.o(.text) refers (Special) to hrguard.o(.text) for __heap_region$guard
    _get_argv_nomalloc.o(.text) refers to defsig_rtmem_outer.o(.text) for __rt_SIGRTMEM
    _get_argv_nomalloc.o(.text) refers to sys_command.o(.text) for _sys_command_string
    libshutdown.o(.ARM.Collect$$libshutdown$$00000000) refers (Special) to libshutdown2.o(.ARM.Collect$$libshutdown$$00000002) for __rt_lib_shutdown_cpp_1
    libshutdown.o(.ARM.Collect$$libshutdown$$00000000) refers (Special) to libshutdown2.o(.ARM.Collect$$libshutdown$$00000007) for __rt_lib_shutdown_fp_trap_1
    libshutdown.o(.ARM.Collect$$libshutdown$$00000000) refers (Special) to libshutdown2.o(.ARM.Collect$$libshutdown$$0000000F) for __rt_lib_shutdown_heap_1
    libshutdown.o(.ARM.Collect$$libshutdown$$00000000) refers (Special) to libshutdown2.o(.ARM.Collect$$libshutdown$$00000010) for __rt_lib_shutdown_return
    libshutdown.o(.ARM.Collect$$libshutdown$$00000000) refers (Special) to libshutdown2.o(.ARM.Collect$$libshutdown$$0000000A) for __rt_lib_shutdown_signal_1
    libshutdown.o(.ARM.Collect$$libshutdown$$00000000) refers (Special) to libshutdown2.o(.ARM.Collect$$libshutdown$$00000004) for __rt_lib_shutdown_stdio_1
    libshutdown.o(.ARM.Collect$$libshutdown$$00000000) refers (Special) to libshutdown2.o(.ARM.Collect$$libshutdown$$0000000C) for __rt_lib_shutdown_user_alloc_1
    sys_command.o(.text) refers (Special) to use_no_semi.o(.text) for __I$use$semihosting
    sys_command.o(.text) refers (Special) to indicate_semi.o(.text) for __semihosting_library_function
    sys_command_hlt.o(.text) refers (Special) to use_no_semi.o(.text) for __I$use$semihosting
    sys_command_hlt.o(.text) refers (Special) to indicate_semi.o(.text) for __semihosting_library_function
    defsig_abrt_inner.o(.text) refers to defsig_general.o(.text) for __default_signal_display
    defsig_rtred_inner.o(.text) refers to defsig_general.o(.text) for __default_signal_display
    defsig_rtmem_inner.o(.text) refers to defsig_general.o(.text) for __default_signal_display
    defsig_rtmem_outer.o(.text) refers to defsig_rtmem_inner.o(.text) for __rt_SIGRTMEM_inner
    defsig_rtmem_outer.o(.text) refers to defsig_exit.o(.text) for __sig_exit
    defsig_rtmem_formal.o(.text) refers to rt_raise.o(.text) for __rt_raise
    defsig_stak_inner.o(.text) refers to defsig_general.o(.text) for __default_signal_display
    defsig_pvfn_inner.o(.text) refers to defsig_general.o(.text) for __default_signal_display
    defsig_cppl_inner.o(.text) refers to defsig_general.o(.text) for __default_signal_display
    defsig_segv_inner.o(.text) refers to defsig_general.o(.text) for __default_signal_display
    defsig_other.o(.text) refers to defsig_general.o(.text) for __default_signal_display


==============================================================================

Removing Unused input sections from the image.

    Removing main.o(.text), (0 bytes).
    Removing main.o(.ARM.exidx.text.main), (8 bytes).
    Removing main.o(.ARM.use_no_argv), (4 bytes).
    Removing config.o(.text), (0 bytes).
    Removing config.o(.ARM.exidx.text.SysClock_Config), (8 bytes).
    Removing config.o(.ARM.exidx.text.GPIO_Config), (8 bytes).
    Removing config.o(.ARM.exidx.text.Timer_Config), (8 bytes).
    Removing config.o(.text.delay_us), (36 bytes).
    Removing config.o(.ARM.exidx.text.delay_us), (8 bytes).
    Removing config.o(.ARM.exidx.text.delay_ms), (8 bytes).
    Removing usart.o(.text), (0 bytes).
    Removing usart.o(.ARM.exidx.text.UART2_Config), (8 bytes).
    Removing usart.o(.text.UART2_PutC), (36 bytes).
    Removing usart.o(.ARM.exidx.text.UART2_PutC), (8 bytes).
    Removing usart.o(.ARM.exidx.text.UART2_PutS), (8 bytes).
    Removing led.o(.text), (0 bytes).
    Removing led.o(.ARM.exidx.text.LED_Toggle), (8 bytes).
    Removing stm32c0xx_hal_cortex.o(.text), (0 bytes).
    Removing stm32c0xx_hal_cortex.o(.text.HAL_NVIC_SetPriority), (56 bytes).
    Removing stm32c0xx_hal_cortex.o(.ARM.exidx.text.HAL_NVIC_SetPriority), (8 bytes).
    Removing stm32c0xx_hal_cortex.o(.text.HAL_NVIC_EnableIRQ), (24 bytes).
    Removing stm32c0xx_hal_cortex.o(.ARM.exidx.text.HAL_NVIC_EnableIRQ), (8 bytes).
    Removing stm32c0xx_hal_cortex.o(.text.HAL_NVIC_DisableIRQ), (32 bytes).
    Removing stm32c0xx_hal_cortex.o(.ARM.exidx.text.HAL_NVIC_DisableIRQ), (8 bytes).
    Removing stm32c0xx_hal_cortex.o(.text.HAL_NVIC_SystemReset), (32 bytes).
    Removing stm32c0xx_hal_cortex.o(.ARM.exidx.text.HAL_NVIC_SystemReset), (8 bytes).
    Removing stm32c0xx_hal_cortex.o(.text.HAL_SYSTICK_Config), (52 bytes).
    Removing stm32c0xx_hal_cortex.o(.ARM.exidx.text.HAL_SYSTICK_Config), (8 bytes).
    Removing stm32c0xx_hal_cortex.o(.text.HAL_NVIC_GetPriority), (48 bytes).
    Removing stm32c0xx_hal_cortex.o(.ARM.exidx.text.HAL_NVIC_GetPriority), (8 bytes).
    Removing stm32c0xx_hal_cortex.o(.text.HAL_NVIC_SetPendingIRQ), (24 bytes).
    Removing stm32c0xx_hal_cortex.o(.ARM.exidx.text.HAL_NVIC_SetPendingIRQ), (8 bytes).
    Removing stm32c0xx_hal_cortex.o(.text.HAL_NVIC_GetPendingIRQ), (28 bytes).
    Removing stm32c0xx_hal_cortex.o(.ARM.exidx.text.HAL_NVIC_GetPendingIRQ), (8 bytes).
    Removing stm32c0xx_hal_cortex.o(.text.HAL_NVIC_ClearPendingIRQ), (24 bytes).
    Removing stm32c0xx_hal_cortex.o(.ARM.exidx.text.HAL_NVIC_ClearPendingIRQ), (8 bytes).
    Removing stm32c0xx_hal_cortex.o(.text.HAL_SYSTICK_CLKSourceConfig), (28 bytes).
    Removing stm32c0xx_hal_cortex.o(.ARM.exidx.text.HAL_SYSTICK_CLKSourceConfig), (8 bytes).
    Removing stm32c0xx_hal_cortex.o(.text.HAL_SYSTICK_IRQHandler), (8 bytes).
    Removing stm32c0xx_hal_cortex.o(.ARM.exidx.text.HAL_SYSTICK_IRQHandler), (8 bytes).
    Removing stm32c0xx_hal_cortex.o(.text.HAL_SYSTICK_Callback), (2 bytes).
    Removing stm32c0xx_hal_cortex.o(.ARM.exidx.text.HAL_SYSTICK_Callback), (8 bytes).
    Removing stm32c0xx_hal_cortex.o(.text.HAL_MPU_Enable), (24 bytes).
    Removing stm32c0xx_hal_cortex.o(.ARM.exidx.text.HAL_MPU_Enable), (8 bytes).
    Removing stm32c0xx_hal_cortex.o(.text.HAL_MPU_Disable), (16 bytes).
    Removing stm32c0xx_hal_cortex.o(.ARM.exidx.text.HAL_MPU_Disable), (8 bytes).
    Removing stm32c0xx_hal_cortex.o(.text.HAL_MPU_EnableRegion), (24 bytes).
    Removing stm32c0xx_hal_cortex.o(.ARM.exidx.text.HAL_MPU_EnableRegion), (8 bytes).
    Removing stm32c0xx_hal_cortex.o(.text.HAL_MPU_DisableRegion), (24 bytes).
    Removing stm32c0xx_hal_cortex.o(.ARM.exidx.text.HAL_MPU_DisableRegion), (8 bytes).
    Removing stm32c0xx_hal_cortex.o(.text.HAL_MPU_ConfigRegion), (84 bytes).
    Removing stm32c0xx_hal_cortex.o(.ARM.exidx.text.HAL_MPU_ConfigRegion), (8 bytes).
    Removing stm32c0xx_hal.o(.text), (0 bytes).
    Removing stm32c0xx_hal.o(.text.HAL_Init), (24 bytes).
    Removing stm32c0xx_hal.o(.ARM.exidx.text.HAL_Init), (8 bytes).
    Removing stm32c0xx_hal.o(.text.HAL_InitTick), (72 bytes).
    Removing stm32c0xx_hal.o(.ARM.exidx.text.HAL_InitTick), (8 bytes).
    Removing stm32c0xx_hal.o(.text.HAL_MspInit), (2 bytes).
    Removing stm32c0xx_hal.o(.ARM.exidx.text.HAL_MspInit), (8 bytes).
    Removing stm32c0xx_hal.o(.text.HAL_DeInit), (36 bytes).
    Removing stm32c0xx_hal.o(.ARM.exidx.text.HAL_DeInit), (8 bytes).
    Removing stm32c0xx_hal.o(.text.HAL_MspDeInit), (2 bytes).
    Removing stm32c0xx_hal.o(.ARM.exidx.text.HAL_MspDeInit), (8 bytes).
    Removing stm32c0xx_hal.o(.text.HAL_IncTick), (24 bytes).
    Removing stm32c0xx_hal.o(.ARM.exidx.text.HAL_IncTick), (8 bytes).
    Removing stm32c0xx_hal.o(.text.HAL_GetTick), (12 bytes).
    Removing stm32c0xx_hal.o(.ARM.exidx.text.HAL_GetTick), (8 bytes).
    Removing stm32c0xx_hal.o(.text.HAL_GetTickPrio), (12 bytes).
    Removing stm32c0xx_hal.o(.ARM.exidx.text.HAL_GetTickPrio), (8 bytes).
    Removing stm32c0xx_hal.o(.text.HAL_SetTickFreq), (36 bytes).
    Removing stm32c0xx_hal.o(.ARM.exidx.text.HAL_SetTickFreq), (8 bytes).
    Removing stm32c0xx_hal.o(.text.HAL_GetTickFreq), (12 bytes).
    Removing stm32c0xx_hal.o(.ARM.exidx.text.HAL_GetTickFreq), (8 bytes).
    Removing stm32c0xx_hal.o(.text.HAL_Delay), (36 bytes).
    Removing stm32c0xx_hal.o(.ARM.exidx.text.HAL_Delay), (8 bytes).
    Removing stm32c0xx_hal.o(.text.HAL_SuspendTick), (16 bytes).
    Removing stm32c0xx_hal.o(.ARM.exidx.text.HAL_SuspendTick), (8 bytes).
    Removing stm32c0xx_hal.o(.text.HAL_ResumeTick), (16 bytes).
    Removing stm32c0xx_hal.o(.ARM.exidx.text.HAL_ResumeTick), (8 bytes).
    Removing stm32c0xx_hal.o(.text.HAL_GetHalVersion), (6 bytes).
    Removing stm32c0xx_hal.o(.ARM.exidx.text.HAL_GetHalVersion), (8 bytes).
    Removing stm32c0xx_hal.o(.text.HAL_GetREVID), (12 bytes).
    Removing stm32c0xx_hal.o(.ARM.exidx.text.HAL_GetREVID), (8 bytes).
    Removing stm32c0xx_hal.o(.text.HAL_GetDEVID), (20 bytes).
    Removing stm32c0xx_hal.o(.ARM.exidx.text.HAL_GetDEVID), (8 bytes).
    Removing stm32c0xx_hal.o(.text.HAL_GetUIDw0), (12 bytes).
    Removing stm32c0xx_hal.o(.ARM.exidx.text.HAL_GetUIDw0), (8 bytes).
    Removing stm32c0xx_hal.o(.text.HAL_GetUIDw1), (12 bytes).
    Removing stm32c0xx_hal.o(.ARM.exidx.text.HAL_GetUIDw1), (8 bytes).
    Removing stm32c0xx_hal.o(.text.HAL_GetUIDw2), (12 bytes).
    Removing stm32c0xx_hal.o(.ARM.exidx.text.HAL_GetUIDw2), (8 bytes).
    Removing stm32c0xx_hal.o(.text.HAL_DBGMCU_EnableDBGStopMode), (16 bytes).
    Removing stm32c0xx_hal.o(.ARM.exidx.text.HAL_DBGMCU_EnableDBGStopMode), (8 bytes).
    Removing stm32c0xx_hal.o(.text.HAL_DBGMCU_DisableDBGStopMode), (16 bytes).
    Removing stm32c0xx_hal.o(.ARM.exidx.text.HAL_DBGMCU_DisableDBGStopMode), (8 bytes).
    Removing stm32c0xx_hal.o(.text.HAL_DBGMCU_EnableDBGStandbyMode), (16 bytes).
    Removing stm32c0xx_hal.o(.ARM.exidx.text.HAL_DBGMCU_EnableDBGStandbyMode), (8 bytes).
    Removing stm32c0xx_hal.o(.text.HAL_DBGMCU_DisableDBGStandbyMode), (16 bytes).
    Removing stm32c0xx_hal.o(.ARM.exidx.text.HAL_DBGMCU_DisableDBGStandbyMode), (8 bytes).
    Removing stm32c0xx_hal.o(.text.HAL_SYSCFG_EnableRemap), (16 bytes).
    Removing stm32c0xx_hal.o(.ARM.exidx.text.HAL_SYSCFG_EnableRemap), (8 bytes).
    Removing stm32c0xx_hal.o(.text.HAL_SYSCFG_DisableRemap), (16 bytes).
    Removing stm32c0xx_hal.o(.ARM.exidx.text.HAL_SYSCFG_DisableRemap), (8 bytes).
    Removing stm32c0xx_hal.o(.text.HAL_SYSCFG_SetPinBinding), (20 bytes).
    Removing stm32c0xx_hal.o(.ARM.exidx.text.HAL_SYSCFG_SetPinBinding), (8 bytes).
    Removing stm32c0xx_hal.o(.text.HAL_SYSCFG_GetPinBinding), (16 bytes).
    Removing stm32c0xx_hal.o(.ARM.exidx.text.HAL_SYSCFG_GetPinBinding), (8 bytes).
    Removing stm32c0xx_hal.o(.bss.uwTick), (4 bytes).
    Removing stm32c0xx_hal.o(.data..L_MergedGlobals), (8 bytes).
    Removing stm32c0xx_hal_rcc.o(.text), (0 bytes).
    Removing stm32c0xx_hal_rcc.o(.text.HAL_RCC_DeInit), (184 bytes).
    Removing stm32c0xx_hal_rcc.o(.ARM.exidx.text.HAL_RCC_DeInit), (8 bytes).
    Removing stm32c0xx_hal_rcc.o(.text.HAL_RCC_OscConfig), (616 bytes).
    Removing stm32c0xx_hal_rcc.o(.ARM.exidx.text.HAL_RCC_OscConfig), (8 bytes).
    Removing stm32c0xx_hal_rcc.o(.text.HAL_RCC_ClockConfig), (436 bytes).
    Removing stm32c0xx_hal_rcc.o(.ARM.exidx.text.HAL_RCC_ClockConfig), (8 bytes).
    Removing stm32c0xx_hal_rcc.o(.text.HAL_RCC_GetSysClockFreq), (76 bytes).
    Removing stm32c0xx_hal_rcc.o(.ARM.exidx.text.HAL_RCC_GetSysClockFreq), (8 bytes).
    Removing stm32c0xx_hal_rcc.o(.text.HAL_RCC_MCOConfig), (100 bytes).
    Removing stm32c0xx_hal_rcc.o(.ARM.exidx.text.HAL_RCC_MCOConfig), (8 bytes).
    Removing stm32c0xx_hal_rcc.o(.text.HAL_RCC_GetHCLKFreq), (108 bytes).
    Removing stm32c0xx_hal_rcc.o(.ARM.exidx.text.HAL_RCC_GetHCLKFreq), (8 bytes).
    Removing stm32c0xx_hal_rcc.o(.text.HAL_RCC_GetPCLK1Freq), (128 bytes).
    Removing stm32c0xx_hal_rcc.o(.ARM.exidx.text.HAL_RCC_GetPCLK1Freq), (8 bytes).
    Removing stm32c0xx_hal_rcc.o(.text.HAL_RCC_GetOscConfig), (60 bytes).
    Removing stm32c0xx_hal_rcc.o(.ARM.exidx.text.HAL_RCC_GetOscConfig), (8 bytes).
    Removing stm32c0xx_hal_rcc.o(.text.HAL_RCC_GetClockConfig), (56 bytes).
    Removing stm32c0xx_hal_rcc.o(.ARM.exidx.text.HAL_RCC_GetClockConfig), (8 bytes).
    Removing stm32c0xx_hal_rcc.o(.text.HAL_RCC_EnableCSS), (20 bytes).
    Removing stm32c0xx_hal_rcc.o(.ARM.exidx.text.HAL_RCC_EnableCSS), (8 bytes).
    Removing stm32c0xx_hal_rcc.o(.text.HAL_RCC_EnableLSECSS), (16 bytes).
    Removing stm32c0xx_hal_rcc.o(.ARM.exidx.text.HAL_RCC_EnableLSECSS), (8 bytes).
    Removing stm32c0xx_hal_rcc.o(.text.HAL_RCC_DisableLSECSS), (16 bytes).
    Removing stm32c0xx_hal_rcc.o(.ARM.exidx.text.HAL_RCC_DisableLSECSS), (8 bytes).
    Removing stm32c0xx_hal_rcc.o(.text.HAL_RCC_NMI_IRQHandler), (44 bytes).
    Removing stm32c0xx_hal_rcc.o(.ARM.exidx.text.HAL_RCC_NMI_IRQHandler), (8 bytes).
    Removing stm32c0xx_hal_rcc.o(.text.HAL_RCC_CSSCallback), (2 bytes).
    Removing stm32c0xx_hal_rcc.o(.ARM.exidx.text.HAL_RCC_CSSCallback), (8 bytes).
    Removing stm32c0xx_hal_rcc.o(.text.HAL_RCC_LSECSSCallback), (2 bytes).
    Removing stm32c0xx_hal_rcc.o(.ARM.exidx.text.HAL_RCC_LSECSSCallback), (8 bytes).
    Removing stm32c0xx_hal_rcc_ex.o(.text), (0 bytes).
    Removing stm32c0xx_hal_rcc_ex.o(.text.HAL_RCCEx_PeriphCLKConfig), (304 bytes).
    Removing stm32c0xx_hal_rcc_ex.o(.ARM.exidx.text.HAL_RCCEx_PeriphCLKConfig), (8 bytes).
    Removing stm32c0xx_hal_rcc_ex.o(.text.HAL_RCCEx_GetPeriphCLKConfig), (64 bytes).
    Removing stm32c0xx_hal_rcc_ex.o(.ARM.exidx.text.HAL_RCCEx_GetPeriphCLKConfig), (8 bytes).
    Removing stm32c0xx_hal_rcc_ex.o(.text.HAL_RCCEx_GetPeriphCLKFreq), (332 bytes).
    Removing stm32c0xx_hal_rcc_ex.o(.ARM.exidx.text.HAL_RCCEx_GetPeriphCLKFreq), (8 bytes).
    Removing stm32c0xx_hal_rcc_ex.o(.text.HAL_RCCEx_EnableLSCO), (72 bytes).
    Removing stm32c0xx_hal_rcc_ex.o(.ARM.exidx.text.HAL_RCCEx_EnableLSCO), (8 bytes).
    Removing stm32c0xx_hal_rcc_ex.o(.text.HAL_RCCEx_DisableLSCO), (20 bytes).
    Removing stm32c0xx_hal_rcc_ex.o(.ARM.exidx.text.HAL_RCCEx_DisableLSCO), (8 bytes).
    Removing stm32c0xx_hal_flash.o(.text), (0 bytes).
    Removing stm32c0xx_hal_flash.o(.text.HAL_FLASH_Program), (396 bytes).
    Removing stm32c0xx_hal_flash.o(.ARM.exidx.text.HAL_FLASH_Program), (8 bytes).
    Removing stm32c0xx_hal_flash.o(.text.FLASH_WaitForLastOperation), (88 bytes).
    Removing stm32c0xx_hal_flash.o(.ARM.exidx.text.FLASH_WaitForLastOperation), (8 bytes).
    Removing stm32c0xx_hal_flash.o(.text.HAL_FLASH_Program_IT), (336 bytes).
    Removing stm32c0xx_hal_flash.o(.ARM.exidx.text.HAL_FLASH_Program_IT), (8 bytes).
    Removing stm32c0xx_hal_flash.o(.text.HAL_FLASH_IRQHandler), (168 bytes).
    Removing stm32c0xx_hal_flash.o(.ARM.exidx.text.HAL_FLASH_IRQHandler), (8 bytes).
    Removing stm32c0xx_hal_flash.o(.text.HAL_FLASH_OperationErrorCallback), (2 bytes).
    Removing stm32c0xx_hal_flash.o(.ARM.exidx.text.HAL_FLASH_OperationErrorCallback), (8 bytes).
    Removing stm32c0xx_hal_flash.o(.text.HAL_FLASH_EndOfOperationCallback), (2 bytes).
    Removing stm32c0xx_hal_flash.o(.ARM.exidx.text.HAL_FLASH_EndOfOperationCallback), (8 bytes).
    Removing stm32c0xx_hal_flash.o(.text.HAL_FLASH_Unlock), (40 bytes).
    Removing stm32c0xx_hal_flash.o(.ARM.exidx.text.HAL_FLASH_Unlock), (8 bytes).
    Removing stm32c0xx_hal_flash.o(.text.HAL_FLASH_Lock), (24 bytes).
    Removing stm32c0xx_hal_flash.o(.ARM.exidx.text.HAL_FLASH_Lock), (8 bytes).
    Removing stm32c0xx_hal_flash.o(.text.HAL_FLASH_OB_Unlock), (40 bytes).
    Removing stm32c0xx_hal_flash.o(.ARM.exidx.text.HAL_FLASH_OB_Unlock), (8 bytes).
    Removing stm32c0xx_hal_flash.o(.text.HAL_FLASH_OB_Lock), (28 bytes).
    Removing stm32c0xx_hal_flash.o(.ARM.exidx.text.HAL_FLASH_OB_Lock), (8 bytes).
    Removing stm32c0xx_hal_flash.o(.text.HAL_FLASH_OB_Launch), (20 bytes).
    Removing stm32c0xx_hal_flash.o(.ARM.exidx.text.HAL_FLASH_OB_Launch), (8 bytes).
    Removing stm32c0xx_hal_flash.o(.text.HAL_FLASH_GetError), (12 bytes).
    Removing stm32c0xx_hal_flash.o(.ARM.exidx.text.HAL_FLASH_GetError), (8 bytes).
    Removing stm32c0xx_hal_flash.o(.bss.pFlash), (24 bytes).
    Removing stm32c0xx_hal_flash_ex.o(.text), (0 bytes).
    Removing stm32c0xx_hal_flash_ex.o(.text.HAL_FLASHEx_Erase), (188 bytes).
    Removing stm32c0xx_hal_flash_ex.o(.ARM.exidx.text.HAL_FLASHEx_Erase), (8 bytes).
    Removing stm32c0xx_hal_flash_ex.o(.text.FLASH_PageErase), (28 bytes).
    Removing stm32c0xx_hal_flash_ex.o(.ARM.exidx.text.FLASH_PageErase), (8 bytes).
    Removing stm32c0xx_hal_flash_ex.o(.text.HAL_FLASHEx_Erase_IT), (120 bytes).
    Removing stm32c0xx_hal_flash_ex.o(.ARM.exidx.text.HAL_FLASHEx_Erase_IT), (8 bytes).
    Removing stm32c0xx_hal_flash_ex.o(.text.HAL_FLASHEx_OBProgram), (364 bytes).
    Removing stm32c0xx_hal_flash_ex.o(.ARM.exidx.text.HAL_FLASHEx_OBProgram), (8 bytes).
    Removing stm32c0xx_hal_flash_ex.o(.text.HAL_FLASHEx_OBGetConfig), (184 bytes).
    Removing stm32c0xx_hal_flash_ex.o(.ARM.exidx.text.HAL_FLASHEx_OBGetConfig), (8 bytes).
    Removing stm32c0xx_hal_flash_ex.o(.text.HAL_FLASHEx_EnableDebugger), (20 bytes).
    Removing stm32c0xx_hal_flash_ex.o(.ARM.exidx.text.HAL_FLASHEx_EnableDebugger), (8 bytes).
    Removing stm32c0xx_hal_flash_ex.o(.text.HAL_FLASHEx_DisableDebugger), (20 bytes).
    Removing stm32c0xx_hal_flash_ex.o(.ARM.exidx.text.HAL_FLASHEx_DisableDebugger), (8 bytes).
    Removing stm32c0xx_hal_flash_ex.o(.text.HAL_FLASHEx_FlashEmptyCheck), (16 bytes).
    Removing stm32c0xx_hal_flash_ex.o(.ARM.exidx.text.HAL_FLASHEx_FlashEmptyCheck), (8 bytes).
    Removing stm32c0xx_hal_flash_ex.o(.text.HAL_FLASHEx_ForceFlashEmpty), (20 bytes).
    Removing stm32c0xx_hal_flash_ex.o(.ARM.exidx.text.HAL_FLASHEx_ForceFlashEmpty), (8 bytes).
    Removing stm32c0xx_hal_flash_ex.o(.text.HAL_FLASHEx_EnableSecMemProtection), (20 bytes).
    Removing stm32c0xx_hal_flash_ex.o(.ARM.exidx.text.HAL_FLASHEx_EnableSecMemProtection), (8 bytes).
    Removing stm32c0xx_hal_flash_ex.o(.text.FLASH_FlushCaches), (44 bytes).
    Removing stm32c0xx_hal_flash_ex.o(.ARM.exidx.text.FLASH_FlushCaches), (8 bytes).
    Removing stm32c0xx_hal_gpio.o(.text), (0 bytes).
    Removing stm32c0xx_hal_gpio.o(.text.HAL_GPIO_Init), (400 bytes).
    Removing stm32c0xx_hal_gpio.o(.ARM.exidx.text.HAL_GPIO_Init), (8 bytes).
    Removing stm32c0xx_hal_gpio.o(.text.HAL_GPIO_DeInit), (244 bytes).
    Removing stm32c0xx_hal_gpio.o(.ARM.exidx.text.HAL_GPIO_DeInit), (8 bytes).
    Removing stm32c0xx_hal_gpio.o(.text.HAL_GPIO_ReadPin), (10 bytes).
    Removing stm32c0xx_hal_gpio.o(.ARM.exidx.text.HAL_GPIO_ReadPin), (8 bytes).
    Removing stm32c0xx_hal_gpio.o(.text.HAL_GPIO_WritePin), (16 bytes).
    Removing stm32c0xx_hal_gpio.o(.ARM.exidx.text.HAL_GPIO_WritePin), (8 bytes).
    Removing stm32c0xx_hal_gpio.o(.text.HAL_GPIO_WriteMultipleStatePin), (8 bytes).
    Removing stm32c0xx_hal_gpio.o(.ARM.exidx.text.HAL_GPIO_WriteMultipleStatePin), (8 bytes).
    Removing stm32c0xx_hal_gpio.o(.text.HAL_GPIO_TogglePin), (16 bytes).
    Removing stm32c0xx_hal_gpio.o(.ARM.exidx.text.HAL_GPIO_TogglePin), (8 bytes).
    Removing stm32c0xx_hal_gpio.o(.text.HAL_GPIO_LockPin), (40 bytes).
    Removing stm32c0xx_hal_gpio.o(.ARM.exidx.text.HAL_GPIO_LockPin), (8 bytes).
    Removing stm32c0xx_hal_gpio.o(.text.HAL_GPIO_EXTI_IRQHandler), (40 bytes).
    Removing stm32c0xx_hal_gpio.o(.ARM.exidx.text.HAL_GPIO_EXTI_IRQHandler), (8 bytes).
    Removing stm32c0xx_hal_gpio.o(.text.HAL_GPIO_EXTI_Rising_Callback), (2 bytes).
    Removing stm32c0xx_hal_gpio.o(.ARM.exidx.text.HAL_GPIO_EXTI_Rising_Callback), (8 bytes).
    Removing stm32c0xx_hal_gpio.o(.text.HAL_GPIO_EXTI_Falling_Callback), (2 bytes).
    Removing stm32c0xx_hal_gpio.o(.ARM.exidx.text.HAL_GPIO_EXTI_Falling_Callback), (8 bytes).
    Removing stm32c0xx_hal_dma.o(.text), (0 bytes).
    Removing stm32c0xx_hal_dma.o(.text.HAL_DMA_Init), (256 bytes).
    Removing stm32c0xx_hal_dma.o(.ARM.exidx.text.HAL_DMA_Init), (8 bytes).
    Removing stm32c0xx_hal_dma.o(.text.HAL_DMA_DeInit), (180 bytes).
    Removing stm32c0xx_hal_dma.o(.ARM.exidx.text.HAL_DMA_DeInit), (8 bytes).
    Removing stm32c0xx_hal_dma.o(.text.HAL_DMA_Start), (144 bytes).
    Removing stm32c0xx_hal_dma.o(.ARM.exidx.text.HAL_DMA_Start), (8 bytes).
    Removing stm32c0xx_hal_dma.o(.text.HAL_DMA_Start_IT), (204 bytes).
    Removing stm32c0xx_hal_dma.o(.ARM.exidx.text.HAL_DMA_Start_IT), (8 bytes).
    Removing stm32c0xx_hal_dma.o(.text.HAL_DMA_Abort), (120 bytes).
    Removing stm32c0xx_hal_dma.o(.ARM.exidx.text.HAL_DMA_Abort), (8 bytes).
    Removing stm32c0xx_hal_dma.o(.text.HAL_DMA_Abort_IT), (124 bytes).
    Removing stm32c0xx_hal_dma.o(.ARM.exidx.text.HAL_DMA_Abort_IT), (8 bytes).
    Removing stm32c0xx_hal_dma.o(.text.HAL_DMA_PollForTransfer), (388 bytes).
    Removing stm32c0xx_hal_dma.o(.ARM.exidx.text.HAL_DMA_PollForTransfer), (8 bytes).
    Removing stm32c0xx_hal_dma.o(.text.HAL_DMA_IRQHandler), (228 bytes).
    Removing stm32c0xx_hal_dma.o(.ARM.exidx.text.HAL_DMA_IRQHandler), (8 bytes).
    Removing stm32c0xx_hal_dma.o(.text.HAL_DMA_RegisterCallback), (70 bytes).
    Removing stm32c0xx_hal_dma.o(.ARM.exidx.text.HAL_DMA_RegisterCallback), (8 bytes).
    Removing stm32c0xx_hal_dma.o(.text.HAL_DMA_UnRegisterCallback), (102 bytes).
    Removing stm32c0xx_hal_dma.o(.ARM.exidx.text.HAL_DMA_UnRegisterCallback), (8 bytes).
    Removing stm32c0xx_hal_dma.o(.text.HAL_DMA_GetState), (6 bytes).
    Removing stm32c0xx_hal_dma.o(.ARM.exidx.text.HAL_DMA_GetState), (8 bytes).
    Removing stm32c0xx_hal_dma.o(.text.HAL_DMA_GetError), (4 bytes).
    Removing stm32c0xx_hal_dma.o(.ARM.exidx.text.HAL_DMA_GetError), (8 bytes).
    Removing stm32c0xx_hal_dma_ex.o(.text), (0 bytes).
    Removing stm32c0xx_hal_dma_ex.o(.text.HAL_DMAEx_ConfigMuxSync), (76 bytes).
    Removing stm32c0xx_hal_dma_ex.o(.ARM.exidx.text.HAL_DMAEx_ConfigMuxSync), (8 bytes).
    Removing stm32c0xx_hal_dma_ex.o(.text.HAL_DMAEx_ConfigMuxRequestGenerator), (60 bytes).
    Removing stm32c0xx_hal_dma_ex.o(.ARM.exidx.text.HAL_DMAEx_ConfigMuxRequestGenerator), (8 bytes).
    Removing stm32c0xx_hal_dma_ex.o(.text.HAL_DMAEx_EnableMuxRequestGenerator), (32 bytes).
    Removing stm32c0xx_hal_dma_ex.o(.ARM.exidx.text.HAL_DMAEx_EnableMuxRequestGenerator), (8 bytes).
    Removing stm32c0xx_hal_dma_ex.o(.text.HAL_DMAEx_DisableMuxRequestGenerator), (32 bytes).
    Removing stm32c0xx_hal_dma_ex.o(.ARM.exidx.text.HAL_DMAEx_DisableMuxRequestGenerator), (8 bytes).
    Removing stm32c0xx_hal_dma_ex.o(.text.HAL_DMAEx_MUX_IRQHandler), (96 bytes).
    Removing stm32c0xx_hal_dma_ex.o(.ARM.exidx.text.HAL_DMAEx_MUX_IRQHandler), (8 bytes).
    Removing stm32c0xx_hal_pwr.o(.text), (0 bytes).
    Removing stm32c0xx_hal_pwr.o(.text.HAL_PWR_DeInit), (24 bytes).
    Removing stm32c0xx_hal_pwr.o(.ARM.exidx.text.HAL_PWR_DeInit), (8 bytes).
    Removing stm32c0xx_hal_pwr.o(.text.HAL_PWR_EnableWakeUpPin), (28 bytes).
    Removing stm32c0xx_hal_pwr.o(.ARM.exidx.text.HAL_PWR_EnableWakeUpPin), (8 bytes).
    Removing stm32c0xx_hal_pwr.o(.text.HAL_PWR_DisableWakeUpPin), (24 bytes).
    Removing stm32c0xx_hal_pwr.o(.ARM.exidx.text.HAL_PWR_DisableWakeUpPin), (8 bytes).
    Removing stm32c0xx_hal_pwr.o(.text.HAL_PWR_EnterSLEEPMode), (32 bytes).
    Removing stm32c0xx_hal_pwr.o(.ARM.exidx.text.HAL_PWR_EnterSLEEPMode), (8 bytes).
    Removing stm32c0xx_hal_pwr.o(.text.HAL_PWR_EnterSTOPMode), (56 bytes).
    Removing stm32c0xx_hal_pwr.o(.ARM.exidx.text.HAL_PWR_EnterSTOPMode), (8 bytes).
    Removing stm32c0xx_hal_pwr.o(.text.HAL_PWR_EnterSTANDBYMode), (36 bytes).
    Removing stm32c0xx_hal_pwr.o(.ARM.exidx.text.HAL_PWR_EnterSTANDBYMode), (8 bytes).
    Removing stm32c0xx_hal_pwr.o(.text.HAL_PWR_EnableSleepOnExit), (16 bytes).
    Removing stm32c0xx_hal_pwr.o(.ARM.exidx.text.HAL_PWR_EnableSleepOnExit), (8 bytes).
    Removing stm32c0xx_hal_pwr.o(.text.HAL_PWR_DisableSleepOnExit), (16 bytes).
    Removing stm32c0xx_hal_pwr.o(.ARM.exidx.text.HAL_PWR_DisableSleepOnExit), (8 bytes).
    Removing stm32c0xx_hal_pwr.o(.text.HAL_PWR_EnableSEVOnPend), (16 bytes).
    Removing stm32c0xx_hal_pwr.o(.ARM.exidx.text.HAL_PWR_EnableSEVOnPend), (8 bytes).
    Removing stm32c0xx_hal_pwr.o(.text.HAL_PWR_DisableSEVOnPend), (16 bytes).
    Removing stm32c0xx_hal_pwr.o(.ARM.exidx.text.HAL_PWR_DisableSEVOnPend), (8 bytes).
    Removing stm32c0xx_hal_pwr_ex.o(.text), (0 bytes).
    Removing stm32c0xx_hal_pwr_ex.o(.text.HAL_PWREx_EnableInternalWakeUpLine), (20 bytes).
    Removing stm32c0xx_hal_pwr_ex.o(.ARM.exidx.text.HAL_PWREx_EnableInternalWakeUpLine), (8 bytes).
    Removing stm32c0xx_hal_pwr_ex.o(.text.HAL_PWREx_DisableInternalWakeUpLine), (20 bytes).
    Removing stm32c0xx_hal_pwr_ex.o(.ARM.exidx.text.HAL_PWREx_DisableInternalWakeUpLine), (8 bytes).
    Removing stm32c0xx_hal_pwr_ex.o(.text.HAL_PWREx_EnableGPIOPullUp), (96 bytes).
    Removing stm32c0xx_hal_pwr_ex.o(.ARM.exidx.text.HAL_PWREx_EnableGPIOPullUp), (8 bytes).
    Removing stm32c0xx_hal_pwr_ex.o(.text.HAL_PWREx_DisableGPIOPullUp), (80 bytes).
    Removing stm32c0xx_hal_pwr_ex.o(.ARM.exidx.text.HAL_PWREx_DisableGPIOPullUp), (8 bytes).
    Removing stm32c0xx_hal_pwr_ex.o(.text.HAL_PWREx_EnableGPIOPullDown), (108 bytes).
    Removing stm32c0xx_hal_pwr_ex.o(.ARM.exidx.text.HAL_PWREx_EnableGPIOPullDown), (8 bytes).
    Removing stm32c0xx_hal_pwr_ex.o(.text.HAL_PWREx_DisableGPIOPullDown), (56 bytes).
    Removing stm32c0xx_hal_pwr_ex.o(.ARM.exidx.text.HAL_PWREx_DisableGPIOPullDown), (8 bytes).
    Removing stm32c0xx_hal_pwr_ex.o(.text.HAL_PWREx_EnablePullUpPullDownConfig), (20 bytes).
    Removing stm32c0xx_hal_pwr_ex.o(.ARM.exidx.text.HAL_PWREx_EnablePullUpPullDownConfig), (8 bytes).
    Removing stm32c0xx_hal_pwr_ex.o(.text.HAL_PWREx_DisablePullUpPullDownConfig), (20 bytes).
    Removing stm32c0xx_hal_pwr_ex.o(.ARM.exidx.text.HAL_PWREx_DisablePullUpPullDownConfig), (8 bytes).
    Removing stm32c0xx_hal_pwr_ex.o(.text.HAL_PWREx_EnableFlashPowerDown), (16 bytes).
    Removing stm32c0xx_hal_pwr_ex.o(.ARM.exidx.text.HAL_PWREx_EnableFlashPowerDown), (8 bytes).
    Removing stm32c0xx_hal_pwr_ex.o(.text.HAL_PWREx_DisableFlashPowerDown), (16 bytes).
    Removing stm32c0xx_hal_pwr_ex.o(.ARM.exidx.text.HAL_PWREx_DisableFlashPowerDown), (8 bytes).
    Removing stm32c0xx_hal_pwr_ex.o(.text.HAL_PWREx_EnterSHUTDOWNMode), (36 bytes).
    Removing stm32c0xx_hal_pwr_ex.o(.ARM.exidx.text.HAL_PWREx_EnterSHUTDOWNMode), (8 bytes).
    Removing stm32c0xx_hal_pwr_ex.o(.text.HAL_PWREx_BKUPWrite), (12 bytes).
    Removing stm32c0xx_hal_pwr_ex.o(.ARM.exidx.text.HAL_PWREx_BKUPWrite), (8 bytes).
    Removing stm32c0xx_hal_pwr_ex.o(.text.HAL_PWREx_BKUPRead), (12 bytes).
    Removing stm32c0xx_hal_pwr_ex.o(.ARM.exidx.text.HAL_PWREx_BKUPRead), (8 bytes).
    Removing stm32c0xx_hal_exti.o(.text), (0 bytes).
    Removing stm32c0xx_hal_exti.o(.text.HAL_EXTI_SetConfigLine), (168 bytes).
    Removing stm32c0xx_hal_exti.o(.ARM.exidx.text.HAL_EXTI_SetConfigLine), (8 bytes).
    Removing stm32c0xx_hal_exti.o(.text.HAL_EXTI_GetConfigLine), (148 bytes).
    Removing stm32c0xx_hal_exti.o(.ARM.exidx.text.HAL_EXTI_GetConfigLine), (8 bytes).
    Removing stm32c0xx_hal_exti.o(.text.HAL_EXTI_ClearConfigLine), (112 bytes).
    Removing stm32c0xx_hal_exti.o(.ARM.exidx.text.HAL_EXTI_ClearConfigLine), (8 bytes).
    Removing stm32c0xx_hal_exti.o(.text.HAL_EXTI_RegisterCallback), (34 bytes).
    Removing stm32c0xx_hal_exti.o(.ARM.exidx.text.HAL_EXTI_RegisterCallback), (8 bytes).
    Removing stm32c0xx_hal_exti.o(.text.HAL_EXTI_GetHandle), (14 bytes).
    Removing stm32c0xx_hal_exti.o(.ARM.exidx.text.HAL_EXTI_GetHandle), (8 bytes).
    Removing stm32c0xx_hal_exti.o(.text.HAL_EXTI_IRQHandler), (68 bytes).
    Removing stm32c0xx_hal_exti.o(.ARM.exidx.text.HAL_EXTI_IRQHandler), (8 bytes).
    Removing stm32c0xx_hal_exti.o(.text.HAL_EXTI_GetPending), (40 bytes).
    Removing stm32c0xx_hal_exti.o(.ARM.exidx.text.HAL_EXTI_GetPending), (8 bytes).
    Removing stm32c0xx_hal_exti.o(.text.HAL_EXTI_ClearPending), (36 bytes).
    Removing stm32c0xx_hal_exti.o(.ARM.exidx.text.HAL_EXTI_ClearPending), (8 bytes).
    Removing stm32c0xx_hal_exti.o(.text.HAL_EXTI_GenerateSWI), (28 bytes).
    Removing stm32c0xx_hal_exti.o(.ARM.exidx.text.HAL_EXTI_GenerateSWI), (8 bytes).
    Removing stm32c0xx_hal_tim.o(.text), (0 bytes).
    Removing stm32c0xx_hal_tim_ex.o(.text), (0 bytes).
    Removing system_stm32c0xx.o(.text), (0 bytes).
    Removing system_stm32c0xx.o(.ARM.exidx.text.SystemInit), (8 bytes).
    Removing system_stm32c0xx.o(.text.SystemCoreClockUpdate), (84 bytes).
    Removing system_stm32c0xx.o(.ARM.exidx.text.SystemCoreClockUpdate), (8 bytes).
    Removing system_stm32c0xx.o(.data.SystemCoreClock), (4 bytes).
    Removing system_stm32c0xx.o(.rodata.AHBPrescTable), (64 bytes).
    Removing system_stm32c0xx.o(.rodata.APBPrescTable), (32 bytes).

333 unused section(s) (total 11756 bytes) removed from the image.

==============================================================================

Image Symbol Table

    Local Symbols

    Symbol Name                              Value     Ov Type        Size  Object(Section)

    ../clib/angel/boardlib.s                 0x00000000   Number         0  boardinit1.o ABSOLUTE
    ../clib/angel/boardlib.s                 0x00000000   Number         0  boardinit2.o ABSOLUTE
    ../clib/angel/boardlib.s                 0x00000000   Number         0  boardinit3.o ABSOLUTE
    ../clib/angel/boardlib.s                 0x00000000   Number         0  boardshut.o ABSOLUTE
    ../clib/angel/handlers.s                 0x00000000   Number         0  __scatter_zi.o ABSOLUTE
    ../clib/angel/kernel.s                   0x00000000   Number         0  __rtentry.o ABSOLUTE
    ../clib/angel/kernel.s                   0x00000000   Number         0  __rtentry2.o ABSOLUTE
    ../clib/angel/kernel.s                   0x00000000   Number         0  __rtentry4.o ABSOLUTE
    ../clib/angel/kernel.s                   0x00000000   Number         0  rtexit.o ABSOLUTE
    ../clib/angel/kernel.s                   0x00000000   Number         0  rtexit2.o ABSOLUTE
    ../clib/angel/rt.s                       0x00000000   Number         0  aeabi_idiv0.o ABSOLUTE
    ../clib/angel/rt.s                       0x00000000   Number         0  aeabi_idiv0_sigfpe.o ABSOLUTE
    ../clib/angel/rt.s                       0x00000000   Number         0  rt_div0.o ABSOLUTE
    ../clib/angel/rt.s                       0x00000000   Number         0  rt_raise.o ABSOLUTE
    ../clib/angel/scatterp.s                 0x00000000   Number         0  __scatter.o ABSOLUTE
    ../clib/angel/startup.s                  0x00000000   Number         0  __main.o ABSOLUTE
    ../clib/angel/sys.s                      0x00000000   Number         0  sys_stackheap_outer.o ABSOLUTE
    ../clib/angel/sys.s                      0x00000000   Number         0  libspace.o ABSOLUTE
    ../clib/angel/sys.s                      0x00000000   Number         0  tempstk.o ABSOLUTE
    ../clib/angel/sys.s                      0x00000000   Number         0  use_no_semi.o ABSOLUTE
    ../clib/angel/sys.s                      0x00000000   Number         0  indicate_semi.o ABSOLUTE
    ../clib/angel/sysapp.c                   0x00000000   Number         0  sys_exit.o ABSOLUTE
    ../clib/angel/sysapp.c                   0x00000000   Number         0  sys_exit_hlt.o ABSOLUTE
    ../clib/angel/sysapp.c                   0x00000000   Number         0  sys_wrch.o ABSOLUTE
    ../clib/angel/sysapp.c                   0x00000000   Number         0  sys_wrch_hlt.o ABSOLUTE
    ../clib/angel/sysapp.c                   0x00000000   Number         0  sys_command.o ABSOLUTE
    ../clib/angel/sysapp.c                   0x00000000   Number         0  sys_command_hlt.o ABSOLUTE
    ../clib/armsys.c                         0x00000000   Number         0  argv_veneer.o ABSOLUTE
    ../clib/armsys.c                         0x00000000   Number         0  _get_argv_nomalloc.o ABSOLUTE
    ../clib/armsys.c                         0x00000000   Number         0  no_argv.o ABSOLUTE
    ../clib/division.s                       0x00000000   Number         0  aeabi_sdivfast.o ABSOLUTE
    ../clib/division.s                       0x00000000   Number         0  aeabi_sdivfast_div0.o ABSOLUTE
    ../clib/heapalloc.c                      0x00000000   Number         0  hrguard.o ABSOLUTE
    ../clib/heapaux.c                        0x00000000   Number         0  heapauxi.o ABSOLUTE
    ../clib/libinit.s                        0x00000000   Number         0  libinit.o ABSOLUTE
    ../clib/libinit.s                        0x00000000   Number         0  libinit2.o ABSOLUTE
    ../clib/libinit.s                        0x00000000   Number         0  libshutdown.o ABSOLUTE
    ../clib/libinit.s                        0x00000000   Number         0  libshutdown2.o ABSOLUTE
    ../clib/signal.c                         0x00000000   Number         0  defsig_fpe_outer.o ABSOLUTE
    ../clib/signal.c                         0x00000000   Number         0  defsig_fpe_formal.o ABSOLUTE
    ../clib/signal.c                         0x00000000   Number         0  defsig_exit.o ABSOLUTE
    ../clib/signal.c                         0x00000000   Number         0  defsig_fpe_inner.o ABSOLUTE
    ../clib/signal.c                         0x00000000   Number         0  __raise.o ABSOLUTE
    ../clib/signal.c                         0x00000000   Number         0  defsig_general.o ABSOLUTE
    ../clib/signal.c                         0x00000000   Number         0  defsig_abrt_inner.o ABSOLUTE
    ../clib/signal.c                         0x00000000   Number         0  defsig_rtred_inner.o ABSOLUTE
    ../clib/signal.c                         0x00000000   Number         0  defsig_rtmem_inner.o ABSOLUTE
    ../clib/signal.c                         0x00000000   Number         0  defsig_rtmem_outer.o ABSOLUTE
    ../clib/signal.c                         0x00000000   Number         0  defsig_rtmem_formal.o ABSOLUTE
    ../clib/signal.c                         0x00000000   Number         0  defsig_stak_inner.o ABSOLUTE
    ../clib/signal.c                         0x00000000   Number         0  defsig_pvfn_inner.o ABSOLUTE
    ../clib/signal.c                         0x00000000   Number         0  defsig_cppl_inner.o ABSOLUTE
    ../clib/signal.c                         0x00000000   Number         0  defsig_segv_inner.o ABSOLUTE
    ../clib/signal.c                         0x00000000   Number         0  defsig_other.o ABSOLUTE
    ../clib/signal.s                         0x00000000   Number         0  defsig.o ABSOLUTE
    ../clib/stdlib.c                         0x00000000   Number         0  exit.o ABSOLUTE
    ../fplib/cfplib/fpinit.c                 0x00000000   Number         0  fpinit.o ABSOLUTE
    LED.c                                    0x00000000   Number         0  led.o ABSOLUTE
    USART.c                                  0x00000000   Number         0  usart.o ABSOLUTE
    config.c                                 0x00000000   Number         0  config.o ABSOLUTE
    dc.s                                     0x00000000   Number         0  dc.o ABSOLUTE
    main.c                                   0x00000000   Number         0  main.o ABSOLUTE
    startup_stm32c031xx.s                    0x00000000   Number         0  startup_stm32c031xx.o ABSOLUTE
    stm32c0xx_hal.c                          0x00000000   Number         0  stm32c0xx_hal.o ABSOLUTE
    stm32c0xx_hal_cortex.c                   0x00000000   Number         0  stm32c0xx_hal_cortex.o ABSOLUTE
    stm32c0xx_hal_dma.c                      0x00000000   Number         0  stm32c0xx_hal_dma.o ABSOLUTE
    stm32c0xx_hal_dma_ex.c                   0x00000000   Number         0  stm32c0xx_hal_dma_ex.o ABSOLUTE
    stm32c0xx_hal_exti.c                     0x00000000   Number         0  stm32c0xx_hal_exti.o ABSOLUTE
    stm32c0xx_hal_flash.c                    0x00000000   Number         0  stm32c0xx_hal_flash.o ABSOLUTE
    stm32c0xx_hal_flash_ex.c                 0x00000000   Number         0  stm32c0xx_hal_flash_ex.o ABSOLUTE
    stm32c0xx_hal_gpio.c                     0x00000000   Number         0  stm32c0xx_hal_gpio.o ABSOLUTE
    stm32c0xx_hal_pwr.c                      0x00000000   Number         0  stm32c0xx_hal_pwr.o ABSOLUTE
    stm32c0xx_hal_pwr_ex.c                   0x00000000   Number         0  stm32c0xx_hal_pwr_ex.o ABSOLUTE
    stm32c0xx_hal_rcc.c                      0x00000000   Number         0  stm32c0xx_hal_rcc.o ABSOLUTE
    stm32c0xx_hal_rcc_ex.c                   0x00000000   Number         0  stm32c0xx_hal_rcc_ex.o ABSOLUTE
    stm32c0xx_hal_tim.c                      0x00000000   Number         0  stm32c0xx_hal_tim.o ABSOLUTE
    stm32c0xx_hal_tim_ex.c                   0x00000000   Number         0  stm32c0xx_hal_tim_ex.o ABSOLUTE
    system_stm32c0xx.c                       0x00000000   Number         0  system_stm32c0xx.o ABSOLUTE
    RESET                                    0x08000000   Section      192  startup_stm32c031xx.o(RESET)
    !!!main                                  0x080000c0   Section        8  __main.o(!!!main)
    !!!scatter                               0x080000c8   Section       84  __scatter.o(!!!scatter)
    !!handler_null                           0x0800011c   Section        2  __scatter.o(!!handler_null)
    !!handler_zi                             0x08000120   Section       28  __scatter_zi.o(!!handler_zi)
    .ARM.Collect$$libinit$$00000000          0x0800013c   Section        2  libinit.o(.ARM.Collect$$libinit$$00000000)
    .ARM.Collect$$libinit$$00000002          0x0800013e   Section        0  libinit2.o(.ARM.Collect$$libinit$$00000002)
    .ARM.Collect$$libinit$$00000004          0x0800013e   Section        0  libinit2.o(.ARM.Collect$$libinit$$00000004)
    .ARM.Collect$$libinit$$00000006          0x0800013e   Section        0  libinit2.o(.ARM.Collect$$libinit$$00000006)
    .ARM.Collect$$libinit$$0000000C          0x0800013e   Section        0  libinit2.o(.ARM.Collect$$libinit$$0000000C)
    .ARM.Collect$$libinit$$0000000E          0x0800013e   Section        0  libinit2.o(.ARM.Collect$$libinit$$0000000E)
    .ARM.Collect$$libinit$$00000010          0x0800013e   Section        0  libinit2.o(.ARM.Collect$$libinit$$00000010)
    .ARM.Collect$$libinit$$00000013          0x0800013e   Section        0  libinit2.o(.ARM.Collect$$libinit$$00000013)
    .ARM.Collect$$libinit$$00000015          0x0800013e   Section        0  libinit2.o(.ARM.Collect$$libinit$$00000015)
    .ARM.Collect$$libinit$$00000017          0x0800013e   Section        0  libinit2.o(.ARM.Collect$$libinit$$00000017)
    .ARM.Collect$$libinit$$00000019          0x0800013e   Section        0  libinit2.o(.ARM.Collect$$libinit$$00000019)
    .ARM.Collect$$libinit$$0000001B          0x0800013e   Section        0  libinit2.o(.ARM.Collect$$libinit$$0000001B)
    .ARM.Collect$$libinit$$0000001D          0x0800013e   Section        0  libinit2.o(.ARM.Collect$$libinit$$0000001D)
    .ARM.Collect$$libinit$$0000001F          0x0800013e   Section        0  libinit2.o(.ARM.Collect$$libinit$$0000001F)
    .ARM.Collect$$libinit$$00000021          0x0800013e   Section        0  libinit2.o(.ARM.Collect$$libinit$$00000021)
    .ARM.Collect$$libinit$$00000023          0x0800013e   Section        0  libinit2.o(.ARM.Collect$$libinit$$00000023)
    .ARM.Collect$$libinit$$00000025          0x0800013e   Section        0  libinit2.o(.ARM.Collect$$libinit$$00000025)
    .ARM.Collect$$libinit$$00000027          0x0800013e   Section        0  libinit2.o(.ARM.Collect$$libinit$$00000027)
    .ARM.Collect$$libinit$$0000002E          0x0800013e   Section        0  libinit2.o(.ARM.Collect$$libinit$$0000002E)
    .ARM.Collect$$libinit$$00000030          0x0800013e   Section        0  libinit2.o(.ARM.Collect$$libinit$$00000030)
    .ARM.Collect$$libinit$$00000032          0x0800013e   Section        0  libinit2.o(.ARM.Collect$$libinit$$00000032)
    .ARM.Collect$$libinit$$00000034          0x0800013e   Section        0  libinit2.o(.ARM.Collect$$libinit$$00000034)
    .ARM.Collect$$libinit$$00000035          0x0800013e   Section        2  libinit2.o(.ARM.Collect$$libinit$$00000035)
    .ARM.Collect$$libshutdown$$00000000      0x08000140   Section        2  libshutdown.o(.ARM.Collect$$libshutdown$$00000000)
    .ARM.Collect$$libshutdown$$00000002      0x08000142   Section        0  libshutdown2.o(.ARM.Collect$$libshutdown$$00000002)
    .ARM.Collect$$libshutdown$$00000004      0x08000142   Section        0  libshutdown2.o(.ARM.Collect$$libshutdown$$00000004)
    .ARM.Collect$$libshutdown$$00000007      0x08000142   Section        0  libshutdown2.o(.ARM.Collect$$libshutdown$$00000007)
    .ARM.Collect$$libshutdown$$0000000A      0x08000142   Section        0  libshutdown2.o(.ARM.Collect$$libshutdown$$0000000A)
    .ARM.Collect$$libshutdown$$0000000C      0x08000142   Section        0  libshutdown2.o(.ARM.Collect$$libshutdown$$0000000C)
    .ARM.Collect$$libshutdown$$0000000F      0x08000142   Section        0  libshutdown2.o(.ARM.Collect$$libshutdown$$0000000F)
    .ARM.Collect$$libshutdown$$00000010      0x08000142   Section        2  libshutdown2.o(.ARM.Collect$$libshutdown$$00000010)
    .ARM.Collect$$rtentry$$00000000          0x08000144   Section        0  __rtentry.o(.ARM.Collect$$rtentry$$00000000)
    .ARM.Collect$$rtentry$$00000002          0x08000144   Section        0  __rtentry2.o(.ARM.Collect$$rtentry$$00000002)
    .ARM.Collect$$rtentry$$00000004          0x08000144   Section        6  __rtentry4.o(.ARM.Collect$$rtentry$$00000004)
    .ARM.Collect$$rtentry$$00000009          0x0800014a   Section        0  __rtentry2.o(.ARM.Collect$$rtentry$$00000009)
    .ARM.Collect$$rtentry$$0000000A          0x0800014a   Section        4  __rtentry2.o(.ARM.Collect$$rtentry$$0000000A)
    .ARM.Collect$$rtentry$$0000000C          0x0800014e   Section        0  __rtentry2.o(.ARM.Collect$$rtentry$$0000000C)
    .ARM.Collect$$rtentry$$0000000D          0x0800014e   Section        8  __rtentry2.o(.ARM.Collect$$rtentry$$0000000D)
    .ARM.Collect$$rtexit$$00000000           0x08000156   Section        2  rtexit.o(.ARM.Collect$$rtexit$$00000000)
    .ARM.Collect$$rtexit$$00000002           0x08000158   Section        0  rtexit2.o(.ARM.Collect$$rtexit$$00000002)
    .ARM.Collect$$rtexit$$00000003           0x08000158   Section        4  rtexit2.o(.ARM.Collect$$rtexit$$00000003)
    .ARM.Collect$$rtexit$$00000004           0x0800015c   Section        6  rtexit2.o(.ARM.Collect$$rtexit$$00000004)
    .text                                    0x08000164   Section       56  startup_stm32c031xx.o(.text)
    .text                                    0x0800019c   Section        0  heapauxi.o(.text)
    .text                                    0x080001a2   Section       62  sys_stackheap_outer.o(.text)
    .text                                    0x080001e0   Section        0  exit.o(.text)
    .text                                    0x080001f0   Section        8  libspace.o(.text)
    .text                                    0x080001f8   Section        0  sys_exit.o(.text)
    .text                                    0x08000204   Section        2  use_no_semi.o(.text)
    .text                                    0x08000206   Section        0  indicate_semi.o(.text)
    [Anonymous Symbol]                       0x08000208   Section        0  config.o(.text.GPIO_Config)
    __arm_cp.1_0                             0x0800023c   Number         4  config.o(.text.GPIO_Config)
    __arm_cp.1_1                             0x08000240   Number         4  config.o(.text.GPIO_Config)
    [Anonymous Symbol]                       0x08000244   Section        0  led.o(.text.LED_Toggle)
    __arm_cp.0_0                             0x08000268   Number         4  led.o(.text.LED_Toggle)
    __arm_cp.0_1                             0x0800026c   Number         4  led.o(.text.LED_Toggle)
    [Anonymous Symbol]                       0x08000270   Section        0  config.o(.text.SysClock_Config)
    __arm_cp.0_0                             0x080002d4   Number         4  config.o(.text.SysClock_Config)
    __arm_cp.0_1                             0x080002d8   Number         4  config.o(.text.SysClock_Config)
    __arm_cp.0_2                             0x080002dc   Number         4  config.o(.text.SysClock_Config)
    [Anonymous Symbol]                       0x080002e0   Section        0  system_stm32c0xx.o(.text.SystemInit)
    __arm_cp.0_0                             0x080002ec   Number         4  system_stm32c0xx.o(.text.SystemInit)
    [Anonymous Symbol]                       0x080002f0   Section        0  config.o(.text.Timer_Config)
    __arm_cp.2_1                             0x08000330   Number         4  config.o(.text.Timer_Config)
    __arm_cp.2_2                             0x08000334   Number         4  config.o(.text.Timer_Config)
    [Anonymous Symbol]                       0x08000338   Section        0  usart.o(.text.UART2_Config)
    __arm_cp.0_0                             0x0800039c   Number         4  usart.o(.text.UART2_Config)
    __arm_cp.0_1                             0x080003a0   Number         4  usart.o(.text.UART2_Config)
    __arm_cp.0_2                             0x080003a4   Number         4  usart.o(.text.UART2_Config)
    __arm_cp.0_3                             0x080003a8   Number         4  usart.o(.text.UART2_Config)
    [Anonymous Symbol]                       0x080003ac   Section        0  usart.o(.text.UART2_PutS)
    __arm_cp.2_0                             0x080003f4   Number         4  usart.o(.text.UART2_PutS)
    [Anonymous Symbol]                       0x080003f8   Section        0  config.o(.text.delay_ms)
    __arm_cp.4_0                             0x08000430   Number         4  config.o(.text.delay_ms)
    [Anonymous Symbol]                       0x08000434   Section        0  main.o(.text.main)
    .bss                                     0x20000000   Section       96  libspace.o(.bss)
    status                                   0x20000060   Data           1  led.o(.bss.status)
    [Anonymous Symbol]                       0x20000060   Section        0  led.o(.bss.status)
    Heap_Mem                                 0x20000068   Data         512  startup_stm32c031xx.o(HEAP)
    HEAP                                     0x20000068   Section      512  startup_stm32c031xx.o(HEAP)
    Stack_Mem                                0x20000268   Data        1024  startup_stm32c031xx.o(STACK)
    STACK                                    0x20000268   Section     1024  startup_stm32c031xx.o(STACK)
    __initial_sp                             0x20000668   Data           0  startup_stm32c031xx.o(STACK)

    Global Symbols

    Symbol Name                              Value     Ov Type        Size  Object(Section)

    BuildAttributes$$THM_ISAv3M$S$PE$A:L22$X:L11$S22$IEEE1$IW$~IW$USESV6$~STKCKD$USESV7$~SHL$OTIME$ROPI$EBA8$UX$STANDARDLIB$REQ8$PRES8$EABIv2 0x00000000   Number         0  anon$$obj.o ABSOLUTE
    __ARM_exceptions_init                     - Undefined Weak Reference
    __alloca_initialize                       - Undefined Weak Reference
    __arm_preinit_                            - Undefined Weak Reference
    __arm_relocate_pie_                       - Undefined Weak Reference
    __cpp_initialize__aeabi_                  - Undefined Weak Reference
    __cxa_finalize                            - Undefined Weak Reference
    __rt_locale                               - Undefined Weak Reference
    __sigvec_lookup                           - Undefined Weak Reference
    _atexit_init                              - Undefined Weak Reference
    _call_atexit_fns                          - Undefined Weak Reference
    _clock_init                               - Undefined Weak Reference
    _fp_trap_init                             - Undefined Weak Reference
    _fp_trap_shutdown                         - Undefined Weak Reference
    _get_lc_collate                           - Undefined Weak Reference
    _get_lc_ctype                             - Undefined Weak Reference
    _get_lc_monetary                          - Undefined Weak Reference
    _get_lc_numeric                           - Undefined Weak Reference
    _get_lc_time                              - Undefined Weak Reference
    _getenv_init                              - Undefined Weak Reference
    _handle_redirection                       - Undefined Weak Reference
    _init_alloc                               - Undefined Weak Reference
    _init_user_alloc                          - Undefined Weak Reference
    _initio                                   - Undefined Weak Reference
    _rand_init                                - Undefined Weak Reference
    _signal_finish                            - Undefined Weak Reference
    _signal_init                              - Undefined Weak Reference
    _terminate_alloc                          - Undefined Weak Reference
    _terminate_user_alloc                     - Undefined Weak Reference
    _terminateio                              - Undefined Weak Reference
    __Vectors_Size                           0x000000c0   Number         0  startup_stm32c031xx.o ABSOLUTE
    __Vectors                                0x08000000   Data           4  startup_stm32c031xx.o(RESET)
    __Vectors_End                            0x080000c0   Data           0  startup_stm32c031xx.o(RESET)
    __main                                   0x080000c1   Thumb Code     8  __main.o(!!!main)
    __scatterload                            0x080000c9   Thumb Code     0  __scatter.o(!!!scatter)
    __scatterload_rt2                        0x080000c9   Thumb Code    74  __scatter.o(!!!scatter)
    __scatterload_rt2_thumb_only             0x080000c9   Thumb Code     0  __scatter.o(!!!scatter)
    __scatterload_loop                       0x080000d3   Thumb Code     0  __scatter.o(!!!scatter)
    __scatterload_null                       0x0800011d   Thumb Code     2  __scatter.o(!!handler_null)
    __scatterload_zeroinit                   0x08000121   Thumb Code    28  __scatter_zi.o(!!handler_zi)
    __rt_lib_init                            0x0800013d   Thumb Code     0  libinit.o(.ARM.Collect$$libinit$$00000000)
    __rt_lib_init_alloca_1                   0x0800013f   Thumb Code     0  libinit2.o(.ARM.Collect$$libinit$$00000030)
    __rt_lib_init_argv_1                     0x0800013f   Thumb Code     0  libinit2.o(.ARM.Collect$$libinit$$0000002E)
    __rt_lib_init_atexit_1                   0x0800013f   Thumb Code     0  libinit2.o(.ARM.Collect$$libinit$$0000001D)
    __rt_lib_init_clock_1                    0x0800013f   Thumb Code     0  libinit2.o(.ARM.Collect$$libinit$$00000023)
    __rt_lib_init_cpp_1                      0x0800013f   Thumb Code     0  libinit2.o(.ARM.Collect$$libinit$$00000034)
    __rt_lib_init_exceptions_1               0x0800013f   Thumb Code     0  libinit2.o(.ARM.Collect$$libinit$$00000032)
    __rt_lib_init_fp_1                       0x0800013f   Thumb Code     0  libinit2.o(.ARM.Collect$$libinit$$00000002)
    __rt_lib_init_fp_trap_1                  0x0800013f   Thumb Code     0  libinit2.o(.ARM.Collect$$libinit$$00000021)
    __rt_lib_init_getenv_1                   0x0800013f   Thumb Code     0  libinit2.o(.ARM.Collect$$libinit$$00000025)
    __rt_lib_init_heap_1                     0x0800013f   Thumb Code     0  libinit2.o(.ARM.Collect$$libinit$$0000000C)
    __rt_lib_init_lc_collate_1               0x0800013f   Thumb Code     0  libinit2.o(.ARM.Collect$$libinit$$00000013)
    __rt_lib_init_lc_ctype_1                 0x0800013f   Thumb Code     0  libinit2.o(.ARM.Collect$$libinit$$00000015)
    __rt_lib_init_lc_monetary_1              0x0800013f   Thumb Code     0  libinit2.o(.ARM.Collect$$libinit$$00000017)
    __rt_lib_init_lc_numeric_1               0x0800013f   Thumb Code     0  libinit2.o(.ARM.Collect$$libinit$$00000019)
    __rt_lib_init_lc_time_1                  0x0800013f   Thumb Code     0  libinit2.o(.ARM.Collect$$libinit$$0000001B)
    __rt_lib_init_preinit_1                  0x0800013f   Thumb Code     0  libinit2.o(.ARM.Collect$$libinit$$00000006)
    __rt_lib_init_rand_1                     0x0800013f   Thumb Code     0  libinit2.o(.ARM.Collect$$libinit$$00000010)
    __rt_lib_init_relocate_pie_1             0x0800013f   Thumb Code     0  libinit2.o(.ARM.Collect$$libinit$$00000004)
    __rt_lib_init_return                     0x0800013f   Thumb Code     0  libinit2.o(.ARM.Collect$$libinit$$00000035)
    __rt_lib_init_signal_1                   0x0800013f   Thumb Code     0  libinit2.o(.ARM.Collect$$libinit$$0000001F)
    __rt_lib_init_stdio_1                    0x0800013f   Thumb Code     0  libinit2.o(.ARM.Collect$$libinit$$00000027)
    __rt_lib_init_user_alloc_1               0x0800013f   Thumb Code     0  libinit2.o(.ARM.Collect$$libinit$$0000000E)
    __rt_lib_shutdown                        0x08000141   Thumb Code     0  libshutdown.o(.ARM.Collect$$libshutdown$$00000000)
    __rt_lib_shutdown_cpp_1                  0x08000143   Thumb Code     0  libshutdown2.o(.ARM.Collect$$libshutdown$$00000002)
    __rt_lib_shutdown_fp_trap_1              0x08000143   Thumb Code     0  libshutdown2.o(.ARM.Collect$$libshutdown$$00000007)
    __rt_lib_shutdown_heap_1                 0x08000143   Thumb Code     0  libshutdown2.o(.ARM.Collect$$libshutdown$$0000000F)
    __rt_lib_shutdown_return                 0x08000143   Thumb Code     0  libshutdown2.o(.ARM.Collect$$libshutdown$$00000010)
    __rt_lib_shutdown_signal_1               0x08000143   Thumb Code     0  libshutdown2.o(.ARM.Collect$$libshutdown$$0000000A)
    __rt_lib_shutdown_stdio_1                0x08000143   Thumb Code     0  libshutdown2.o(.ARM.Collect$$libshutdown$$00000004)
    __rt_lib_shutdown_user_alloc_1           0x08000143   Thumb Code     0  libshutdown2.o(.ARM.Collect$$libshutdown$$0000000C)
    __rt_entry                               0x08000145   Thumb Code     0  __rtentry.o(.ARM.Collect$$rtentry$$00000000)
    __rt_entry_presh_1                       0x08000145   Thumb Code     0  __rtentry2.o(.ARM.Collect$$rtentry$$00000002)
    __rt_entry_sh                            0x08000145   Thumb Code     0  __rtentry4.o(.ARM.Collect$$rtentry$$00000004)
    __rt_entry_li                            0x0800014b   Thumb Code     0  __rtentry2.o(.ARM.Collect$$rtentry$$0000000A)
    __rt_entry_postsh_1                      0x0800014b   Thumb Code     0  __rtentry2.o(.ARM.Collect$$rtentry$$00000009)
    __rt_entry_main                          0x0800014f   Thumb Code     0  __rtentry2.o(.ARM.Collect$$rtentry$$0000000D)
    __rt_entry_postli_1                      0x0800014f   Thumb Code     0  __rtentry2.o(.ARM.Collect$$rtentry$$0000000C)
    __rt_exit                                0x08000157   Thumb Code     0  rtexit.o(.ARM.Collect$$rtexit$$00000000)
    __rt_exit_ls                             0x08000159   Thumb Code     0  rtexit2.o(.ARM.Collect$$rtexit$$00000003)
    __rt_exit_prels_1                        0x08000159   Thumb Code     0  rtexit2.o(.ARM.Collect$$rtexit$$00000002)
    __rt_exit_exit                           0x0800015d   Thumb Code     0  rtexit2.o(.ARM.Collect$$rtexit$$00000004)
    Reset_Handler                            0x08000165   Thumb Code     8  startup_stm32c031xx.o(.text)
    NMI_Handler                              0x0800016d   Thumb Code     2  startup_stm32c031xx.o(.text)
    HardFault_Handler                        0x0800016f   Thumb Code     2  startup_stm32c031xx.o(.text)
    SVC_Handler                              0x08000171   Thumb Code     2  startup_stm32c031xx.o(.text)
    PendSV_Handler                           0x08000173   Thumb Code     2  startup_stm32c031xx.o(.text)
    SysTick_Handler                          0x08000175   Thumb Code     2  startup_stm32c031xx.o(.text)
    ADC1_IRQHandler                          0x08000177   Thumb Code     0  startup_stm32c031xx.o(.text)
    DMA1_Channel1_IRQHandler                 0x08000177   Thumb Code     0  startup_stm32c031xx.o(.text)
    DMA1_Channel2_3_IRQHandler               0x08000177   Thumb Code     0  startup_stm32c031xx.o(.text)
    DMAMUX1_IRQHandler                       0x08000177   Thumb Code     0  startup_stm32c031xx.o(.text)
    EXTI0_1_IRQHandler                       0x08000177   Thumb Code     0  startup_stm32c031xx.o(.text)
    EXTI2_3_IRQHandler                       0x08000177   Thumb Code     0  startup_stm32c031xx.o(.text)
    EXTI4_15_IRQHandler                      0x08000177   Thumb Code     0  startup_stm32c031xx.o(.text)
    FLASH_IRQHandler                         0x08000177   Thumb Code     0  startup_stm32c031xx.o(.text)
    I2C1_IRQHandler                          0x08000177   Thumb Code     0  startup_stm32c031xx.o(.text)
    RCC_IRQHandler                           0x08000177   Thumb Code     0  startup_stm32c031xx.o(.text)
    RTC_IRQHandler                           0x08000177   Thumb Code     0  startup_stm32c031xx.o(.text)
    SPI1_IRQHandler                          0x08000177   Thumb Code     0  startup_stm32c031xx.o(.text)
    TIM14_IRQHandler                         0x08000177   Thumb Code     0  startup_stm32c031xx.o(.text)
    TIM16_IRQHandler                         0x08000177   Thumb Code     0  startup_stm32c031xx.o(.text)
    TIM17_IRQHandler                         0x08000177   Thumb Code     0  startup_stm32c031xx.o(.text)
    TIM1_BRK_UP_TRG_COM_IRQHandler           0x08000177   Thumb Code     0  startup_stm32c031xx.o(.text)
    TIM1_CC_IRQHandler                       0x08000177   Thumb Code     0  startup_stm32c031xx.o(.text)
    TIM3_IRQHandler                          0x08000177   Thumb Code     0  startup_stm32c031xx.o(.text)
    USART1_IRQHandler                        0x08000177   Thumb Code     0  startup_stm32c031xx.o(.text)
    USART2_IRQHandler                        0x08000177   Thumb Code     0  startup_stm32c031xx.o(.text)
    WWDG_IRQHandler                          0x08000177   Thumb Code     0  startup_stm32c031xx.o(.text)
    __user_initial_stackheap                 0x08000179   Thumb Code     0  startup_stm32c031xx.o(.text)
    __use_two_region_memory                  0x0800019d   Thumb Code     2  heapauxi.o(.text)
    __rt_heap_escrow$2region                 0x0800019f   Thumb Code     2  heapauxi.o(.text)
    __rt_heap_expand$2region                 0x080001a1   Thumb Code     2  heapauxi.o(.text)
    __user_setup_stackheap                   0x080001a3   Thumb Code    62  sys_stackheap_outer.o(.text)
    exit                                     0x080001e1   Thumb Code    16  exit.o(.text)
    __user_libspace                          0x080001f1   Thumb Code     8  libspace.o(.text)
    __user_perproc_libspace                  0x080001f1   Thumb Code     0  libspace.o(.text)
    __user_perthread_libspace                0x080001f1   Thumb Code     0  libspace.o(.text)
    _sys_exit                                0x080001f9   Thumb Code     8  sys_exit.o(.text)
    __I$use$semihosting                      0x08000205   Thumb Code     0  use_no_semi.o(.text)
    __use_no_semihosting_swi                 0x08000205   Thumb Code     2  use_no_semi.o(.text)
    __semihosting_library_function           0x08000207   Thumb Code     0  indicate_semi.o(.text)
    GPIO_Config                              0x08000209   Thumb Code    52  config.o(.text.GPIO_Config)
    LED_Toggle                               0x08000245   Thumb Code    36  led.o(.text.LED_Toggle)
    SysClock_Config                          0x08000271   Thumb Code   100  config.o(.text.SysClock_Config)
    SystemInit                               0x080002e1   Thumb Code    12  system_stm32c0xx.o(.text.SystemInit)
    Timer_Config                             0x080002f1   Thumb Code    64  config.o(.text.Timer_Config)
    UART2_Config                             0x08000339   Thumb Code   100  usart.o(.text.UART2_Config)
    UART2_PutS                               0x080003ad   Thumb Code    72  usart.o(.text.UART2_PutS)
    delay_ms                                 0x080003f9   Thumb Code    56  config.o(.text.delay_ms)
    main                                     0x08000435   Thumb Code    48  main.o(.text.main)
    Region$$Table$$Base                      0x08000474   Number         0  anon$$obj.o(Region$$Table)
    Region$$Table$$Limit                     0x08000484   Number         0  anon$$obj.o(Region$$Table)
    __libspace_start                         0x20000000   Data          96  libspace.o(.bss)
    __temporary_stack_top$libspace           0x20000060   Data           0  libspace.o(.bss)



==============================================================================

Memory Map of the image

  Image Entry point : 0x080000c1

  Load Region LR_IROM1 (Base: 0x08000000, Size: 0x00000484, Max: 0x00008000, ABSOLUTE)

    Execution Region ER_IROM1 (Exec base: 0x08000000, Load base: 0x08000000, Size: 0x00000484, Max: 0x00008000, ABSOLUTE)

    Exec Addr    Load Addr    Size         Type   Attr      Idx    E Section Name        Object

    0x08000000   0x08000000   0x000000c0   Data   RO            3    RESET               startup_stm32c031xx.o
    0x080000c0   0x080000c0   0x00000008   Code   RO          480  * !!!main             c_p.l(__main.o)
    0x080000c8   0x080000c8   0x00000054   Code   RO          657    !!!scatter          c_p.l(__scatter.o)
    0x0800011c   0x0800011c   0x00000002   Code   RO          658    !!handler_null      c_p.l(__scatter.o)
    0x0800011e   0x0800011e   0x00000002   PAD
    0x08000120   0x08000120   0x0000001c   Code   RO          661    !!handler_zi        c_p.l(__scatter_zi.o)
    0x0800013c   0x0800013c   0x00000002   Code   RO          518    .ARM.Collect$$libinit$$00000000  c_p.l(libinit.o)
    0x0800013e   0x0800013e   0x00000000   Code   RO          532    .ARM.Collect$$libinit$$00000002  c_p.l(libinit2.o)
    0x0800013e   0x0800013e   0x00000000   Code   RO          534    .ARM.Collect$$libinit$$00000004  c_p.l(libinit2.o)
    0x0800013e   0x0800013e   0x00000000   Code   RO          536    .ARM.Collect$$libinit$$00000006  c_p.l(libinit2.o)
    0x0800013e   0x0800013e   0x00000000   Code   RO          539    .ARM.Collect$$libinit$$0000000C  c_p.l(libinit2.o)
    0x0800013e   0x0800013e   0x00000000   Code   RO          541    .ARM.Collect$$libinit$$0000000E  c_p.l(libinit2.o)
    0x0800013e   0x0800013e   0x00000000   Code   RO          543    .ARM.Collect$$libinit$$00000010  c_p.l(libinit2.o)
    0x0800013e   0x0800013e   0x00000000   Code   RO          546    .ARM.Collect$$libinit$$00000013  c_p.l(libinit2.o)
    0x0800013e   0x0800013e   0x00000000   Code   RO          548    .ARM.Collect$$libinit$$00000015  c_p.l(libinit2.o)
    0x0800013e   0x0800013e   0x00000000   Code   RO          550    .ARM.Collect$$libinit$$00000017  c_p.l(libinit2.o)
    0x0800013e   0x0800013e   0x00000000   Code   RO          552    .ARM.Collect$$libinit$$00000019  c_p.l(libinit2.o)
    0x0800013e   0x0800013e   0x00000000   Code   RO          554    .ARM.Collect$$libinit$$0000001B  c_p.l(libinit2.o)
    0x0800013e   0x0800013e   0x00000000   Code   RO          556    .ARM.Collect$$libinit$$0000001D  c_p.l(libinit2.o)
    0x0800013e   0x0800013e   0x00000000   Code   RO          558    .ARM.Collect$$libinit$$0000001F  c_p.l(libinit2.o)
    0x0800013e   0x0800013e   0x00000000   Code   RO          560    .ARM.Collect$$libinit$$00000021  c_p.l(libinit2.o)
    0x0800013e   0x0800013e   0x00000000   Code   RO          562    .ARM.Collect$$libinit$$00000023  c_p.l(libinit2.o)
    0x0800013e   0x0800013e   0x00000000   Code   RO          564    .ARM.Collect$$libinit$$00000025  c_p.l(libinit2.o)
    0x0800013e   0x0800013e   0x00000000   Code   RO          566    .ARM.Collect$$libinit$$00000027  c_p.l(libinit2.o)
    0x0800013e   0x0800013e   0x00000000   Code   RO          570    .ARM.Collect$$libinit$$0000002E  c_p.l(libinit2.o)
    0x0800013e   0x0800013e   0x00000000   Code   RO          572    .ARM.Collect$$libinit$$00000030  c_p.l(libinit2.o)
    0x0800013e   0x0800013e   0x00000000   Code   RO          574    .ARM.Collect$$libinit$$00000032  c_p.l(libinit2.o)
    0x0800013e   0x0800013e   0x00000000   Code   RO          576    .ARM.Collect$$libinit$$00000034  c_p.l(libinit2.o)
    0x0800013e   0x0800013e   0x00000002   Code   RO          577    .ARM.Collect$$libinit$$00000035  c_p.l(libinit2.o)
    0x08000140   0x08000140   0x00000002   Code   RO          612    .ARM.Collect$$libshutdown$$00000000  c_p.l(libshutdown.o)
    0x08000142   0x08000142   0x00000000   Code   RO          640    .ARM.Collect$$libshutdown$$00000002  c_p.l(libshutdown2.o)
    0x08000142   0x08000142   0x00000000   Code   RO          642    .ARM.Collect$$libshutdown$$00000004  c_p.l(libshutdown2.o)
    0x08000142   0x08000142   0x00000000   Code   RO          645    .ARM.Collect$$libshutdown$$00000007  c_p.l(libshutdown2.o)
    0x08000142   0x08000142   0x00000000   Code   RO          648    .ARM.Collect$$libshutdown$$0000000A  c_p.l(libshutdown2.o)
    0x08000142   0x08000142   0x00000000   Code   RO          650    .ARM.Collect$$libshutdown$$0000000C  c_p.l(libshutdown2.o)
    0x08000142   0x08000142   0x00000000   Code   RO          653    .ARM.Collect$$libshutdown$$0000000F  c_p.l(libshutdown2.o)
    0x08000142   0x08000142   0x00000002   Code   RO          654    .ARM.Collect$$libshutdown$$00000010  c_p.l(libshutdown2.o)
    0x08000144   0x08000144   0x00000000   Code   RO          482    .ARM.Collect$$rtentry$$00000000  c_p.l(__rtentry.o)
    0x08000144   0x08000144   0x00000000   Code   RO          488    .ARM.Collect$$rtentry$$00000002  c_p.l(__rtentry2.o)
    0x08000144   0x08000144   0x00000006   Code   RO          500    .ARM.Collect$$rtentry$$00000004  c_p.l(__rtentry4.o)
    0x0800014a   0x0800014a   0x00000000   Code   RO          490    .ARM.Collect$$rtentry$$00000009  c_p.l(__rtentry2.o)
    0x0800014a   0x0800014a   0x00000004   Code   RO          491    .ARM.Collect$$rtentry$$0000000A  c_p.l(__rtentry2.o)
    0x0800014e   0x0800014e   0x00000000   Code   RO          493    .ARM.Collect$$rtentry$$0000000C  c_p.l(__rtentry2.o)
    0x0800014e   0x0800014e   0x00000008   Code   RO          494    .ARM.Collect$$rtentry$$0000000D  c_p.l(__rtentry2.o)
    0x08000156   0x08000156   0x00000002   Code   RO          523    .ARM.Collect$$rtexit$$00000000  c_p.l(rtexit.o)
    0x08000158   0x08000158   0x00000000   Code   RO          583    .ARM.Collect$$rtexit$$00000002  c_p.l(rtexit2.o)
    0x08000158   0x08000158   0x00000004   Code   RO          584    .ARM.Collect$$rtexit$$00000003  c_p.l(rtexit2.o)
    0x0800015c   0x0800015c   0x00000006   Code   RO          585    .ARM.Collect$$rtexit$$00000004  c_p.l(rtexit2.o)
    0x08000162   0x08000162   0x00000002   PAD
    0x08000164   0x08000164   0x00000038   Code   RO            4    .text               startup_stm32c031xx.o
    0x0800019c   0x0800019c   0x00000006   Code   RO          478    .text               c_p.l(heapauxi.o)
    0x080001a2   0x080001a2   0x0000003e   Code   RO          504    .text               c_p.l(sys_stackheap_outer.o)
    0x080001e0   0x080001e0   0x00000010   Code   RO          507    .text               c_p.l(exit.o)
    0x080001f0   0x080001f0   0x00000008   Code   RO          519    .text               c_p.l(libspace.o)
    0x080001f8   0x080001f8   0x0000000c   Code   RO          578    .text               c_p.l(sys_exit.o)
    0x08000204   0x08000204   0x00000002   Code   RO          601    .text               c_p.l(use_no_semi.o)
    0x08000206   0x08000206   0x00000000   Code   RO          603    .text               c_p.l(indicate_semi.o)
    0x08000206   0x08000206   0x00000002   PAD
    0x08000208   0x08000208   0x0000003c   Code   RO           22    .text.GPIO_Config   config.o
    0x08000244   0x08000244   0x0000002c   Code   RO           52    .text.LED_Toggle    led.o
    0x08000270   0x08000270   0x00000070   Code   RO           20    .text.SysClock_Config  config.o
    0x080002e0   0x080002e0   0x00000010   Code   RO          454    .text.SystemInit    system_stm32c0xx.o
    0x080002f0   0x080002f0   0x00000048   Code   RO           24    .text.Timer_Config  config.o
    0x08000338   0x08000338   0x00000074   Code   RO           38    .text.UART2_Config  usart.o
    0x080003ac   0x080003ac   0x0000004c   Code   RO           42    .text.UART2_PutS    usart.o
    0x080003f8   0x080003f8   0x0000003c   Code   RO           28    .text.delay_ms      config.o
    0x08000434   0x08000434   0x00000040   Code   RO           11    .text.main          main.o
    0x08000474   0x08000474   0x00000010   Data   RO          656    Region$$Table       anon$$obj.o


    Execution Region RW_IRAM1 (Exec base: 0x20000000, Load base: 0x08000484, Size: 0x00000668, Max: 0x00003000, ABSOLUTE)

    Exec Addr    Load Addr    Size         Type   Attr      Idx    E Section Name        Object

    0x20000000        -       0x00000060   Zero   RW          520    .bss                c_p.l(libspace.o)
    0x20000060        -       0x00000001   Zero   RW           54    .bss.status         led.o
    0x20000061   0x08000484   0x00000007   PAD
    0x20000068        -       0x00000200   Zero   RW            2    HEAP                startup_stm32c031xx.o
    0x20000268        -       0x00000400   Zero   RW            1    STACK               startup_stm32c031xx.o


==============================================================================

Image component sizes


      Code (inc. data)   RO Data    RW Data    ZI Data      Debug   Object Name

       304         32          0          0          0       3202   config.o
        44          8          0          0          1       1018   led.o
        64         16          0          0          0        547   main.o
        56         26        192          0       1536        680   startup_stm32c031xx.o
        16          4          0          0          0       1974   system_stm32c0xx.o
       192         20          0          0          0       2304   usart.o

    ----------------------------------------------------------------------
       676        106        208          0       1544       9725   Object Totals
         0          0         16          0          0          0   (incl. Generated)
         0          0          0          0          7          0   (incl. Padding)

    ----------------------------------------------------------------------

      Code (inc. data)   RO Data    RW Data    ZI Data      Debug   Library Member Name

         8          0          0          0          0         68   __main.o
         0          0          0          0          0          0   __rtentry.o
        12          0          0          0          0          0   __rtentry2.o
         6          0          0          0          0          0   __rtentry4.o
        86         10          0          0          0          0   __scatter.o
        28          0          0          0          0          0   __scatter_zi.o
        16          0          0          0          0         68   exit.o
         6          0          0          0          0        136   heapauxi.o
         0          0          0          0          0          0   indicate_semi.o
         2          0          0          0          0          0   libinit.o
         2          0          0          0          0          0   libinit2.o
         2          0          0          0          0          0   libshutdown.o
         2          0          0          0          0          0   libshutdown2.o
         8          4          0          0         96         68   libspace.o
         2          0          0          0          0          0   rtexit.o
        10          0          0          0          0          0   rtexit2.o
        12          4          0          0          0         60   sys_exit.o
        62          0          0          0          0         80   sys_stackheap_outer.o
         2          0          0          0          0         68   use_no_semi.o

    ----------------------------------------------------------------------
       272         18          0          0         96        548   Library Totals
         6          0          0          0          0          0   (incl. Padding)

    ----------------------------------------------------------------------

      Code (inc. data)   RO Data    RW Data    ZI Data      Debug   Library Name

       266         18          0          0         96        548   c_p.l

    ----------------------------------------------------------------------
       272         18          0          0         96        548   Library Totals

    ----------------------------------------------------------------------

==============================================================================


      Code (inc. data)   RO Data    RW Data    ZI Data      Debug   

       948        124        208          0       1640      10101   Grand Totals
       948        124        208          0       1640      10101   ELF Image Totals
       948        124        208          0          0          0   ROM Totals

==============================================================================

    Total RO  Size (Code + RO Data)                 1156 (   1.13kB)
    Total RW  Size (RW Data + ZI Data)              1640 (   1.60kB)
    Total ROM Size (Code + RO Data + RW Data)       1156 (   1.13kB)

==============================================================================

